== start Wed Sep  9 08:52:12 PM UTC 2026 HEAD d5cb9c5 role pilot seal 
{"world": "g_a0_d64", "rows": 72, "rank_eff": 3.64, "null": 23.86, "jac_same": 0.338, "jac_diff": 0.169, "seconds": 4.8}
{"world": "g_a0_d128", "rows": 72, "rank_eff": 4.94, "null": 23.86, "jac_same": 0.291, "jac_diff": 0.121, "seconds": 5.0}
{"world": "g_a05_d32", "rows": 72, "rank_eff": 2.68, "null": 23.86, "jac_same": 0.397, "jac_diff": 0.228, "seconds": 4.5}
{"world": "g_a05_d64", "rows": 82, "rank_eff": 3.64, "null": 23.87, "jac_same": 0.337, "jac_diff": 0.166, "seconds": 7.1}
{"world": "g_a1_d64", "rows": 72, "rank_eff": 3.41, "null": 23.86, "jac_same": 0.335, "jac_diff": 0.167, "seconds": 4.5}
{"world": "g_a1_d128", "rows": 72, "rank_eff": 4.07, "null": 23.86, "jac_same": 0.302, "jac_diff": 0.131, "seconds": 4.9}
{"world": "cube_d32", "rows": 72, "rank_eff": 3.43, "null": 23.87, "jac_same": 0.353, "jac_diff": 0.175, "seconds": 4.3}
{"world": "cube_d128", "rows": 72, "rank_eff": 6.44, "null": 23.88, "jac_same": 0.252, "jac_diff": 0.085, "seconds": 5.0}
{"world": "ball_d64", "rows": 72, "rank_eff": 10.46, "null": 23.87, "jac_same": 0.217, "jac_diff": 0.053, "seconds": 4.5}
{"world": "ball_d128", "rows": 72, "rank_eff": 13.81, "null": 23.89, "jac_same": 0.192, "jac_diff": 0.029, "seconds": 5.0}
{"world": "t5_d32", "rows": 72, "rank_eff": 2.21, "null": 23.85, "jac_same": 0.455, "jac_diff": 0.294, "seconds": 4.6}
{"world": "t5_d128", "rows": 72, "rank_eff": 2.79, "null": 23.86, "jac_same": 0.457, "jac_diff": 0.262, "seconds": 4.7}
{"world": "mix4_d64", "rows": 72, "rank_eff": 3.97, "null": 23.87, "jac_same": 0.321, "jac_diff": 0.141, "seconds": 4.6}
{"world": "sub_m4_d64", "rows": 72, "rank_eff": 2.98, "null": 23.88, "jac_same": 0.233, "jac_diff": 0.064, "seconds": 4.6}
{"world": "sub_m8_d64", "rows": 72, "rank_eff": 2.11, "null": 23.85, "jac_same": 0.272, "jac_diff": 0.103, "seconds": 4.5}
{"world": "sub_m16_d128", "rows": 72, "rank_eff": 2.12, "null": 23.85, "jac_same": 0.415, "jac_diff": 0.263, "seconds": 4.9}
{"world": "fou_m4_d64", "rows": 72, "rank_eff": 3.22, "null": 23.84, "jac_same": 0.249, "jac_diff": 0.064, "seconds": 4.6}
{"world": "fou_m8_d128", "rows": 72, "rank_eff": 3.22, "null": 23.86, "jac_same": 0.255, "jac_diff": 0.077, "seconds": 4.9}
{"world": "fou_m16_d64", "rows": 72, "rank_eff": 3.61, "null": 23.88, "jac_same": 0.342, "jac_diff": 0.161, "seconds": 4.6}
{"world": "tor_m4_d64", "rows": 72, "rank_eff": 4.34, "null": 23.85, "jac_same": 0.267, "jac_diff": 0.082, "seconds": 4.5}
{"world": "tor_m8_d128", "rows": 72, "rank_eff": 7.4, "null": 23.88, "jac_same": 0.221, "jac_diff": 0.049, "seconds": 4.9}
{"world": "tor_m16_d64", "rows": 72, "rank_eff": 12.11, "null": 23.86, "jac_same": 0.191, "jac_diff": 0.023, "seconds": 4.5}
{"world": "roll_d64", "rows": 72, "rank_eff": 3.47, "null": 23.86, "jac_same": 0.26, "jac_diff": 0.079, "seconds": 4.4}
{"world": "roll_d128", "rows": 72, "rank_eff": 3.99, "null": 23.87, "jac_same": 0.258, "jac_diff": 0.074, "seconds": 4.9}
{"world": "g_a05_d64_N2000", "rows": 72, "rank_eff": 3.66, "null": 23.74, "jac_same": 0.339, "jac_diff": 0.161, "seconds": 1.4}
{"world": "cube_d256", "rows": 72, "rank_eff": 7.86, "null": 23.87, "jac_same": 0.228, "jac_diff": 0.067, "seconds": 6.0}
{"world": "g_a0_d256", "rows": 72, "rank_eff": 6.5, "null": 23.86, "jac_same": 0.257, "jac_diff": 0.086, "seconds": 6.0}
{"world": "g_a1_d256", "rows": 72, "rank_eff": 4.58, "null": 23.87, "jac_same": 0.292, "jac_diff": 0.118, "seconds": 6.1}
{"world": "t3_d64", "rows": 72, "rank_eff": 2.51, "null": 23.87, "jac_same": 0.444, "jac_diff": 0.282, "seconds": 4.7}
{"world": "t3_d128", "rows": 72, "rank_eff": 2.83, "null": 23.87, "jac_same": 0.455, "jac_diff": 0.248, "seconds": 5.2}
{"world": "lap_d64", "rows": 72, "rank_eff": 3.07, "null": 23.87, "jac_same": 0.407, "jac_diff": 0.216, "seconds": 4.7}
{"world": "t4_d192", "rows": 72, "rank_eff": 3.0, "null": 23.86, "jac_same": 0.453, "jac_diff": 0.225, "seconds": 5.7}
{"world": "lap_d128", "rows": 72, "rank_eff": 4.19, "null": 23.85, "jac_same": 0.324, "jac_diff": 0.137, "seconds": 5.0}
{"world": "t3_d256", "rows": 72, "rank_eff": 3.09, "null": 23.86, "jac_same": 0.458, "jac_diff": 0.212, "seconds": 5.9}
{"world": "t5_d256", "rows": 72, "rank_eff": 3.07, "null": 23.87, "jac_same": 0.449, "jac_diff": 0.192, "seconds": 5.9}
{"world": "lap_d192", "rows": 72, "rank_eff": 4.69, "null": 23.88, "jac_same": 0.315, "jac_diff": 0.133, "seconds": 5.4}
{"world": "lap_d256", "rows": 72, "rank_eff": 5.19, "null": 23.88, "jac_same": 0.3, "jac_diff": 0.115, "seconds": 5.8}
{"world": "h_g_a025_d48", "rows": 36, "rank_eff": 2.64, "null": 11.96, "jac_same": 0.363, "jac_diff": 0.199, "seconds": 2.2}
{"world": "h_t3_d96", "rows": 36, "rank_eff": 2.38, "null": 11.96, "jac_same": 0.483, "jac_diff": 0.265, "seconds": 2.4}
{"world": "h_ball_d96", "rows": 36, "rank_eff": 8.06, "null": 11.96, "jac_same": 0.133, "jac_diff": 0.031, "seconds": 2.3}
{"world": "h_mix8_d48", "rows": 36, "rank_eff": 3.22, "null": 11.96, "jac_same": 0.314, "jac_diff": 0.143, "seconds": 2.2}
{"world": "h_sub_m6_d96", "rows": 36, "rank_eff": 2.05, "null": 11.97, "jac_same": 0.197, "jac_diff": 0.042, "seconds": 2.3}
{"world": "h_fou_m12_d96", "rows": 36, "rank_eff": 3.56, "null": 11.97, "jac_same": 0.317, "jac_diff": 0.134, "seconds": 2.4}
{"world": "h_tor_m6_d48", "rows": 36, "rank_eff": 5.22, "null": 11.96, "jac_same": 0.165, "jac_diff": 0.04, "seconds": 2.3}
{"world": "h_sub_m8_d64_noisy", "rows": 36, "rank_eff": 1.87, "null": 11.96, "jac_same": 0.238, "jac_diff": 0.094, "seconds": 2.2}
{"world": "h_g_a05_d192", "rows": 36, "rank_eff": 4.61, "null": 11.97, "jac_same": 0.257, "jac_diff": 0.075, "seconds": 2.6}
{"law": {"target": "skew", "features": ["inv_cv_knn", "log_d_nom_x_log_k", "sqrt_id_twonn"], "coef": [-0.39938967542739295, -0.012986491635637032, -0.03712313217701006, 0.3582661148395372], "transform": "log1p", "train_rmse": 1.5039762653325077, "heldout_rmse": 0.9390503689530149, "n_terms": 3}, "competitor": {"target": "skew", "features": ["inv_d_nom", "log_d_nom", "log_kN"], "coef": [-21.983581864888496, 224.77677204736332, 4.073700218330373, -0.4965718595389603], "transform": "identity", "train_rmse": 3.37178692080296, "heldout_rmse": 2.717413291167715, "n_terms": 3}}
== PILOT_DONE rc=0
