== start Wed Sep  9 08:59:43 PM UTC 2026 HEAD ad0f591 role run seal c577cc6d5a8b32f3eb441e31dd3a2829fea7b638
{"world": "g_a0_d64", "rows": 72, "rank_eff": 3.67, "null": 23.86, "jac_same": 0.33, "jac_diff": 0.161, "seconds": 4.9}
{"world": "g_a0_d128", "rows": 72, "rank_eff": 5.05, "null": 23.89, "jac_same": 0.282, "jac_diff": 0.113, "seconds": 5.0}
{"world": "g_a05_d32", "rows": 72, "rank_eff": 2.63, "null": 23.86, "jac_same": 0.399, "jac_diff": 0.224, "seconds": 4.5}
{"world": "g_a05_d64", "rows": 82, "rank_eff": 3.56, "null": 23.87, "jac_same": 0.348, "jac_diff": 0.17, "seconds": 7.1}
{"world": "g_a1_d64", "rows": 72, "rank_eff": 3.36, "null": 23.86, "jac_same": 0.341, "jac_diff": 0.172, "seconds": 4.5}
{"world": "g_a1_d128", "rows": 72, "rank_eff": 3.97, "null": 23.86, "jac_same": 0.304, "jac_diff": 0.137, "seconds": 5.0}
{"world": "cube_d32", "rows": 72, "rank_eff": 3.35, "null": 23.89, "jac_same": 0.361, "jac_diff": 0.177, "seconds": 4.5}
{"world": "cube_d128", "rows": 72, "rank_eff": 6.57, "null": 23.88, "jac_same": 0.24, "jac_diff": 0.077, "seconds": 5.0}
{"world": "ball_d64", "rows": 72, "rank_eff": 10.47, "null": 23.88, "jac_same": 0.216, "jac_diff": 0.052, "seconds": 4.6}
{"world": "ball_d128", "rows": 72, "rank_eff": 13.91, "null": 23.85, "jac_same": 0.19, "jac_diff": 0.029, "seconds": 5.0}
{"world": "t5_d32", "rows": 72, "rank_eff": 2.19, "null": 23.87, "jac_same": 0.445, "jac_diff": 0.286, "seconds": 4.4}
{"world": "t5_d128", "rows": 72, "rank_eff": 2.81, "null": 23.88, "jac_same": 0.462, "jac_diff": 0.245, "seconds": 4.9}
{"world": "mix4_d64", "rows": 72, "rank_eff": 4.0, "null": 23.86, "jac_same": 0.321, "jac_diff": 0.147, "seconds": 4.5}
{"world": "sub_m4_d64", "rows": 72, "rank_eff": 3.03, "null": 23.86, "jac_same": 0.244, "jac_diff": 0.06, "seconds": 4.5}
{"world": "sub_m8_d64", "rows": 72, "rank_eff": 2.05, "null": 23.86, "jac_same": 0.28, "jac_diff": 0.104, "seconds": 4.6}
{"world": "sub_m16_d128", "rows": 72, "rank_eff": 2.1, "null": 23.87, "jac_same": 0.431, "jac_diff": 0.262, "seconds": 4.9}
{"world": "fou_m4_d64", "rows": 72, "rank_eff": 3.14, "null": 23.87, "jac_same": 0.237, "jac_diff": 0.058, "seconds": 4.7}
{"world": "fou_m8_d128", "rows": 72, "rank_eff": 2.91, "null": 23.87, "jac_same": 0.277, "jac_diff": 0.101, "seconds": 5.1}
{"world": "fou_m16_d64", "rows": 72, "rank_eff": 3.71, "null": 23.86, "jac_same": 0.333, "jac_diff": 0.155, "seconds": 4.5}
{"world": "tor_m4_d64", "rows": 72, "rank_eff": 4.34, "null": 23.89, "jac_same": 0.282, "jac_diff": 0.098, "seconds": 4.6}
{"world": "tor_m8_d128", "rows": 72, "rank_eff": 7.35, "null": 23.86, "jac_same": 0.222, "jac_diff": 0.045, "seconds": 5.0}
{"world": "tor_m16_d64", "rows": 72, "rank_eff": 12.27, "null": 23.87, "jac_same": 0.191, "jac_diff": 0.023, "seconds": 4.6}
{"world": "roll_d64", "rows": 72, "rank_eff": 3.41, "null": 23.85, "jac_same": 0.266, "jac_diff": 0.091, "seconds": 4.5}
{"world": "roll_d128", "rows": 72, "rank_eff": 3.95, "null": 23.88, "jac_same": 0.246, "jac_diff": 0.067, "seconds": 5.0}
{"world": "g_a05_d64_N2000", "rows": 72, "rank_eff": 3.73, "null": 23.74, "jac_same": 0.32, "jac_diff": 0.145, "seconds": 1.3}
{"world": "cube_d256", "rows": 72, "rank_eff": 7.88, "null": 23.86, "jac_same": 0.23, "jac_diff": 0.064, "seconds": 5.9}
{"world": "g_a0_d256", "rows": 72, "rank_eff": 6.47, "null": 23.87, "jac_same": 0.258, "jac_diff": 0.085, "seconds": 6.0}
{"world": "g_a1_d256", "rows": 72, "rank_eff": 4.52, "null": 23.83, "jac_same": 0.29, "jac_diff": 0.126, "seconds": 5.9}
{"world": "t3_d64", "rows": 72, "rank_eff": 2.57, "null": 23.85, "jac_same": 0.433, "jac_diff": 0.264, "seconds": 4.7}
{"world": "t3_d128", "rows": 72, "rank_eff": 2.84, "null": 23.88, "jac_same": 0.449, "jac_diff": 0.243, "seconds": 5.0}
{"world": "lap_d64", "rows": 72, "rank_eff": 3.09, "null": 23.87, "jac_same": 0.384, "jac_diff": 0.195, "seconds": 4.5}
{"world": "t4_d192", "rows": 72, "rank_eff": 3.02, "null": 23.87, "jac_same": 0.449, "jac_diff": 0.206, "seconds": 5.6}
{"world": "lap_d128", "rows": 72, "rank_eff": 4.02, "null": 23.88, "jac_same": 0.331, "jac_diff": 0.149, "seconds": 5.1}
{"world": "t3_d256", "rows": 72, "rank_eff": 3.06, "null": 23.88, "jac_same": 0.457, "jac_diff": 0.228, "seconds": 6.0}
{"world": "t5_d256", "rows": 72, "rank_eff": 3.1, "null": 23.87, "jac_same": 0.442, "jac_diff": 0.215, "seconds": 5.9}
{"world": "lap_d192", "rows": 72, "rank_eff": 4.62, "null": 23.86, "jac_same": 0.326, "jac_diff": 0.142, "seconds": 5.4}
{"world": "lap_d256", "rows": 72, "rank_eff": 5.08, "null": 23.85, "jac_same": 0.302, "jac_diff": 0.114, "seconds": 5.9}
{"world": "h_g_a025_d48", "rows": 36, "rank_eff": 2.74, "null": 11.97, "jac_same": 0.346, "jac_diff": 0.166, "seconds": 2.2}
{"world": "h_t3_d96", "rows": 36, "rank_eff": 2.34, "null": 11.97, "jac_same": 0.485, "jac_diff": 0.267, "seconds": 2.4}
{"world": "h_ball_d96", "rows": 36, "rank_eff": 8.02, "null": 11.97, "jac_same": 0.13, "jac_diff": 0.031, "seconds": 2.4}
{"world": "h_mix8_d48", "rows": 36, "rank_eff": 3.25, "null": 11.97, "jac_same": 0.296, "jac_diff": 0.132, "seconds": 2.2}
{"world": "h_sub_m6_d96", "rows": 36, "rank_eff": 1.98, "null": 11.97, "jac_same": 0.177, "jac_diff": 0.044, "seconds": 2.5}
{"world": "h_fou_m12_d96", "rows": 36, "rank_eff": 3.6, "null": 11.97, "jac_same": 0.31, "jac_diff": 0.128, "seconds": 2.4}
{"world": "h_tor_m6_d48", "rows": 36, "rank_eff": 5.48, "null": 11.97, "jac_same": 0.147, "jac_diff": 0.029, "seconds": 2.3}
{"world": "h_sub_m8_d64_noisy", "rows": 36, "rank_eff": 1.88, "null": 11.97, "jac_same": 0.214, "jac_diff": 0.104, "seconds": 2.3}
{"world": "h_g_a05_d192", "rows": 36, "rank_eff": 4.43, "null": 11.97, "jac_same": 0.274, "jac_diff": 0.093, "seconds": 2.7}
{"world": "u_lognormal_d64", "rows": 72, "rank_eff": 3.0, "null": 23.87, "jac_same": 0.371, "jac_diff": 0.194, "seconds": 4.8}
{"world": "u_shell_d64", "rows": 72, "rank_eff": 14.43, "null": 23.85, "jac_same": 0.186, "jac_diff": 0.022, "seconds": 4.6}
{"world": "u_twoscale_d64", "rows": 72, "rank_eff": 4.02, "null": 23.88, "jac_same": 0.323, "jac_diff": 0.143, "seconds": 4.6}
{"world": "u_t25_d32", "rows": 72, "rank_eff": 2.39, "null": 23.89, "jac_same": 0.429, "jac_diff": 0.279, "seconds": 4.6}
{"world": "u_sub_m12_d256", "rows": 72, "rank_eff": 1.95, "null": 23.87, "jac_same": 0.415, "jac_diff": 0.263, "seconds": 6.0}
{"world": "u_fou_m6_d256", "rows": 72, "rank_eff": 2.83, "null": 23.88, "jac_same": 0.254, "jac_diff": 0.065, "seconds": 6.0}
{"world": "u_fou_m24_d128", "rows": 72, "rank_eff": 4.89, "null": 23.86, "jac_same": 0.281, "jac_diff": 0.115, "seconds": 4.9}
{"world": "u_tor_m10_d64_clean", "rows": 72, "rank_eff": 8.28, "null": 23.86, "jac_same": 0.215, "jac_diff": 0.041, "seconds": 4.6}
{"world": "u_cube_d512", "rows": 72, "rank_eff": 9.53, "null": 23.86, "jac_same": 0.215, "jac_diff": 0.05, "seconds": 8.5}
{"world": "u_g_a0_d512", "rows": 72, "rank_eff": 7.82, "null": 23.87, "jac_same": 0.239, "jac_diff": 0.063, "seconds": 8.4}
{"world": "u_t4_d256", "rows": 72, "rank_eff": 3.07, "null": 23.85, "jac_same": 0.447, "jac_diff": 0.21, "seconds": 6.1}
{"world": "u_laplace_d224", "rows": 72, "rank_eff": 5.03, "null": 23.87, "jac_same": 0.308, "jac_diff": 0.123, "seconds": 5.6}
{"world": "u_t25_d128", "rows": 72, "rank_eff": 2.87, "null": 23.83, "jac_same": 0.455, "jac_diff": 0.254, "seconds": 4.8}
{"world": "u_lognormal_d192", "rows": 72, "rank_eff": 4.49, "null": 23.87, "jac_same": 0.303, "jac_diff": 0.126, "seconds": 5.4}
{"world": "u_t6_d192", "rows": 72, "rank_eff": 3.03, "null": 23.88, "jac_same": 0.444, "jac_diff": 0.228, "seconds": 5.4}
{"world": "r_wiki1024", "rows": 82, "rank_eff": 5.79, "null": 23.84, "jac_same": 0.272, "jac_diff": 0.077, "seconds": 21.0}
{"world": "r_sift128", "rows": 72, "rank_eff": 4.22, "null": 23.88, "jac_same": 0.308, "jac_diff": 0.126, "seconds": 5.1}
{"world": "r_wiki1024_b", "rows": 72, "rank_eff": 6.01, "null": 23.87, "jac_same": 0.264, "jac_diff": 0.073, "seconds": 16.7}
{"world": "r_siftq128", "rows": 72, "rank_eff": 4.33, "null": 23.87, "jac_same": 0.309, "jac_diff": 0.122, "seconds": 4.9}
{"world": "s_g_a05_d64_N16000", "rows": 36, "rank_eff": 3.11, "null": 11.99, "jac_same": 0.364, "jac_diff": 0.188, "seconds": 33.3}
{"world": "s_t5_d64_N16000", "rows": 36, "rank_eff": 2.47, "null": 11.99, "jac_same": 0.443, "jac_diff": 0.266, "seconds": 33.1}
{"world": "s_fou_m8_d64_N16000", "rows": 36, "rank_eff": 2.67, "null": 11.99, "jac_same": 0.267, "jac_diff": 0.086, "seconds": 32.8}
{"world": "s_wiki1024_N12000", "rows": 36, "rank_eff": 5.03, "null": 11.99, "jac_same": 0.273, "jac_diff": 0.086, "seconds": 36.9}
{"world": "s_sift128_N16000", "rows": 36, "rank_eff": 3.55, "null": 11.99, "jac_same": 0.319, "jac_diff": 0.136, "seconds": 33.5}
{"world": "s_t3_d64_N16000", "rows": 36, "rank_eff": 2.6, "null": 11.99, "jac_same": 0.428, "jac_diff": 0.251, "seconds": 31.6}
{"world": "s_lap_d64_N12000", "rows": 36, "rank_eff": 2.7, "null": 11.99, "jac_same": 0.416, "jac_diff": 0.233, "seconds": 19.0}
{"world": "s_t4_d128_N12000", "rows": 36, "rank_eff": 2.79, "null": 11.99, "jac_same": 0.445, "jac_diff": 0.226, "seconds": 19.7}
== RUN_DONE rc=0
