== start Wed Sep  9 07:44:34 PM UTC 2026 HEAD 8741ab1 role pilot seal 
{"world": "g_a0_d64", "rows": 72, "rank_eff": 3.68, "null": 23.88, "jac_same": 0.328, "jac_diff": 0.155, "seconds": 4.8}
{"world": "g_a0_d128", "rows": 72, "rank_eff": 5.01, "null": 23.86, "jac_same": 0.297, "jac_diff": 0.118, "seconds": 5.0}
{"world": "g_a05_d32", "rows": 72, "rank_eff": 2.65, "null": 23.86, "jac_same": 0.393, "jac_diff": 0.224, "seconds": 4.3}
{"world": "g_a05_d64", "rows": 82, "rank_eff": 3.58, "null": 23.85, "jac_same": 0.33, "jac_diff": 0.159, "seconds": 7.2}
{"world": "g_a1_d64", "rows": 72, "rank_eff": 3.41, "null": 23.87, "jac_same": 0.33, "jac_diff": 0.161, "seconds": 4.5}
{"world": "g_a1_d128", "rows": 72, "rank_eff": 3.94, "null": 23.87, "jac_same": 0.31, "jac_diff": 0.144, "seconds": 4.9}
{"world": "cube_d32", "rows": 72, "rank_eff": 3.43, "null": 23.85, "jac_same": 0.353, "jac_diff": 0.178, "seconds": 4.3}
{"world": "cube_d128", "rows": 72, "rank_eff": 6.51, "null": 23.86, "jac_same": 0.248, "jac_diff": 0.08, "seconds": 4.9}
{"world": "ball_d64", "rows": 72, "rank_eff": 10.47, "null": 23.87, "jac_same": 0.219, "jac_diff": 0.057, "seconds": 4.6}
{"world": "ball_d128", "rows": 72, "rank_eff": 13.62, "null": 23.85, "jac_same": 0.193, "jac_diff": 0.033, "seconds": 5.0}
{"world": "t5_d32", "rows": 72, "rank_eff": 2.18, "null": 23.85, "jac_same": 0.454, "jac_diff": 0.294, "seconds": 4.4}
{"world": "t5_d128", "rows": 72, "rank_eff": 2.88, "null": 23.85, "jac_same": 0.461, "jac_diff": 0.247, "seconds": 5.2}
{"world": "mix4_d64", "rows": 72, "rank_eff": 4.01, "null": 23.86, "jac_same": 0.317, "jac_diff": 0.146, "seconds": 4.7}
{"world": "sub_m4_d64", "rows": 72, "rank_eff": 2.95, "null": 23.86, "jac_same": 0.236, "jac_diff": 0.061, "seconds": 4.5}
{"world": "sub_m8_d64", "rows": 72, "rank_eff": 2.08, "null": 23.87, "jac_same": 0.274, "jac_diff": 0.102, "seconds": 4.5}
{"world": "sub_m16_d128", "rows": 72, "rank_eff": 2.11, "null": 23.86, "jac_same": 0.424, "jac_diff": 0.261, "seconds": 5.1}
{"world": "fou_m4_d64", "rows": 72, "rank_eff": 3.21, "null": 23.87, "jac_same": 0.233, "jac_diff": 0.058, "seconds": 4.7}
{"world": "fou_m8_d128", "rows": 72, "rank_eff": 3.05, "null": 23.86, "jac_same": 0.273, "jac_diff": 0.093, "seconds": 4.9}
{"world": "fou_m16_d64", "rows": 72, "rank_eff": 3.64, "null": 23.86, "jac_same": 0.342, "jac_diff": 0.161, "seconds": 4.6}
{"world": "tor_m4_d64", "rows": 72, "rank_eff": 4.2, "null": 23.86, "jac_same": 0.282, "jac_diff": 0.097, "seconds": 4.5}
{"world": "tor_m8_d128", "rows": 72, "rank_eff": 7.26, "null": 23.87, "jac_same": 0.224, "jac_diff": 0.05, "seconds": 5.0}
{"world": "tor_m16_d64", "rows": 72, "rank_eff": 12.23, "null": 23.84, "jac_same": 0.191, "jac_diff": 0.023, "seconds": 4.6}
{"world": "roll_d64", "rows": 72, "rank_eff": 3.32, "null": 23.86, "jac_same": 0.26, "jac_diff": 0.08, "seconds": 4.4}
{"world": "roll_d128", "rows": 72, "rank_eff": 3.94, "null": 23.86, "jac_same": 0.256, "jac_diff": 0.077, "seconds": 4.9}
{"world": "g_a05_d64_N2000", "rows": 72, "rank_eff": 3.74, "null": 23.74, "jac_same": 0.335, "jac_diff": 0.158, "seconds": 1.3}
{"world": "cube_d256", "rows": 72, "rank_eff": 8.08, "null": 23.86, "jac_same": 0.228, "jac_diff": 0.062, "seconds": 6.0}
{"world": "g_a0_d256", "rows": 72, "rank_eff": 6.26, "null": 23.85, "jac_same": 0.266, "jac_diff": 0.091, "seconds": 5.9}
{"world": "g_a1_d256", "rows": 72, "rank_eff": 4.46, "null": 23.88, "jac_same": 0.297, "jac_diff": 0.123, "seconds": 6.0}
{"world": "t3_d64", "rows": 72, "rank_eff": 2.58, "null": 23.86, "jac_same": 0.454, "jac_diff": 0.27, "seconds": 4.6}
{"world": "t3_d128", "rows": 72, "rank_eff": 2.86, "null": 23.86, "jac_same": 0.435, "jac_diff": 0.233, "seconds": 5.1}
{"world": "lap_d64", "rows": 72, "rank_eff": 3.05, "null": 23.87, "jac_same": 0.393, "jac_diff": 0.212, "seconds": 4.5}
{"world": "h_g_a025_d48", "rows": 36, "rank_eff": 2.75, "null": 11.97, "jac_same": 0.342, "jac_diff": 0.174, "seconds": 2.2}
{"world": "h_t3_d96", "rows": 36, "rank_eff": 2.4, "null": 11.97, "jac_same": 0.484, "jac_diff": 0.252, "seconds": 2.5}
{"world": "h_ball_d96", "rows": 36, "rank_eff": 8.06, "null": 11.97, "jac_same": 0.119, "jac_diff": 0.032, "seconds": 2.4}
{"world": "h_mix8_d48", "rows": 36, "rank_eff": 3.23, "null": 11.97, "jac_same": 0.306, "jac_diff": 0.14, "seconds": 2.3}
{"world": "h_sub_m6_d96", "rows": 36, "rank_eff": 2.09, "null": 11.97, "jac_same": 0.158, "jac_diff": 0.037, "seconds": 2.4}
{"world": "h_fou_m12_d96", "rows": 36, "rank_eff": 3.66, "null": 11.97, "jac_same": 0.298, "jac_diff": 0.114, "seconds": 2.4}
{"world": "h_tor_m6_d48", "rows": 36, "rank_eff": 5.48, "null": 11.95, "jac_same": 0.144, "jac_diff": 0.025, "seconds": 2.2}
{"world": "h_sub_m8_d64_noisy", "rows": 36, "rank_eff": 1.86, "null": 11.97, "jac_same": 0.228, "jac_diff": 0.095, "seconds": 2.3}
{"world": "h_g_a05_d192", "rows": 36, "rank_eff": 4.54, "null": 11.97, "jac_same": 0.258, "jac_diff": 0.084, "seconds": 2.7}
{"law": {"target": "skew", "features": ["cv_r_x_sqrt_d_eff", "log_d_nom_x_log_k", "log_id_twonn"], "coef": [-1.0937946857408793, 0.16852132160750913, -0.03188415704240788, 0.7013760762316192], "transform": "log1p", "train_rmse": 1.0973967586866027, "heldout_rmse": 0.8114558678489382, "n_terms": 3}, "competitor": {"target": "skew", "features": ["log_d_nom", "log_d_nom_x_log_k", "log_k"], "coef": [-0.9876501394472241, 0.8221450733798437, -0.1376633285458757, 0.2548004373129423], "transform": "identity", "train_rmse": 2.5863008238659666, "heldout_rmse": 2.868729074833659, "n_terms": 3}}
== PILOT_DONE rc=0
