== start Wed Sep  9 07:49:49 PM UTC 2026 HEAD 349776c role run seal 810a2b198d6efda21461632f79240a7774aa2f3c
{"world": "g_a0_d64", "rows": 72, "rank_eff": 3.66, "null": 23.87, "jac_same": 0.343, "jac_diff": 0.163, "seconds": 4.6}
{"world": "g_a0_d128", "rows": 72, "rank_eff": 4.9, "null": 23.85, "jac_same": 0.293, "jac_diff": 0.12, "seconds": 5.0}
{"world": "g_a05_d32", "rows": 72, "rank_eff": 2.72, "null": 23.88, "jac_same": 0.391, "jac_diff": 0.217, "seconds": 4.5}
{"world": "g_a05_d64", "rows": 82, "rank_eff": 3.53, "null": 23.85, "jac_same": 0.348, "jac_diff": 0.171, "seconds": 7.1}
{"world": "g_a1_d64", "rows": 72, "rank_eff": 3.38, "null": 23.86, "jac_same": 0.332, "jac_diff": 0.162, "seconds": 4.6}
{"world": "g_a1_d128", "rows": 72, "rank_eff": 4.03, "null": 23.87, "jac_same": 0.308, "jac_diff": 0.142, "seconds": 4.9}
{"world": "cube_d32", "rows": 72, "rank_eff": 3.48, "null": 23.86, "jac_same": 0.344, "jac_diff": 0.169, "seconds": 4.4}
{"world": "cube_d128", "rows": 72, "rank_eff": 6.26, "null": 23.87, "jac_same": 0.254, "jac_diff": 0.087, "seconds": 5.0}
{"world": "ball_d64", "rows": 72, "rank_eff": 10.41, "null": 23.87, "jac_same": 0.219, "jac_diff": 0.055, "seconds": 4.6}
{"world": "ball_d128", "rows": 72, "rank_eff": 13.77, "null": 23.85, "jac_same": 0.189, "jac_diff": 0.031, "seconds": 5.0}
{"world": "t5_d32", "rows": 72, "rank_eff": 2.22, "null": 23.85, "jac_same": 0.436, "jac_diff": 0.265, "seconds": 4.4}
{"world": "t5_d128", "rows": 72, "rank_eff": 2.9, "null": 23.88, "jac_same": 0.447, "jac_diff": 0.22, "seconds": 5.0}
{"world": "mix4_d64", "rows": 72, "rank_eff": 4.01, "null": 23.87, "jac_same": 0.314, "jac_diff": 0.14, "seconds": 4.6}
{"world": "sub_m4_d64", "rows": 72, "rank_eff": 3.05, "null": 23.86, "jac_same": 0.231, "jac_diff": 0.061, "seconds": 4.6}
{"world": "sub_m8_d64", "rows": 72, "rank_eff": 2.08, "null": 23.87, "jac_same": 0.278, "jac_diff": 0.113, "seconds": 4.6}
{"world": "sub_m16_d128", "rows": 72, "rank_eff": 2.09, "null": 23.88, "jac_same": 0.434, "jac_diff": 0.262, "seconds": 4.9}
{"world": "fou_m4_d64", "rows": 72, "rank_eff": 3.11, "null": 23.87, "jac_same": 0.233, "jac_diff": 0.052, "seconds": 4.6}
{"world": "fou_m8_d128", "rows": 72, "rank_eff": 2.96, "null": 23.87, "jac_same": 0.272, "jac_diff": 0.099, "seconds": 5.1}
{"world": "fou_m16_d64", "rows": 72, "rank_eff": 3.61, "null": 23.86, "jac_same": 0.338, "jac_diff": 0.16, "seconds": 4.5}
{"world": "tor_m4_d64", "rows": 72, "rank_eff": 3.99, "null": 23.87, "jac_same": 0.281, "jac_diff": 0.099, "seconds": 4.5}
{"world": "tor_m8_d128", "rows": 72, "rank_eff": 7.38, "null": 23.88, "jac_same": 0.226, "jac_diff": 0.05, "seconds": 5.0}
{"world": "tor_m16_d64", "rows": 72, "rank_eff": 12.05, "null": 23.86, "jac_same": 0.189, "jac_diff": 0.024, "seconds": 4.5}
{"world": "roll_d64", "rows": 72, "rank_eff": 3.42, "null": 23.87, "jac_same": 0.28, "jac_diff": 0.095, "seconds": 4.6}
{"world": "roll_d128", "rows": 72, "rank_eff": 3.9, "null": 23.87, "jac_same": 0.265, "jac_diff": 0.079, "seconds": 4.8}
{"world": "g_a05_d64_N2000", "rows": 72, "rank_eff": 3.77, "null": 23.71, "jac_same": 0.32, "jac_diff": 0.146, "seconds": 1.3}
{"world": "cube_d256", "rows": 72, "rank_eff": 7.96, "null": 23.85, "jac_same": 0.227, "jac_diff": 0.065, "seconds": 5.9}
{"world": "g_a0_d256", "rows": 72, "rank_eff": 6.45, "null": 23.85, "jac_same": 0.26, "jac_diff": 0.085, "seconds": 5.9}
{"world": "g_a1_d256", "rows": 72, "rank_eff": 4.47, "null": 23.88, "jac_same": 0.294, "jac_diff": 0.125, "seconds": 5.8}
{"world": "t3_d64", "rows": 72, "rank_eff": 2.59, "null": 23.85, "jac_same": 0.452, "jac_diff": 0.275, "seconds": 4.6}
{"world": "t3_d128", "rows": 72, "rank_eff": 2.83, "null": 23.88, "jac_same": 0.451, "jac_diff": 0.237, "seconds": 4.9}
{"world": "lap_d64", "rows": 72, "rank_eff": 2.98, "null": 23.87, "jac_same": 0.401, "jac_diff": 0.219, "seconds": 4.6}
{"world": "h_g_a025_d48", "rows": 36, "rank_eff": 2.65, "null": 11.97, "jac_same": 0.367, "jac_diff": 0.187, "seconds": 2.2}
{"world": "h_t3_d96", "rows": 36, "rank_eff": 2.33, "null": 11.96, "jac_same": 0.487, "jac_diff": 0.261, "seconds": 2.4}
{"world": "h_ball_d96", "rows": 36, "rank_eff": 8.13, "null": 11.97, "jac_same": 0.111, "jac_diff": 0.03, "seconds": 2.3}
{"world": "h_mix8_d48", "rows": 36, "rank_eff": 3.18, "null": 11.98, "jac_same": 0.306, "jac_diff": 0.146, "seconds": 2.3}
{"world": "h_sub_m6_d96", "rows": 36, "rank_eff": 2.1, "null": 11.97, "jac_same": 0.188, "jac_diff": 0.04, "seconds": 2.3}
{"world": "h_fou_m12_d96", "rows": 36, "rank_eff": 3.65, "null": 11.97, "jac_same": 0.297, "jac_diff": 0.111, "seconds": 2.4}
{"world": "h_tor_m6_d48", "rows": 36, "rank_eff": 5.34, "null": 11.97, "jac_same": 0.153, "jac_diff": 0.031, "seconds": 2.3}
{"world": "h_sub_m8_d64_noisy", "rows": 36, "rank_eff": 1.83, "null": 11.97, "jac_same": 0.23, "jac_diff": 0.117, "seconds": 2.2}
{"world": "h_g_a05_d192", "rows": 36, "rank_eff": 4.58, "null": 11.97, "jac_same": 0.266, "jac_diff": 0.083, "seconds": 2.7}
{"world": "u_lognormal_d64", "rows": 72, "rank_eff": 3.0, "null": 23.85, "jac_same": 0.365, "jac_diff": 0.193, "seconds": 4.4}
{"world": "u_shell_d64", "rows": 72, "rank_eff": 14.43, "null": 23.85, "jac_same": 0.185, "jac_diff": 0.022, "seconds": 4.6}
{"world": "u_twoscale_d64", "rows": 72, "rank_eff": 4.09, "null": 23.85, "jac_same": 0.316, "jac_diff": 0.138, "seconds": 4.6}
{"world": "u_t25_d32", "rows": 72, "rank_eff": 2.39, "null": 23.88, "jac_same": 0.438, "jac_diff": 0.281, "seconds": 4.4}
{"world": "u_sub_m12_d256", "rows": 72, "rank_eff": 2.01, "null": 23.88, "jac_same": 0.378, "jac_diff": 0.22, "seconds": 6.0}
{"world": "u_fou_m6_d256", "rows": 72, "rank_eff": 2.92, "null": 23.85, "jac_same": 0.251, "jac_diff": 0.07, "seconds": 5.9}
{"world": "u_fou_m24_d128", "rows": 72, "rank_eff": 4.71, "null": 23.84, "jac_same": 0.297, "jac_diff": 0.129, "seconds": 4.9}
{"world": "u_tor_m10_d64_clean", "rows": 72, "rank_eff": 8.44, "null": 23.86, "jac_same": 0.209, "jac_diff": 0.039, "seconds": 4.6}
{"world": "u_cube_d512", "rows": 72, "rank_eff": 9.7, "null": 23.89, "jac_same": 0.214, "jac_diff": 0.052, "seconds": 8.5}
{"world": "u_g_a0_d512", "rows": 72, "rank_eff": 7.7, "null": 23.87, "jac_same": 0.238, "jac_diff": 0.069, "seconds": 8.1}
{"world": "u_t4_d256", "rows": 72, "rank_eff": 3.02, "null": 23.86, "jac_same": 0.451, "jac_diff": 0.221, "seconds": 6.0}
{"world": "u_laplace_d192", "rows": 72, "rank_eff": 4.8, "null": 23.87, "jac_same": 0.311, "jac_diff": 0.128, "seconds": 5.4}
{"world": "r_wiki1024", "rows": 82, "rank_eff": 5.75, "null": 23.85, "jac_same": 0.281, "jac_diff": 0.087, "seconds": 20.3}
{"world": "r_sift128", "rows": 72, "rank_eff": 4.32, "null": 23.89, "jac_same": 0.305, "jac_diff": 0.124, "seconds": 5.0}
{"world": "r_wiki1024_b", "rows": 72, "rank_eff": 5.93, "null": 23.84, "jac_same": 0.27, "jac_diff": 0.084, "seconds": 16.2}
{"world": "r_siftq128", "rows": 72, "rank_eff": 4.23, "null": 23.87, "jac_same": 0.315, "jac_diff": 0.129, "seconds": 4.9}
{"world": "s_g_a05_d64_N16000", "rows": 36, "rank_eff": 3.08, "null": 11.99, "jac_same": 0.361, "jac_diff": 0.188, "seconds": 32.9}
{"world": "s_t5_d64_N16000", "rows": 36, "rank_eff": 2.42, "null": 11.99, "jac_same": 0.454, "jac_diff": 0.276, "seconds": 35.0}
{"world": "s_fou_m8_d64_N16000", "rows": 36, "rank_eff": 2.85, "null": 11.99, "jac_same": 0.255, "jac_diff": 0.077, "seconds": 32.1}
{"world": "s_wiki1024_N12000", "rows": 36, "rank_eff": 5.03, "null": 11.99, "jac_same": 0.275, "jac_diff": 0.084, "seconds": 37.6}
{"world": "s_sift128_N16000", "rows": 36, "rank_eff": 3.65, "null": 11.99, "jac_same": 0.331, "jac_diff": 0.146, "seconds": 33.6}
{"world": "s_t3_d64_N16000", "rows": 36, "rank_eff": 2.57, "null": 11.99, "jac_same": 0.423, "jac_diff": 0.257, "seconds": 32.3}
== RUN_DONE rc=0
