== start Wed Sep  9 07:13:12 PM UTC 2026 HEAD e79af28 role run seal 0073aea0857a3fa8b7d7c2e7989d8c7d4ea3da83
{"world": "g_a0_d64", "rows": 72, "rank_eff": 3.61, "null": 23.87, "jac_same": 0.349, "jac_diff": 0.176, "seconds": 4.9}
{"world": "g_a0_d128", "rows": 72, "rank_eff": 5.04, "null": 23.86, "jac_same": 0.282, "jac_diff": 0.109, "seconds": 5.1}
{"world": "g_a05_d32", "rows": 72, "rank_eff": 2.67, "null": 23.87, "jac_same": 0.392, "jac_diff": 0.216, "seconds": 4.3}
{"world": "g_a05_d64", "rows": 82, "rank_eff": 3.63, "null": 23.85, "jac_same": 0.332, "jac_diff": 0.163, "seconds": 6.9}
{"world": "g_a1_d64", "rows": 72, "rank_eff": 3.38, "null": 23.85, "jac_same": 0.33, "jac_diff": 0.164, "seconds": 4.4}
{"world": "g_a1_d128", "rows": 72, "rank_eff": 4.02, "null": 23.87, "jac_same": 0.305, "jac_diff": 0.137, "seconds": 4.9}
{"world": "cube_d32", "rows": 72, "rank_eff": 3.44, "null": 23.87, "jac_same": 0.34, "jac_diff": 0.164, "seconds": 4.3}
{"world": "cube_d128", "rows": 72, "rank_eff": 6.39, "null": 23.87, "jac_same": 0.25, "jac_diff": 0.08, "seconds": 4.8}
{"world": "ball_d64", "rows": 72, "rank_eff": 10.19, "null": 23.85, "jac_same": 0.221, "jac_diff": 0.057, "seconds": 4.5}
{"world": "ball_d128", "rows": 72, "rank_eff": 13.78, "null": 23.84, "jac_same": 0.193, "jac_diff": 0.032, "seconds": 4.9}
{"world": "t5_d32", "rows": 72, "rank_eff": 2.15, "null": 23.87, "jac_same": 0.463, "jac_diff": 0.304, "seconds": 4.3}
{"world": "t5_d128", "rows": 72, "rank_eff": 2.81, "null": 23.87, "jac_same": 0.451, "jac_diff": 0.251, "seconds": 5.0}
{"world": "mix4_d64", "rows": 72, "rank_eff": 4.06, "null": 23.88, "jac_same": 0.315, "jac_diff": 0.139, "seconds": 4.4}
{"world": "sub_m4_d64", "rows": 72, "rank_eff": 2.95, "null": 23.85, "jac_same": 0.242, "jac_diff": 0.061, "seconds": 4.5}
{"world": "sub_m8_d64", "rows": 72, "rank_eff": 1.99, "null": 23.87, "jac_same": 0.28, "jac_diff": 0.11, "seconds": 4.6}
{"world": "sub_m16_d128", "rows": 72, "rank_eff": 2.1, "null": 23.86, "jac_same": 0.433, "jac_diff": 0.273, "seconds": 4.9}
{"world": "fou_m4_d64", "rows": 72, "rank_eff": 3.16, "null": 23.86, "jac_same": 0.24, "jac_diff": 0.059, "seconds": 4.5}
{"world": "fou_m8_d128", "rows": 72, "rank_eff": 3.0, "null": 23.86, "jac_same": 0.272, "jac_diff": 0.095, "seconds": 4.9}
{"world": "fou_m16_d64", "rows": 72, "rank_eff": 3.62, "null": 23.84, "jac_same": 0.335, "jac_diff": 0.161, "seconds": 4.5}
{"world": "tor_m4_d64", "rows": 72, "rank_eff": 4.02, "null": 23.87, "jac_same": 0.282, "jac_diff": 0.09, "seconds": 4.5}
{"world": "tor_m8_d128", "rows": 72, "rank_eff": 7.33, "null": 23.85, "jac_same": 0.224, "jac_diff": 0.05, "seconds": 4.9}
{"world": "tor_m16_d64", "rows": 72, "rank_eff": 12.28, "null": 23.87, "jac_same": 0.189, "jac_diff": 0.025, "seconds": 4.5}
{"world": "roll_d64", "rows": 72, "rank_eff": 3.47, "null": 23.85, "jac_same": 0.278, "jac_diff": 0.091, "seconds": 4.5}
{"world": "roll_d128", "rows": 72, "rank_eff": 4.0, "null": 23.86, "jac_same": 0.244, "jac_diff": 0.071, "seconds": 4.7}
{"world": "g_a05_d64_N2000", "rows": 72, "rank_eff": 3.64, "null": 23.74, "jac_same": 0.33, "jac_diff": 0.156, "seconds": 1.3}
{"world": "h_g_a025_d48", "rows": 36, "rank_eff": 2.67, "null": 11.97, "jac_same": 0.365, "jac_diff": 0.195, "seconds": 2.2}
{"world": "h_t3_d64", "rows": 36, "rank_eff": 2.17, "null": 11.97, "jac_same": 0.491, "jac_diff": 0.311, "seconds": 2.3}
{"world": "h_ball_d96", "rows": 36, "rank_eff": 8.14, "null": 11.97, "jac_same": 0.125, "jac_diff": 0.028, "seconds": 2.4}
{"world": "h_mix8_d48", "rows": 36, "rank_eff": 3.25, "null": 11.96, "jac_same": 0.301, "jac_diff": 0.144, "seconds": 2.2}
{"world": "h_sub_m6_d96", "rows": 36, "rank_eff": 2.14, "null": 11.97, "jac_same": 0.154, "jac_diff": 0.029, "seconds": 2.3}
{"world": "h_fou_m12_d96", "rows": 36, "rank_eff": 3.75, "null": 11.97, "jac_same": 0.285, "jac_diff": 0.113, "seconds": 2.3}
{"world": "h_tor_m6_d48", "rows": 36, "rank_eff": 5.49, "null": 11.97, "jac_same": 0.155, "jac_diff": 0.025, "seconds": 2.2}
{"world": "h_sub_m8_d64_noisy", "rows": 36, "rank_eff": 1.88, "null": 11.97, "jac_same": 0.233, "jac_diff": 0.099, "seconds": 2.2}
{"world": "u_laplace_d64", "rows": 72, "rank_eff": 3.11, "null": 23.85, "jac_same": 0.384, "jac_diff": 0.193, "seconds": 4.5}
{"world": "u_lognormal_d64", "rows": 72, "rank_eff": 2.98, "null": 23.85, "jac_same": 0.367, "jac_diff": 0.201, "seconds": 4.5}
{"world": "u_shell_d64", "rows": 72, "rank_eff": 14.48, "null": 23.85, "jac_same": 0.185, "jac_diff": 0.021, "seconds": 4.5}
{"world": "u_twoscale_d64", "rows": 72, "rank_eff": 4.0, "null": 23.86, "jac_same": 0.325, "jac_diff": 0.143, "seconds": 4.4}
{"world": "u_t25_d32", "rows": 72, "rank_eff": 2.39, "null": 23.85, "jac_same": 0.433, "jac_diff": 0.282, "seconds": 4.2}
{"world": "u_cube_d256", "rows": 72, "rank_eff": 8.16, "null": 23.85, "jac_same": 0.228, "jac_diff": 0.065, "seconds": 5.8}
{"world": "u_sub_m12_d256", "rows": 72, "rank_eff": 2.01, "null": 23.87, "jac_same": 0.402, "jac_diff": 0.243, "seconds": 5.7}
{"world": "u_fou_m6_d256", "rows": 72, "rank_eff": 2.79, "null": 23.86, "jac_same": 0.247, "jac_diff": 0.072, "seconds": 5.8}
{"world": "u_fou_m24_d128", "rows": 72, "rank_eff": 4.87, "null": 23.88, "jac_same": 0.291, "jac_diff": 0.119, "seconds": 4.9}
{"world": "u_tor_m10_d64_clean", "rows": 72, "rank_eff": 8.42, "null": 23.86, "jac_same": 0.211, "jac_diff": 0.041, "seconds": 4.5}
{"world": "r_wiki1024", "rows": 82, "rank_eff": 5.96, "null": 23.88, "jac_same": 0.272, "jac_diff": 0.083, "seconds": 20.5}
{"world": "r_sift128", "rows": 72, "rank_eff": 4.74, "null": 23.87, "jac_same": 0.282, "jac_diff": 0.107, "seconds": 5.0}
{"world": "r_wiki1024_b", "rows": 72, "rank_eff": 5.33, "null": 23.88, "jac_same": 0.296, "jac_diff": 0.102, "seconds": 16.4}
{"world": "r_siftq128", "rows": 72, "rank_eff": 4.27, "null": 23.85, "jac_same": 0.315, "jac_diff": 0.129, "seconds": 5.0}
{"world": "s_g_a05_d64_N16000", "rows": 36, "rank_eff": 3.1, "null": 11.99, "jac_same": 0.359, "jac_diff": 0.181, "seconds": 32.3}
{"world": "s_t5_d64_N16000", "rows": 36, "rank_eff": 2.46, "null": 11.99, "jac_same": 0.442, "jac_diff": 0.266, "seconds": 32.4}
{"world": "s_fou_m8_d64_N16000", "rows": 36, "rank_eff": 2.81, "null": 11.99, "jac_same": 0.255, "jac_diff": 0.086, "seconds": 33.3}
{"world": "s_wiki1024_N12000", "rows": 36, "rank_eff": 5.1, "null": 11.99, "jac_same": 0.274, "jac_diff": 0.083, "seconds": 36.3}
{"world": "s_sift128_N16000", "rows": 36, "rank_eff": 3.8, "null": 11.99, "jac_same": 0.311, "jac_diff": 0.128, "seconds": 33.9}
== RUN_DONE rc=0
