== start Thu Sep 10 04:35:34 AM UTC 2026 HEAD b250cad role run seal 04821d283c616edf7239ced284dcc34b37e738b1
{"world": "r_ic21_N256_nu0", "N": 256, "nu": 0.0, "t_star": 0.6384, "samples": 31, "classical_alarm": 0.46000000000000013, "obs_alarms": {"2": null, "4": null, "8": null, "16": null, "32": null, "64": null}, "seconds": 2.6}
{"world": "r_ic21_N256_nu0.005", "N": 256, "nu": 0.005, "t_star": 0.6384, "samples": 31, "classical_alarm": 0.48000000000000015, "obs_alarms": {"2": null, "4": null, "8": null, "16": null, "32": null, "64": null}, "seconds": 2.5}
{"world": "r_ic21_N256_nu0.02", "N": 256, "nu": 0.02, "t_star": 0.6384, "samples": 31, "classical_alarm": null, "obs_alarms": {"2": null, "4": null, "8": null, "16": null, "32": null, "64": null}, "seconds": 2.5}
{"world": "r_ic21_N512_nu0", "N": 512, "nu": 0.0, "t_star": 0.6384, "samples": 31, "classical_alarm": 0.46000000000000013, "obs_alarms": {"2": null, "4": null, "8": null, "16": null, "32": null, "64": null}, "seconds": 6.5}
{"world": "r_ic21_N512_nu0.005", "N": 512, "nu": 0.005, "t_star": 0.6384, "samples": 31, "classical_alarm": 0.48000000000000015, "obs_alarms": {"2": null, "4": null, "8": null, "16": null, "32": null, "64": null}, "seconds": 6.5}
{"world": "r_ic21_N512_nu0.02", "N": 512, "nu": 0.02, "t_star": 0.6384, "samples": 31, "classical_alarm": 0.6000000000000002, "obs_alarms": {"2": null, "4": null, "8": null, "16": null, "32": null, "64": null}, "seconds": 6.6}
{"world": "r_ic22_N256_nu0", "N": 256, "nu": 0.0, "t_star": 1.1441, "samples": 55, "classical_alarm": 1.0000000000000004, "obs_alarms": {"2": null, "4": null, "8": null, "16": null, "32": null, "64": null}, "seconds": 4.5}
{"world": "r_ic22_N256_nu0.005", "N": 256, "nu": 0.005, "t_star": 1.1441, "samples": 55, "classical_alarm": null, "obs_alarms": {"2": null, "4": null, "8": null, "16": null, "32": null, "64": null}, "seconds": 4.5}
{"world": "r_ic22_N256_nu0.02", "N": 256, "nu": 0.02, "t_star": 1.1441, "samples": 55, "classical_alarm": null, "obs_alarms": {"2": null, "4": null, "8": null, "16": null, "32": null, "64": null}, "seconds": 4.5}
{"world": "r_ic22_N512_nu0", "N": 512, "nu": 0.0, "t_star": 1.1441, "samples": 55, "classical_alarm": 0.9800000000000005, "obs_alarms": {"2": 1.0800000000000005, "4": 1.0800000000000005, "8": null, "16": null, "32": null, "64": null}, "seconds": 11.6}
{"world": "r_ic22_N512_nu0.005", "N": 512, "nu": 0.005, "t_star": 1.1441, "samples": 55, "classical_alarm": null, "obs_alarms": {"2": null, "4": null, "8": null, "16": null, "32": null, "64": null}, "seconds": 11.6}
{"world": "r_ic22_N512_nu0.02", "N": 512, "nu": 0.02, "t_star": 1.1441, "samples": 55, "classical_alarm": null, "obs_alarms": {"2": null, "4": null, "8": null, "16": null, "32": null, "64": null}, "seconds": 11.7}
{"world": "r_ic23_N256_nu0", "N": 256, "nu": 0.0, "t_star": 0.44, "samples": 21, "classical_alarm": 0.3, "obs_alarms": {"2": null, "4": null, "8": null, "16": null, "32": null, "64": null}, "seconds": 1.7}
{"world": "r_ic23_N256_nu0.005", "N": 256, "nu": 0.005, "t_star": 0.44, "samples": 21, "classical_alarm": 0.32, "obs_alarms": {"2": null, "4": null, "8": null, "16": null, "32": null, "64": null}, "seconds": 1.7}
{"world": "r_ic23_N256_nu0.02", "N": 256, "nu": 0.02, "t_star": 0.44, "samples": 21, "classical_alarm": 0.36000000000000004, "obs_alarms": {"2": null, "4": null, "8": null, "16": null, "32": null, "64": null}, "seconds": 1.7}
{"world": "r_ic23_N512_nu0", "N": 512, "nu": 0.0, "t_star": 0.44, "samples": 21, "classical_alarm": 0.3, "obs_alarms": {"2": null, "4": null, "8": null, "16": null, "32": null, "64": null}, "seconds": 4.4}
{"world": "r_ic23_N512_nu0.005", "N": 512, "nu": 0.005, "t_star": 0.44, "samples": 21, "classical_alarm": 0.32, "obs_alarms": {"2": null, "4": null, "8": null, "16": null, "32": null, "64": null}, "seconds": 4.4}
{"world": "r_ic23_N512_nu0.02", "N": 512, "nu": 0.02, "t_star": 0.44, "samples": 21, "classical_alarm": 0.36000000000000004, "obs_alarms": {"2": null, "4": null, "8": null, "16": null, "32": null, "64": null}, "seconds": 4.4}
{"world": "r_ic24_N256_nu0", "N": 256, "nu": 0.0, "t_star": 0.8088, "samples": 39, "classical_alarm": 0.6400000000000002, "obs_alarms": {"2": null, "4": null, "8": null, "16": null, "32": null, "64": null}, "seconds": 3.2}
{"world": "r_ic24_N256_nu0.005", "N": 256, "nu": 0.005, "t_star": 0.8088, "samples": 39, "classical_alarm": 0.7000000000000003, "obs_alarms": {"2": null, "4": null, "8": null, "16": null, "32": null, "64": null}, "seconds": 3.2}
{"world": "r_ic24_N256_nu0.02", "N": 256, "nu": 0.02, "t_star": 0.8088, "samples": 39, "classical_alarm": null, "obs_alarms": {"2": null, "4": null, "8": null, "16": null, "32": null, "64": null}, "seconds": 3.2}
{"world": "r_ic24_N512_nu0", "N": 512, "nu": 0.0, "t_star": 0.8088, "samples": 39, "classical_alarm": 0.6200000000000002, "obs_alarms": {"2": null, "4": null, "8": null, "16": null, "32": null, "64": null}, "seconds": 8.2}
{"world": "r_ic24_N512_nu0.005", "N": 512, "nu": 0.005, "t_star": 0.8088, "samples": 39, "classical_alarm": 0.6800000000000003, "obs_alarms": {"2": null, "4": null, "8": null, "16": null, "32": null, "64": null}, "seconds": 8.1}
{"world": "r_ic24_N512_nu0.02", "N": 512, "nu": 0.02, "t_star": 0.8088, "samples": 39, "classical_alarm": null, "obs_alarms": {"2": null, "4": null, "8": null, "16": null, "32": null, "64": null}, "seconds": 8.2}
{"world": "c_ns2d_64_ic51", "N": 64, "nu": 0.001, "samples": 81, "max_grad_ratio": 1.001, "obs_alarms": {"2": 0.9000000000000002, "4": null, "8": null, "16": null}, "seconds": 148.2}
{"world": "c_ns2d_64_ic52", "N": 64, "nu": 0.001, "samples": 81, "max_grad_ratio": 1.202, "obs_alarms": {"2": 1.0500000000000003, "4": 1.7000000000000008, "8": 3.099999999999997, "16": null}, "seconds": 148.2}
== RUN_DONE rc=0
