== start Thu Sep 10 01:24:32 PM UTC 2026 HEAD 362381a1 role run seal cabfa9fd48c0783f2a259dfa7b097c0207f48155
{"world": "r_ic21_N256_nu0", "N": 256, "nu": 0.0, "t_star": 0.6963, "samples": 34, "classical_alarm": 0.5600000000000002, "obs_alarms": {"2": null, "4": null, "8": null, "16": null, "32": null, "64": null}, "seconds": 2.9}
{"world": "r_ic21_N256_nu0.005", "N": 256, "nu": 0.005, "t_star": 0.6963, "samples": 34, "classical_alarm": 0.6200000000000002, "obs_alarms": {"2": null, "4": null, "8": null, "16": null, "32": null, "64": null}, "seconds": 2.8}
{"world": "r_ic21_N256_nu0.02", "N": 256, "nu": 0.02, "t_star": 0.6963, "samples": 34, "classical_alarm": null, "obs_alarms": {"2": null, "4": null, "8": null, "16": null, "32": null, "64": null}, "seconds": 2.8}
{"world": "r_ic21_N512_nu0", "N": 512, "nu": 0.0, "t_star": 0.6963, "samples": 34, "classical_alarm": 0.5400000000000001, "obs_alarms": {"2": 0.6600000000000003, "4": null, "8": null, "16": null, "32": null, "64": null}, "seconds": 7.1}
{"world": "r_ic21_N512_nu0.005", "N": 512, "nu": 0.005, "t_star": 0.6963, "samples": 34, "classical_alarm": 0.6200000000000002, "obs_alarms": {"2": null, "4": null, "8": null, "16": null, "32": null, "64": null}, "seconds": 7.1}
{"world": "r_ic21_N512_nu0.02", "N": 512, "nu": 0.02, "t_star": 0.6963, "samples": 34, "classical_alarm": null, "obs_alarms": {"2": null, "4": null, "8": null, "16": null, "32": null, "64": null}, "seconds": 7.1}
{"world": "r_ic22_N256_nu0", "N": 256, "nu": 0.0, "t_star": 0.6647, "samples": 32, "classical_alarm": 0.48000000000000015, "obs_alarms": {"2": null, "4": null, "8": null, "16": null, "32": null, "64": null}, "seconds": 2.6}
{"world": "r_ic22_N256_nu0.005", "N": 256, "nu": 0.005, "t_star": 0.6647, "samples": 32, "classical_alarm": 0.5200000000000001, "obs_alarms": {"2": null, "4": null, "8": null, "16": null, "32": null, "64": null}, "seconds": 2.6}
{"world": "r_ic22_N256_nu0.02", "N": 256, "nu": 0.02, "t_star": 0.6647, "samples": 32, "classical_alarm": null, "obs_alarms": {"2": null, "4": null, "8": null, "16": null, "32": null, "64": null}, "seconds": 2.7}
{"world": "r_ic22_N512_nu0", "N": 512, "nu": 0.0, "t_star": 0.6647, "samples": 32, "classical_alarm": 0.48000000000000015, "obs_alarms": {"2": null, "4": null, "8": null, "16": null, "32": null, "64": null}, "seconds": 6.7}
{"world": "r_ic22_N512_nu0.005", "N": 512, "nu": 0.005, "t_star": 0.6647, "samples": 32, "classical_alarm": 0.5000000000000001, "obs_alarms": {"2": null, "4": null, "8": null, "16": null, "32": null, "64": null}, "seconds": 6.6}
{"world": "r_ic22_N512_nu0.02", "N": 512, "nu": 0.02, "t_star": 0.6647, "samples": 32, "classical_alarm": null, "obs_alarms": {"2": null, "4": null, "8": null, "16": null, "32": null, "64": null}, "seconds": 6.7}
{"world": "r_ic23_N256_nu0", "N": 256, "nu": 0.0, "t_star": 0.4483, "samples": 22, "classical_alarm": 0.3, "obs_alarms": {"2": null, "4": null, "8": null, "16": null, "32": null, "64": null}, "seconds": 1.8}
{"world": "r_ic23_N256_nu0.005", "N": 256, "nu": 0.005, "t_star": 0.4483, "samples": 22, "classical_alarm": 0.32, "obs_alarms": {"2": null, "4": null, "8": null, "16": null, "32": null, "64": null}, "seconds": 1.8}
{"world": "r_ic23_N256_nu0.02", "N": 256, "nu": 0.02, "t_star": 0.4483, "samples": 22, "classical_alarm": 0.38000000000000006, "obs_alarms": {"2": null, "4": null, "8": null, "16": null, "32": null, "64": null}, "seconds": 1.8}
{"world": "r_ic23_N512_nu0", "N": 512, "nu": 0.0, "t_star": 0.4483, "samples": 22, "classical_alarm": 0.3, "obs_alarms": {"2": null, "4": null, "8": null, "16": null, "32": null, "64": null}, "seconds": 4.7}
{"world": "r_ic23_N512_nu0.005", "N": 512, "nu": 0.005, "t_star": 0.4483, "samples": 22, "classical_alarm": 0.32, "obs_alarms": {"2": null, "4": null, "8": null, "16": null, "32": null, "64": null}, "seconds": 4.6}
{"world": "r_ic23_N512_nu0.02", "N": 512, "nu": 0.02, "t_star": 0.4483, "samples": 22, "classical_alarm": 0.38000000000000006, "obs_alarms": {"2": null, "4": null, "8": null, "16": null, "32": null, "64": null}, "seconds": 4.6}
{"world": "r_ic24_N256_nu0", "N": 256, "nu": 0.0, "t_star": 0.4675, "samples": 23, "classical_alarm": 0.34, "obs_alarms": {"2": null, "4": null, "8": null, "16": null, "32": null, "64": null}, "seconds": 1.9}
{"world": "r_ic24_N256_nu0.005", "N": 256, "nu": 0.005, "t_star": 0.4675, "samples": 23, "classical_alarm": 0.34, "obs_alarms": {"2": null, "4": null, "8": null, "16": null, "32": null, "64": null}, "seconds": 1.9}
{"world": "r_ic24_N256_nu0.02", "N": 256, "nu": 0.02, "t_star": 0.4675, "samples": 23, "classical_alarm": 0.4200000000000001, "obs_alarms": {"2": null, "4": null, "8": null, "16": null, "32": null, "64": null}, "seconds": 1.9}
{"world": "r_ic24_N512_nu0", "N": 512, "nu": 0.0, "t_star": 0.4675, "samples": 23, "classical_alarm": 0.34, "obs_alarms": {"2": null, "4": null, "8": null, "16": null, "32": null, "64": null}, "seconds": 4.8}
{"world": "r_ic24_N512_nu0.005", "N": 512, "nu": 0.005, "t_star": 0.4675, "samples": 23, "classical_alarm": 0.34, "obs_alarms": {"2": null, "4": null, "8": null, "16": null, "32": null, "64": null}, "seconds": 4.8}
{"world": "r_ic24_N512_nu0.02", "N": 512, "nu": 0.02, "t_star": 0.4675, "samples": 23, "classical_alarm": 0.4200000000000001, "obs_alarms": {"2": null, "4": null, "8": null, "16": null, "32": null, "64": null}, "seconds": 4.8}
{"world": "c_ns2d_64_ic51", "N": 64, "nu": 0.001, "samples": 81, "max_grad_ratio": 1.001, "obs_alarms": {"2": 0.9000000000000002, "4": null, "8": null, "16": null}, "seconds": 148.8}
{"world": "c_ns2d_64_ic52", "N": 64, "nu": 0.001, "samples": 81, "max_grad_ratio": 1.09, "obs_alarms": {"2": 0.7000000000000001, "4": 1.0500000000000003, "8": 2.3499999999999996, "16": null}, "seconds": 149.5}
== RUN_DONE rc=0
