== start Wed Sep  9 05:29:49 PM UTC 2026 HEAD 269a512 role run seal 8608a57538edfeaa328b536e879a3200d07a6813
{"world": "g_a0_d32", "rows": 72, "rank_eff": 2.62, "null": 23.86, "jac_same": 0.422, "jac_diff": 0.242, "seconds": 4.7}
{"world": "g_a0_d64", "rows": 72, "rank_eff": 3.64, "null": 23.85, "jac_same": 0.343, "jac_diff": 0.168, "seconds": 4.5}
{"world": "g_a0_d128", "rows": 72, "rank_eff": 4.83, "null": 23.86, "jac_same": 0.294, "jac_diff": 0.12, "seconds": 4.9}
{"world": "g_a05_d32", "rows": 72, "rank_eff": 2.66, "null": 23.88, "jac_same": 0.408, "jac_diff": 0.232, "seconds": 4.3}
{"world": "g_a05_d64", "rows": 82, "rank_eff": 3.52, "null": 23.86, "jac_same": 0.341, "jac_diff": 0.171, "seconds": 7.1}
{"world": "g_a05_d128", "rows": 72, "rank_eff": 4.66, "null": 23.85, "jac_same": 0.297, "jac_diff": 0.123, "seconds": 5.0}
{"world": "g_a1_d32", "rows": 72, "rank_eff": 2.77, "null": 23.87, "jac_same": 0.376, "jac_diff": 0.203, "seconds": 4.3}
{"world": "g_a1_d64", "rows": 72, "rank_eff": 3.47, "null": 23.84, "jac_same": 0.328, "jac_diff": 0.158, "seconds": 4.5}
{"world": "g_a1_d128", "rows": 72, "rank_eff": 4.01, "null": 23.87, "jac_same": 0.31, "jac_diff": 0.138, "seconds": 4.9}
{"world": "cube_d32", "rows": 72, "rank_eff": 3.43, "null": 23.85, "jac_same": 0.347, "jac_diff": 0.169, "seconds": 4.3}
{"world": "cube_d64", "rows": 72, "rank_eff": 4.79, "null": 23.87, "jac_same": 0.286, "jac_diff": 0.116, "seconds": 4.5}
{"world": "cube_d128", "rows": 72, "rank_eff": 6.43, "null": 23.88, "jac_same": 0.251, "jac_diff": 0.083, "seconds": 5.0}
{"world": "ball_d32", "rows": 72, "rank_eff": 6.65, "null": 23.87, "jac_same": 0.28, "jac_diff": 0.106, "seconds": 4.4}
{"world": "ball_d64", "rows": 72, "rank_eff": 10.61, "null": 23.87, "jac_same": 0.211, "jac_diff": 0.05, "seconds": 4.6}
{"world": "ball_d128", "rows": 72, "rank_eff": 13.95, "null": 23.88, "jac_same": 0.192, "jac_diff": 0.03, "seconds": 4.9}
{"world": "t5_d32", "rows": 72, "rank_eff": 2.16, "null": 23.87, "jac_same": 0.447, "jac_diff": 0.287, "seconds": 4.3}
{"world": "t5_d64", "rows": 72, "rank_eff": 2.54, "null": 23.87, "jac_same": 0.441, "jac_diff": 0.258, "seconds": 4.4}
{"world": "t5_d128", "rows": 72, "rank_eff": 2.79, "null": 23.87, "jac_same": 0.439, "jac_diff": 0.247, "seconds": 5.0}
{"world": "mix4_d32", "rows": 72, "rank_eff": 2.95, "null": 23.85, "jac_same": 0.372, "jac_diff": 0.198, "seconds": 4.3}
{"world": "mix4_d64", "rows": 72, "rank_eff": 3.99, "null": 23.87, "jac_same": 0.323, "jac_diff": 0.143, "seconds": 4.4}
{"world": "mix4_d128", "rows": 72, "rank_eff": 5.44, "null": 23.84, "jac_same": 0.271, "jac_diff": 0.102, "seconds": 5.0}
{"world": "g_a05_d64_N2000", "rows": 72, "rank_eff": 3.67, "null": 23.74, "jac_same": 0.34, "jac_diff": 0.166, "seconds": 1.3}
{"world": "h_g_a025_d48", "rows": 36, "rank_eff": 2.65, "null": 11.97, "jac_same": 0.371, "jac_diff": 0.203, "seconds": 2.3}
{"world": "h_g_a075_d96", "rows": 36, "rank_eff": 3.38, "null": 11.97, "jac_same": 0.304, "jac_diff": 0.136, "seconds": 2.3}
{"world": "h_t3_d64", "rows": 36, "rank_eff": 2.15, "null": 11.97, "jac_same": 0.468, "jac_diff": 0.3, "seconds": 2.4}
{"world": "h_ball_d96", "rows": 36, "rank_eff": 8.26, "null": 11.97, "jac_same": 0.117, "jac_diff": 0.033, "seconds": 2.4}
{"world": "h_anisocube_d96", "rows": 36, "rank_eff": 4.26, "null": 11.95, "jac_same": 0.242, "jac_diff": 0.092, "seconds": 2.4}
{"world": "h_mix8_d48", "rows": 36, "rank_eff": 3.19, "null": 11.97, "jac_same": 0.306, "jac_diff": 0.139, "seconds": 2.3}
{"world": "h_cube_d48_N2000", "rows": 36, "rank_eff": 3.86, "null": 11.91, "jac_same": 0.284, "jac_diff": 0.114, "seconds": 0.7}
{"world": "u_laplace_d64", "rows": 72, "rank_eff": 3.04, "null": 23.86, "jac_same": 0.391, "jac_diff": 0.207, "seconds": 4.6}
{"world": "u_lognormal_d64", "rows": 72, "rank_eff": 2.99, "null": 23.87, "jac_same": 0.374, "jac_diff": 0.195, "seconds": 4.5}
{"world": "u_shell_d64", "rows": 72, "rank_eff": 14.38, "null": 23.87, "jac_same": 0.185, "jac_diff": 0.021, "seconds": 4.7}
{"world": "u_twoscale_d64", "rows": 72, "rank_eff": 3.98, "null": 23.85, "jac_same": 0.315, "jac_diff": 0.132, "seconds": 4.7}
{"world": "u_t25_d32", "rows": 72, "rank_eff": 2.41, "null": 23.85, "jac_same": 0.426, "jac_diff": 0.274, "seconds": 4.4}
{"world": "u_cube_d256", "rows": 72, "rank_eff": 8.05, "null": 23.85, "jac_same": 0.228, "jac_diff": 0.066, "seconds": 6.0}
{"world": "u_g_a15_d64", "rows": 72, "rank_eff": 3.23, "null": 23.85, "jac_same": 0.32, "jac_diff": 0.153, "seconds": 4.7}
{"world": "u_laplace_d128", "rows": 72, "rank_eff": 4.07, "null": 23.86, "jac_same": 0.337, "jac_diff": 0.157, "seconds": 4.9}
{"world": "r_wiki1024", "rows": 82, "rank_eff": 5.9, "null": 23.85, "jac_same": 0.277, "jac_diff": 0.082, "seconds": 20.6}
{"world": "r_sift128", "rows": 72, "rank_eff": 4.51, "null": 23.87, "jac_same": 0.285, "jac_diff": 0.109, "seconds": 5.1}
{"world": "r_wiki1024_b", "rows": 72, "rank_eff": 5.5, "null": 23.85, "jac_same": 0.284, "jac_diff": 0.092, "seconds": 16.4}
{"world": "r_siftq128", "rows": 72, "rank_eff": 4.21, "null": 23.86, "jac_same": 0.312, "jac_diff": 0.131, "seconds": 5.0}
{"world": "s_g_a05_d64_N16000", "rows": 36, "rank_eff": 3.08, "null": 11.99, "jac_same": 0.369, "jac_diff": 0.189, "seconds": 33.6}
{"world": "s_t5_d64_N16000", "rows": 36, "rank_eff": 2.48, "null": 11.99, "jac_same": 0.449, "jac_diff": 0.269, "seconds": 32.8}
{"world": "s_wiki1024_N12000", "rows": 36, "rank_eff": 5.07, "null": 11.99, "jac_same": 0.271, "jac_diff": 0.081, "seconds": 37.5}
{"world": "s_sift128_N16000", "rows": 36, "rank_eff": 3.74, "null": 11.99, "jac_same": 0.309, "jac_diff": 0.128, "seconds": 33.7}
== RUN_DONE rc=0
