== start Wed Sep  9 10:41:35 PM UTC 2026 HEAD adb7429 role pilot seal 
{"world": "g_a0_d64", "rows": 72, "rank_eff": 3.69, "null": 23.88, "jac_same": 0.339, "jac_diff": 0.158, "seconds": 4.9}
{"world": "g_a0_d128", "rows": 72, "rank_eff": 5.03, "null": 23.86, "jac_same": 0.286, "jac_diff": 0.115, "seconds": 5.2}
{"world": "g_a05_d32", "rows": 72, "rank_eff": 2.64, "null": 23.85, "jac_same": 0.398, "jac_diff": 0.228, "seconds": 4.4}
{"world": "g_a05_d64", "rows": 82, "rank_eff": 3.57, "null": 23.83, "jac_same": 0.337, "jac_diff": 0.173, "seconds": 7.1}
{"world": "g_a1_d64", "rows": 72, "rank_eff": 3.48, "null": 23.84, "jac_same": 0.331, "jac_diff": 0.163, "seconds": 4.5}
{"world": "g_a1_d128", "rows": 72, "rank_eff": 4.0, "null": 23.87, "jac_same": 0.309, "jac_diff": 0.136, "seconds": 5.1}
{"world": "cube_d32", "rows": 72, "rank_eff": 3.45, "null": 23.86, "jac_same": 0.348, "jac_diff": 0.167, "seconds": 4.4}
{"world": "cube_d128", "rows": 72, "rank_eff": 6.52, "null": 23.87, "jac_same": 0.249, "jac_diff": 0.082, "seconds": 5.0}
{"world": "ball_d64", "rows": 72, "rank_eff": 10.57, "null": 23.87, "jac_same": 0.214, "jac_diff": 0.051, "seconds": 4.6}
{"world": "ball_d128", "rows": 72, "rank_eff": 13.95, "null": 23.85, "jac_same": 0.191, "jac_diff": 0.03, "seconds": 5.0}
{"world": "t5_d32", "rows": 72, "rank_eff": 2.21, "null": 23.85, "jac_same": 0.443, "jac_diff": 0.291, "seconds": 4.3}
{"world": "t5_d128", "rows": 72, "rank_eff": 2.84, "null": 23.86, "jac_same": 0.466, "jac_diff": 0.249, "seconds": 4.9}
{"world": "mix4_d64", "rows": 72, "rank_eff": 3.99, "null": 23.86, "jac_same": 0.318, "jac_diff": 0.145, "seconds": 4.6}
{"world": "sub_m4_d64", "rows": 72, "rank_eff": 3.06, "null": 23.84, "jac_same": 0.231, "jac_diff": 0.047, "seconds": 4.5}
{"world": "sub_m8_d64", "rows": 72, "rank_eff": 2.04, "null": 23.85, "jac_same": 0.281, "jac_diff": 0.113, "seconds": 4.5}
{"world": "sub_m16_d128", "rows": 72, "rank_eff": 2.1, "null": 23.85, "jac_same": 0.429, "jac_diff": 0.263, "seconds": 5.0}
{"world": "fou_m4_d64", "rows": 72, "rank_eff": 3.2, "null": 23.85, "jac_same": 0.233, "jac_diff": 0.054, "seconds": 4.5}
{"world": "fou_m8_d128", "rows": 72, "rank_eff": 2.94, "null": 23.88, "jac_same": 0.286, "jac_diff": 0.107, "seconds": 5.0}
{"world": "fou_m16_d64", "rows": 72, "rank_eff": 3.65, "null": 23.86, "jac_same": 0.339, "jac_diff": 0.164, "seconds": 4.5}
{"world": "tor_m4_d64", "rows": 72, "rank_eff": 4.07, "null": 23.84, "jac_same": 0.278, "jac_diff": 0.095, "seconds": 4.6}
{"world": "tor_m8_d128", "rows": 72, "rank_eff": 7.4, "null": 23.86, "jac_same": 0.226, "jac_diff": 0.049, "seconds": 5.0}
{"world": "tor_m16_d64", "rows": 72, "rank_eff": 12.1, "null": 23.85, "jac_same": 0.19, "jac_diff": 0.024, "seconds": 4.5}
{"world": "roll_d64", "rows": 72, "rank_eff": 3.51, "null": 23.86, "jac_same": 0.28, "jac_diff": 0.094, "seconds": 4.5}
{"world": "roll_d128", "rows": 72, "rank_eff": 4.02, "null": 23.87, "jac_same": 0.268, "jac_diff": 0.091, "seconds": 5.1}
{"world": "g_a05_d64_N2000", "rows": 72, "rank_eff": 3.81, "null": 23.73, "jac_same": 0.309, "jac_diff": 0.151, "seconds": 1.3}
{"world": "cube_d256", "rows": 72, "rank_eff": 7.96, "null": 23.87, "jac_same": 0.226, "jac_diff": 0.068, "seconds": 5.9}
{"world": "g_a0_d256", "rows": 72, "rank_eff": 6.27, "null": 23.87, "jac_same": 0.265, "jac_diff": 0.093, "seconds": 6.0}
{"world": "g_a1_d256", "rows": 72, "rank_eff": 4.57, "null": 23.88, "jac_same": 0.291, "jac_diff": 0.123, "seconds": 5.9}
{"world": "t3_d64", "rows": 72, "rank_eff": 2.62, "null": 23.85, "jac_same": 0.442, "jac_diff": 0.257, "seconds": 4.8}
{"world": "t3_d128", "rows": 72, "rank_eff": 2.91, "null": 23.9, "jac_same": 0.438, "jac_diff": 0.219, "seconds": 4.8}
{"world": "lap_d64", "rows": 72, "rank_eff": 3.03, "null": 23.87, "jac_same": 0.405, "jac_diff": 0.212, "seconds": 4.5}
{"world": "t4_d192", "rows": 72, "rank_eff": 2.96, "null": 23.85, "jac_same": 0.448, "jac_diff": 0.208, "seconds": 5.5}
{"world": "lap_d128", "rows": 72, "rank_eff": 4.08, "null": 23.86, "jac_same": 0.341, "jac_diff": 0.158, "seconds": 5.0}
{"world": "t3_d256", "rows": 72, "rank_eff": 3.09, "null": 23.89, "jac_same": 0.442, "jac_diff": 0.199, "seconds": 5.9}
{"world": "t5_d256", "rows": 72, "rank_eff": 2.99, "null": 23.86, "jac_same": 0.455, "jac_diff": 0.224, "seconds": 6.0}
{"world": "lap_d192", "rows": 72, "rank_eff": 4.78, "null": 23.89, "jac_same": 0.309, "jac_diff": 0.125, "seconds": 5.4}
{"world": "lap_d256", "rows": 72, "rank_eff": 5.12, "null": 23.87, "jac_same": 0.299, "jac_diff": 0.113, "seconds": 6.0}
{"world": "cube_d384", "rows": 72, "rank_eff": 9.19, "null": 23.86, "jac_same": 0.213, "jac_diff": 0.053, "seconds": 7.0}
{"world": "g_a0_d384", "rows": 72, "rank_eff": 7.07, "null": 23.87, "jac_same": 0.254, "jac_diff": 0.078, "seconds": 7.1}
{"world": "cube_d512", "rows": 72, "rank_eff": 9.65, "null": 23.84, "jac_same": 0.212, "jac_diff": 0.053, "seconds": 8.6}
{"world": "g_a05_d512", "rows": 72, "rank_eff": 6.9, "null": 23.87, "jac_same": 0.247, "jac_diff": 0.08, "seconds": 8.2}
{"world": "h_g_a025_d48", "rows": 36, "rank_eff": 2.63, "null": 11.97, "jac_same": 0.344, "jac_diff": 0.197, "seconds": 2.3}
{"world": "h_t3_d96", "rows": 36, "rank_eff": 2.35, "null": 11.96, "jac_same": 0.477, "jac_diff": 0.254, "seconds": 2.5}
{"world": "h_ball_d96", "rows": 36, "rank_eff": 8.09, "null": 11.96, "jac_same": 0.125, "jac_diff": 0.03, "seconds": 2.4}
{"world": "h_mix8_d48", "rows": 36, "rank_eff": 3.23, "null": 11.97, "jac_same": 0.317, "jac_diff": 0.147, "seconds": 2.2}
{"world": "h_sub_m6_d96", "rows": 36, "rank_eff": 1.99, "null": 11.97, "jac_same": 0.174, "jac_diff": 0.047, "seconds": 2.4}
{"world": "h_fou_m12_d96", "rows": 36, "rank_eff": 3.66, "null": 11.97, "jac_same": 0.282, "jac_diff": 0.115, "seconds": 2.4}
{"world": "h_tor_m6_d48", "rows": 36, "rank_eff": 5.51, "null": 11.96, "jac_same": 0.159, "jac_diff": 0.026, "seconds": 2.2}
{"world": "h_sub_m8_d64_noisy", "rows": 36, "rank_eff": 1.9, "null": 11.96, "jac_same": 0.221, "jac_diff": 0.1, "seconds": 2.2}
{"world": "h_g_a05_d192", "rows": 36, "rank_eff": 4.51, "null": 11.97, "jac_same": 0.25, "jac_diff": 0.08, "seconds": 2.8}
{"law": {"target": "log_excess", "features": ["inv_hill_rk", "log_d_eff", "sqrt_id_twonn"], "coef": [-0.9502047232393575, -0.0098786827986172, 0.21895785945133903, 0.3663809048848467], "transform": "identity", "train_rmse": 0.3745327665422879, "heldout_rmse": 0.26643805811310023, "n_terms": 3}, "competitor": {"target": "log_excess", "features": ["inv_d_nom", "log_d_nom", "sqrt_d_nom"], "coef": [-21.84760835849363, 200.78452083418816, 5.808485110163488, -0.5929769582854192], "transform": "identity", "train_rmse": 1.1370591061455066, "heldout_rmse": 0.8626375316266682, "n_terms": 3}}
== PILOT_DONE rc=0
