== start Wed Sep  9 10:49:04 PM UTC 2026 HEAD 2590693 role run seal 992b5a4ffef0287d8244a33ec415acef10478896
{"world": "g_a0_d64", "rows": 72, "rank_eff": 3.61, "null": 23.86, "jac_same": 0.346, "jac_diff": 0.17, "seconds": 5.1}
{"world": "g_a0_d128", "rows": 72, "rank_eff": 4.79, "null": 23.85, "jac_same": 0.293, "jac_diff": 0.119, "seconds": 5.0}
{"world": "g_a05_d32", "rows": 72, "rank_eff": 2.73, "null": 23.87, "jac_same": 0.389, "jac_diff": 0.215, "seconds": 4.4}
{"world": "g_a05_d64", "rows": 82, "rank_eff": 3.56, "null": 23.86, "jac_same": 0.335, "jac_diff": 0.164, "seconds": 7.1}
{"world": "g_a1_d64", "rows": 72, "rank_eff": 3.46, "null": 23.88, "jac_same": 0.321, "jac_diff": 0.152, "seconds": 4.8}
{"world": "g_a1_d128", "rows": 72, "rank_eff": 3.92, "null": 23.86, "jac_same": 0.317, "jac_diff": 0.146, "seconds": 5.1}
{"world": "cube_d32", "rows": 72, "rank_eff": 3.46, "null": 23.84, "jac_same": 0.35, "jac_diff": 0.171, "seconds": 4.5}
{"world": "cube_d128", "rows": 72, "rank_eff": 6.59, "null": 23.88, "jac_same": 0.244, "jac_diff": 0.081, "seconds": 5.0}
{"world": "ball_d64", "rows": 72, "rank_eff": 10.52, "null": 23.88, "jac_same": 0.214, "jac_diff": 0.05, "seconds": 4.6}
{"world": "ball_d128", "rows": 72, "rank_eff": 13.9, "null": 23.85, "jac_same": 0.194, "jac_diff": 0.031, "seconds": 5.0}
{"world": "t5_d32", "rows": 72, "rank_eff": 2.19, "null": 23.86, "jac_same": 0.433, "jac_diff": 0.278, "seconds": 4.4}
{"world": "t5_d128", "rows": 72, "rank_eff": 2.85, "null": 23.82, "jac_same": 0.451, "jac_diff": 0.235, "seconds": 4.9}
{"world": "mix4_d64", "rows": 72, "rank_eff": 4.07, "null": 23.85, "jac_same": 0.311, "jac_diff": 0.133, "seconds": 4.6}
{"world": "sub_m4_d64", "rows": 72, "rank_eff": 3.03, "null": 23.88, "jac_same": 0.227, "jac_diff": 0.054, "seconds": 4.4}
{"world": "sub_m8_d64", "rows": 72, "rank_eff": 2.08, "null": 23.86, "jac_same": 0.273, "jac_diff": 0.1, "seconds": 4.7}
{"world": "sub_m16_d128", "rows": 72, "rank_eff": 2.09, "null": 23.84, "jac_same": 0.439, "jac_diff": 0.282, "seconds": 5.0}
{"world": "fou_m4_d64", "rows": 72, "rank_eff": 3.22, "null": 23.86, "jac_same": 0.245, "jac_diff": 0.069, "seconds": 4.6}
{"world": "fou_m8_d128", "rows": 72, "rank_eff": 2.92, "null": 23.87, "jac_same": 0.285, "jac_diff": 0.106, "seconds": 5.1}
{"world": "fou_m16_d64", "rows": 72, "rank_eff": 3.68, "null": 23.86, "jac_same": 0.334, "jac_diff": 0.157, "seconds": 4.6}
{"world": "tor_m4_d64", "rows": 72, "rank_eff": 4.27, "null": 23.83, "jac_same": 0.274, "jac_diff": 0.089, "seconds": 4.5}
{"world": "tor_m8_d128", "rows": 72, "rank_eff": 7.37, "null": 23.88, "jac_same": 0.226, "jac_diff": 0.047, "seconds": 5.0}
{"world": "tor_m16_d64", "rows": 72, "rank_eff": 12.2, "null": 23.87, "jac_same": 0.192, "jac_diff": 0.027, "seconds": 4.6}
{"world": "roll_d64", "rows": 72, "rank_eff": 3.7, "null": 23.86, "jac_same": 0.285, "jac_diff": 0.097, "seconds": 4.7}
{"world": "roll_d128", "rows": 72, "rank_eff": 3.92, "null": 23.86, "jac_same": 0.256, "jac_diff": 0.074, "seconds": 5.0}
{"world": "g_a05_d64_N2000", "rows": 72, "rank_eff": 3.72, "null": 23.74, "jac_same": 0.334, "jac_diff": 0.162, "seconds": 1.3}
{"world": "cube_d256", "rows": 72, "rank_eff": 7.89, "null": 23.87, "jac_same": 0.233, "jac_diff": 0.063, "seconds": 6.0}
{"world": "g_a0_d256", "rows": 72, "rank_eff": 6.58, "null": 23.85, "jac_same": 0.253, "jac_diff": 0.08, "seconds": 6.1}
{"world": "g_a1_d256", "rows": 72, "rank_eff": 4.57, "null": 23.87, "jac_same": 0.29, "jac_diff": 0.12, "seconds": 6.2}
{"world": "t3_d64", "rows": 72, "rank_eff": 2.58, "null": 23.86, "jac_same": 0.459, "jac_diff": 0.272, "seconds": 4.7}
{"world": "t3_d128", "rows": 72, "rank_eff": 2.91, "null": 23.88, "jac_same": 0.44, "jac_diff": 0.223, "seconds": 4.9}
{"world": "lap_d64", "rows": 72, "rank_eff": 3.0, "null": 23.86, "jac_same": 0.396, "jac_diff": 0.214, "seconds": 4.4}
{"world": "t4_d192", "rows": 72, "rank_eff": 3.01, "null": 23.87, "jac_same": 0.449, "jac_diff": 0.218, "seconds": 5.6}
{"world": "lap_d128", "rows": 72, "rank_eff": 3.96, "null": 23.86, "jac_same": 0.353, "jac_diff": 0.157, "seconds": 4.8}
{"world": "t3_d256", "rows": 72, "rank_eff": 3.03, "null": 23.84, "jac_same": 0.451, "jac_diff": 0.229, "seconds": 5.9}
{"world": "t5_d256", "rows": 72, "rank_eff": 3.1, "null": 23.85, "jac_same": 0.454, "jac_diff": 0.226, "seconds": 5.9}
{"world": "lap_d192", "rows": 72, "rank_eff": 4.78, "null": 23.89, "jac_same": 0.313, "jac_diff": 0.128, "seconds": 5.5}
{"world": "lap_d256", "rows": 72, "rank_eff": 5.26, "null": 23.86, "jac_same": 0.298, "jac_diff": 0.106, "seconds": 5.9}
{"world": "cube_d384", "rows": 72, "rank_eff": 9.26, "null": 23.86, "jac_same": 0.218, "jac_diff": 0.056, "seconds": 7.0}
{"world": "g_a0_d384", "rows": 72, "rank_eff": 7.15, "null": 23.88, "jac_same": 0.25, "jac_diff": 0.077, "seconds": 7.0}
{"world": "cube_d512", "rows": 72, "rank_eff": 9.69, "null": 23.87, "jac_same": 0.21, "jac_diff": 0.05, "seconds": 8.3}
{"world": "g_a05_d512", "rows": 72, "rank_eff": 6.71, "null": 23.86, "jac_same": 0.243, "jac_diff": 0.075, "seconds": 8.1}
{"world": "h_g_a025_d48", "rows": 36, "rank_eff": 2.64, "null": 11.96, "jac_same": 0.369, "jac_diff": 0.199, "seconds": 2.2}
{"world": "h_t3_d96", "rows": 36, "rank_eff": 2.37, "null": 11.98, "jac_same": 0.479, "jac_diff": 0.265, "seconds": 2.4}
{"world": "h_ball_d96", "rows": 36, "rank_eff": 8.18, "null": 11.97, "jac_same": 0.133, "jac_diff": 0.034, "seconds": 2.3}
{"world": "h_mix8_d48", "rows": 36, "rank_eff": 3.24, "null": 11.97, "jac_same": 0.31, "jac_diff": 0.135, "seconds": 2.2}
{"world": "h_sub_m6_d96", "rows": 36, "rank_eff": 2.08, "null": 11.96, "jac_same": 0.195, "jac_diff": 0.037, "seconds": 2.4}
{"world": "h_fou_m12_d96", "rows": 36, "rank_eff": 3.74, "null": 11.96, "jac_same": 0.289, "jac_diff": 0.116, "seconds": 2.4}
{"world": "h_tor_m6_d48", "rows": 36, "rank_eff": 5.21, "null": 11.98, "jac_same": 0.153, "jac_diff": 0.026, "seconds": 2.2}
{"world": "h_sub_m8_d64_noisy", "rows": 36, "rank_eff": 1.86, "null": 11.96, "jac_same": 0.233, "jac_diff": 0.094, "seconds": 2.3}
{"world": "h_g_a05_d192", "rows": 36, "rank_eff": 4.64, "null": 11.97, "jac_same": 0.28, "jac_diff": 0.087, "seconds": 2.7}
{"world": "u_lognormal_d64", "rows": 72, "rank_eff": 3.11, "null": 23.86, "jac_same": 0.362, "jac_diff": 0.185, "seconds": 4.7}
{"world": "u_shell_d64", "rows": 72, "rank_eff": 14.6, "null": 23.86, "jac_same": 0.184, "jac_diff": 0.021, "seconds": 4.5}
{"world": "u_twoscale_d64", "rows": 72, "rank_eff": 4.11, "null": 23.86, "jac_same": 0.301, "jac_diff": 0.13, "seconds": 4.4}
{"world": "u_t25_d32", "rows": 72, "rank_eff": 2.37, "null": 23.85, "jac_same": 0.443, "jac_diff": 0.282, "seconds": 4.5}
{"world": "u_sub_m12_d256", "rows": 72, "rank_eff": 1.99, "null": 23.86, "jac_same": 0.388, "jac_diff": 0.223, "seconds": 6.0}
{"world": "u_fou_m6_d256", "rows": 72, "rank_eff": 2.91, "null": 23.88, "jac_same": 0.256, "jac_diff": 0.071, "seconds": 5.9}
{"world": "u_fou_m24_d128", "rows": 72, "rank_eff": 4.81, "null": 23.85, "jac_same": 0.292, "jac_diff": 0.117, "seconds": 5.0}
{"world": "u_tor_m10_d64_clean", "rows": 72, "rank_eff": 8.12, "null": 23.86, "jac_same": 0.218, "jac_diff": 0.043, "seconds": 4.6}
{"world": "u_cube_d448", "rows": 72, "rank_eff": 9.4, "null": 23.86, "jac_same": 0.214, "jac_diff": 0.051, "seconds": 7.6}
{"world": "u_g_a0_d512", "rows": 72, "rank_eff": 8.02, "null": 23.84, "jac_same": 0.237, "jac_diff": 0.065, "seconds": 8.3}
{"world": "u_ball_d384", "rows": 72, "rank_eff": 15.62, "null": 23.88, "jac_same": 0.183, "jac_diff": 0.023, "seconds": 7.0}
{"world": "u_cube_d640", "rows": 72, "rank_eff": 9.75, "null": 23.85, "jac_same": 0.217, "jac_diff": 0.049, "seconds": 9.9}
{"world": "u_t4_d256", "rows": 72, "rank_eff": 3.05, "null": 23.87, "jac_same": 0.457, "jac_diff": 0.225, "seconds": 6.0}
{"world": "u_laplace_d224", "rows": 72, "rank_eff": 5.08, "null": 23.86, "jac_same": 0.286, "jac_diff": 0.112, "seconds": 5.6}
{"world": "u_t25_d128", "rows": 72, "rank_eff": 2.85, "null": 23.87, "jac_same": 0.452, "jac_diff": 0.249, "seconds": 5.1}
{"world": "u_lognormal_d192", "rows": 72, "rank_eff": 4.46, "null": 23.88, "jac_same": 0.316, "jac_diff": 0.134, "seconds": 5.4}
{"world": "u_t6_d192", "rows": 72, "rank_eff": 3.08, "null": 23.87, "jac_same": 0.436, "jac_diff": 0.194, "seconds": 5.4}
{"world": "r_wiki1024", "rows": 82, "rank_eff": 6.02, "null": 23.85, "jac_same": 0.267, "jac_diff": 0.078, "seconds": 20.7}
{"world": "r_sift128", "rows": 72, "rank_eff": 4.53, "null": 23.86, "jac_same": 0.307, "jac_diff": 0.121, "seconds": 5.0}
{"world": "r_wiki1024_b", "rows": 72, "rank_eff": 5.83, "null": 23.86, "jac_same": 0.266, "jac_diff": 0.078, "seconds": 16.2}
{"world": "r_siftq128", "rows": 72, "rank_eff": 4.17, "null": 23.85, "jac_same": 0.321, "jac_diff": 0.139, "seconds": 4.9}
{"world": "s_g_a05_d64_N16000", "rows": 36, "rank_eff": 3.08, "null": 11.99, "jac_same": 0.358, "jac_diff": 0.188, "seconds": 32.3}
{"world": "s_t5_d64_N16000", "rows": 36, "rank_eff": 2.46, "null": 11.99, "jac_same": 0.442, "jac_diff": 0.263, "seconds": 31.7}
{"world": "s_fou_m8_d64_N16000", "rows": 36, "rank_eff": 3.05, "null": 11.99, "jac_same": 0.247, "jac_diff": 0.07, "seconds": 31.6}
{"world": "s_wiki1024_N12000", "rows": 36, "rank_eff": 5.09, "null": 11.99, "jac_same": 0.27, "jac_diff": 0.077, "seconds": 36.7}
{"world": "s_sift128_N16000", "rows": 36, "rank_eff": 3.77, "null": 11.99, "jac_same": 0.321, "jac_diff": 0.129, "seconds": 34.1}
{"world": "s_t3_d64_N16000", "rows": 36, "rank_eff": 2.58, "null": 11.99, "jac_same": 0.431, "jac_diff": 0.262, "seconds": 33.3}
{"world": "s_lap_d64_N12000", "rows": 36, "rank_eff": 2.8, "null": 11.99, "jac_same": 0.415, "jac_diff": 0.22, "seconds": 19.2}
{"world": "s_t4_d128_N12000", "rows": 36, "rank_eff": 2.75, "null": 11.99, "jac_same": 0.442, "jac_diff": 0.242, "seconds": 20.3}
== RUN_DONE rc=0
