== start Wed Sep  9 03:42:02 PM UTC 2026 HEAD bee2177 role run seal 319f6c6e107757c96e0328dd0cb34b4f782e1c4e
{"world": "g_a0_d32", "rows": 72, "rank_eff": 2.68, "null": 23.85, "jac_same": 0.421, "jac_diff": 0.245, "seconds": 4.5}
{"world": "g_a0_d64", "rows": 72, "rank_eff": 3.7, "null": 23.85, "jac_same": 0.346, "jac_diff": 0.161, "seconds": 4.3}
{"world": "g_a0_d128", "rows": 72, "rank_eff": 4.82, "null": 23.86, "jac_same": 0.289, "jac_diff": 0.117, "seconds": 4.6}
{"world": "g_a05_d32", "rows": 72, "rank_eff": 2.69, "null": 23.86, "jac_same": 0.399, "jac_diff": 0.222, "seconds": 4.3}
{"world": "g_a05_d64", "rows": 82, "rank_eff": 3.63, "null": 23.86, "jac_same": 0.334, "jac_diff": 0.164, "seconds": 7.0}
{"world": "g_a05_d128", "rows": 72, "rank_eff": 4.66, "null": 23.86, "jac_same": 0.3, "jac_diff": 0.12, "seconds": 4.6}
{"world": "g_a1_d32", "rows": 72, "rank_eff": 2.72, "null": 23.88, "jac_same": 0.381, "jac_diff": 0.215, "seconds": 4.3}
{"world": "g_a1_d64", "rows": 72, "rank_eff": 3.42, "null": 23.85, "jac_same": 0.331, "jac_diff": 0.162, "seconds": 4.4}
{"world": "g_a1_d128", "rows": 72, "rank_eff": 4.03, "null": 23.85, "jac_same": 0.304, "jac_diff": 0.139, "seconds": 4.5}
{"world": "g_a05_d64_N2000", "rows": 72, "rank_eff": 3.69, "null": 23.76, "jac_same": 0.329, "jac_diff": 0.159, "seconds": 1.2}
{"world": "h_a025_d48", "rows": 36, "rank_eff": 2.72, "null": 11.97, "jac_same": 0.346, "jac_diff": 0.184, "seconds": 2.2}
{"world": "h_a075_d48", "rows": 36, "rank_eff": 2.58, "null": 11.97, "jac_same": 0.357, "jac_diff": 0.192, "seconds": 2.2}
{"world": "h_a025_d96", "rows": 36, "rank_eff": 3.6, "null": 11.96, "jac_same": 0.301, "jac_diff": 0.124, "seconds": 2.2}
{"world": "h_a075_d96", "rows": 36, "rank_eff": 3.36, "null": 11.97, "jac_same": 0.329, "jac_diff": 0.137, "seconds": 2.3}
{"world": "u_cube_d64", "rows": 72, "rank_eff": 4.77, "null": 23.88, "jac_same": 0.287, "jac_diff": 0.114, "seconds": 4.4}
{"world": "u_ball_d64", "rows": 72, "rank_eff": 10.48, "null": 23.85, "jac_same": 0.214, "jac_diff": 0.053, "seconds": 4.4}
{"world": "u_student_d64", "rows": 72, "rank_eff": 2.51, "null": 23.86, "jac_same": 0.448, "jac_diff": 0.27, "seconds": 4.3}
{"world": "u_mixture_d64", "rows": 72, "rank_eff": 4.1, "null": 23.85, "jac_same": 0.312, "jac_diff": 0.135, "seconds": 4.3}
{"world": "u_anisocube_d64", "rows": 72, "rank_eff": 4.72, "null": 23.85, "jac_same": 0.275, "jac_diff": 0.113, "seconds": 4.3}
{"world": "u_cube_d32", "rows": 72, "rank_eff": 3.51, "null": 23.87, "jac_same": 0.342, "jac_diff": 0.167, "seconds": 4.4}
{"world": "u_ball_d128", "rows": 72, "rank_eff": 14.04, "null": 23.85, "jac_same": 0.192, "jac_diff": 0.031, "seconds": 4.6}
{"world": "u_student_d32", "rows": 72, "rank_eff": 2.29, "null": 23.85, "jac_same": 0.446, "jac_diff": 0.29, "seconds": 4.4}
{"world": "r_wiki1024", "rows": 82, "rank_eff": 6.14, "null": 23.85, "jac_same": 0.272, "jac_diff": 0.078, "seconds": 16.7}
{"world": "r_sift128", "rows": 72, "rank_eff": 4.41, "null": 23.84, "jac_same": 0.298, "jac_diff": 0.12, "seconds": 4.6}
{"world": "s_g_a05_d64_N16000", "rows": 36, "rank_eff": 3.1, "null": 11.99, "jac_same": 0.357, "jac_diff": 0.187, "seconds": 32.8}
{"world": "s_wiki1024_N12000", "rows": 36, "rank_eff": 5.03, "null": 11.99, "jac_same": 0.277, "jac_diff": 0.086, "seconds": 30.5}
== RUN_DONE rc=0
