This is pdfTeX, Version 3.141592653-2.6-1.40.28 (MiKTeX 25.12) (preloaded format=pdflatex.fmt)
 restricted \write18 enabled.
entering extended mode
(cr_ann_paper.tex
LaTeX2e <2025-11-01>
L3 programming layer <2025-12-24>
(C:\Users\abptl\AppData\Local\Programs\MiKTeX\tex/latex/base\article.cls
Document Class: article 2025/01/22 v1.4n Standard LaTeX document class
(C:\Users\abptl\AppData\Local\Programs\MiKTeX\tex/latex/base\size11.clo))
(C:\Users\abptl\AppData\Local\Programs\MiKTeX\tex/latex/geometry\geometry.sty
(C:\Users\abptl\AppData\Local\Programs\MiKTeX\tex/latex/graphics\keyval.sty)
(C:\Users\abptl\AppData\Local\Programs\MiKTeX\tex/generic/iftex\ifvtex.sty
(C:\Users\abptl\AppData\Local\Programs\MiKTeX\tex/generic/iftex\iftex.sty))
(C:\Users\abptl\AppData\Local\Programs\MiKTeX\tex/latex/geometry\geometry.cfg))
(C:\Users\abptl\AppData\Local\Programs\MiKTeX\tex/latex/base\fontenc.sty)
(C:\Users\abptl\AppData\Local\Programs\MiKTeX\tex/latex/lm\lmodern.sty)
(C:\Users\abptl\AppData\Local\Programs\MiKTeX\tex/latex/amsmath\amsmath.sty
For additional information on amsmath, use the `?' option.
(C:\Users\abptl\AppData\Local\Programs\MiKTeX\tex/latex/amsmath\amstext.sty
(C:\Users\abptl\AppData\Local\Programs\MiKTeX\tex/latex/amsmath\amsgen.sty))
(C:\Users\abptl\AppData\Local\Programs\MiKTeX\tex/latex/amsmath\amsbsy.sty)
(C:\Users\abptl\AppData\Local\Programs\MiKTeX\tex/latex/amsmath\amsopn.sty))
(C:\Users\abptl\AppData\Local\Programs\MiKTeX\tex/latex/amsfonts\amssymb.sty
(C:\Users\abptl\AppData\Local\Programs\MiKTeX\tex/latex/amsfonts\amsfonts.sty))
 (C:\Users\abptl\AppData\Local\Programs\MiKTeX\tex/latex/booktabs\booktabs.sty)
 (C:\Users\abptl\AppData\Local\Programs\MiKTeX\tex/latex/graphics\graphicx.sty
(C:\Users\abptl\AppData\Local\Programs\MiKTeX\tex/latex/graphics\graphics.sty
(C:\Users\abptl\AppData\Local\Programs\MiKTeX\tex/latex/graphics\trig.sty)
(C:\Users\abptl\AppData\Local\Programs\MiKTeX\tex/latex/graphics-cfg\graphics.c
fg)
(C:\Users\abptl\AppData\Local\Programs\MiKTeX\tex/latex/graphics-def\pdftex.def
))) (C:\Users\abptl\AppData\Local\Programs\MiKTeX\tex/latex/url\url.sty)
(C:\Users\abptl\AppData\Local\Programs\MiKTeX\tex/latex/hyperref\hyperref.sty
(C:\Users\abptl\AppData\Local\Programs\MiKTeX\tex/latex/kvsetkeys\kvsetkeys.sty
)
(C:\Users\abptl\AppData\Local\Programs\MiKTeX\tex/generic/kvdefinekeys\kvdefine
keys.sty)
(C:\Users\abptl\AppData\Local\Programs\MiKTeX\tex/generic/pdfescape\pdfescape.s
ty
(C:\Users\abptl\AppData\Local\Programs\MiKTeX\tex/generic/ltxcmds\ltxcmds.sty)
(C:\Users\abptl\AppData\Local\Programs\MiKTeX\tex/generic/pdftexcmds\pdftexcmds
.sty
(C:\Users\abptl\AppData\Local\Programs\MiKTeX\tex/generic/infwarerr\infwarerr.s
ty)))
(C:\Users\abptl\AppData\Local\Programs\MiKTeX\tex/latex/hycolor\hycolor.sty)
(C:\Users\abptl\AppData\Local\Programs\MiKTeX\tex/latex/hyperref\nameref.sty
(C:\Users\abptl\AppData\Local\Programs\MiKTeX\tex/latex/refcount\refcount.sty)
(C:\Users\abptl\AppData\Local\Programs\MiKTeX\tex/generic/gettitlestring\gettit
lestring.sty
(C:\Users\abptl\AppData\Local\Programs\MiKTeX\tex/latex/kvoptions\kvoptions.sty
)))
(C:\Users\abptl\AppData\Local\Programs\MiKTeX\tex/latex/etoolbox\etoolbox.sty)
(C:\Users\abptl\AppData\Local\Programs\MiKTeX\tex/generic/stringenc\stringenc.s
ty) (C:\Users\abptl\AppData\Local\Programs\MiKTeX\tex/latex/hyperref\pd1enc.def
) (C:\Users\abptl\AppData\Local\Programs\MiKTeX\tex/generic/intcalc\intcalc.sty
) (C:\Users\abptl\AppData\Local\Programs\MiKTeX\tex/latex/hyperref\puenc.def)
(C:\Users\abptl\AppData\Local\Programs\MiKTeX\tex/generic/bitset\bitset.sty
(C:\Users\abptl\AppData\Local\Programs\MiKTeX\tex/generic/bigintcalc\bigintcalc
.sty)))
(C:\Users\abptl\AppData\Local\Programs\MiKTeX\tex/latex/hyperref\hpdftex.def
(C:\Users\abptl\AppData\Local\Programs\MiKTeX\tex/latex/rerunfilecheck\rerunfil
echeck.sty
(C:\Users\abptl\AppData\Local\Programs\MiKTeX\tex/generic/uniquecounter\uniquec
ounter.sty)))
(C:\Users\abptl\AppData\Local\Programs\MiKTeX\tex/latex/lm\t1lmr.fd)
(C:\Users\abptl\AppData\Local\Programs\MiKTeX\tex/latex/l3backend\l3backend-pdf
tex.def) (cr_ann_paper.aux)
*geometry* driver: auto-detecting
*geometry* detected driver: pdftex

(C:\Users\abptl\AppData\Local\Programs\MiKTeX\tex/context/base/mkii\supp-pdf.mk
ii
[Loading MPS to PDF converter (version 2006.09.02).]
)
(C:\Users\abptl\AppData\Local\Programs\MiKTeX\tex/latex/epstopdf-pkg\epstopdf-b
ase.sty
(C:\Users\abptl\AppData\Local\Programs\MiKTeX\tex/latex/00miktex\epstopdf-sys.c
fg)) (cr_ann_paper.out) (cr_ann_paper.out)
(C:\Users\abptl\AppData\Local\Programs\MiKTeX\tex/latex/lm\ot1lmr.fd)
(C:\Users\abptl\AppData\Local\Programs\MiKTeX\tex/latex/lm\omllmm.fd)
(C:\Users\abptl\AppData\Local\Programs\MiKTeX\tex/latex/lm\omslmsy.fd)
(C:\Users\abptl\AppData\Local\Programs\MiKTeX\tex/latex/lm\omxlmex.fd)
(C:\Users\abptl\AppData\Local\Programs\MiKTeX\tex/latex/amsfonts\umsa.fd)
(C:\Users\abptl\AppData\Local\Programs\MiKTeX\tex/latex/amsfonts\umsb.fd)
(C:\Users\abptl\AppData\Local\Programs\MiKTeX\tex/latex/lm\t1lmtt.fd) [1{C:/Use
rs/abptl/AppData/Local/MiKTeX/fonts/map/pdftex/pdftex.map}{C:/Users/abptl/AppDa
ta/Local/Programs/MiKTeX/fonts/enc/dvips/lm/lm-ec.enc}{C:/Users/abptl/AppData/L
ocal/Programs/MiKTeX/fonts/enc/dvips/lm/lm-mathit.enc}{C:/Users/abptl/AppData/L
ocal/Programs/MiKTeX/fonts/enc/dvips/lm/lm-rm.enc}{C:/Users/abptl/AppData/Local
/Programs/MiKTeX/fonts/enc/dvips/lm/lm-mathsy.enc}]
Overfull \hbox (6.82678pt too wide) in paragraph at lines 89--96
\T1/lmr/bx/n/10.95 Substrate. \T1/lmr/m/n/10.95 Sen-tence em-bed-dings from two
 frozen en-coders: all-MiniLM-L6-v2 (384-d) over 20 News-
[2] [3] [4 <./build/fig_gain_vs_phi.pdf>] [5] (cr_ann_paper.aux) )
(see the transcript file for additional information)<C:/Users/abptl/AppData/Loc
al/Programs/MiKTeX/fonts/type1/public/lm/lmbx10.pfb><C:/Users/abptl/AppData/Loc
al/Programs/MiKTeX/fonts/type1/public/lm/lmbx12.pfb><C:/Users/abptl/AppData/Loc
al/Programs/MiKTeX/fonts/type1/public/lm/lmmi10.pfb><C:/Users/abptl/AppData/Loc
al/Programs/MiKTeX/fonts/type1/public/lm/lmmi7.pfb><C:/Users/abptl/AppData/Loca
l/Programs/MiKTeX/fonts/type1/public/lm/lmmi8.pfb><C:/Users/abptl/AppData/Local
/Programs/MiKTeX/fonts/type1/public/lm/lmr10.pfb><C:/Users/abptl/AppData/Local/
Programs/MiKTeX/fonts/type1/public/lm/lmr12.pfb><C:/Users/abptl/AppData/Local/P
rograms/MiKTeX/fonts/type1/public/lm/lmr17.pfb><C:/Users/abptl/AppData/Local/Pr
ograms/MiKTeX/fonts/type1/public/lm/lmr7.pfb><C:/Users/abptl/AppData/Local/Prog
rams/MiKTeX/fonts/type1/public/lm/lmr8.pfb><C:/Users/abptl/AppData/Local/Progra
ms/MiKTeX/fonts/type1/public/lm/lmri10.pfb><C:/Users/abptl/AppData/Local/Progra
ms/MiKTeX/fonts/type1/public/lm/lmsy10.pfb><C:/Users/abptl/AppData/Local/Progra
ms/MiKTeX/fonts/type1/public/lm/lmsy7.pfb><C:/Users/abptl/AppData/Local/Program
s/MiKTeX/fonts/type1/public/lm/lmsy8.pfb><C:/Users/abptl/AppData/Local/Programs
/MiKTeX/fonts/type1/public/lm/lmtt10.pfb><C:/Users/abptl/AppData/Local/Programs
/MiKTeX/fonts/type1/public/lm/lmtt12.pfb>
Output written on cr_ann_paper.pdf (5 pages, 321634 bytes).
Transcript written on cr_ann_paper.log.
pdflatex: major issue: So far, you have not checked for MiKTeX updates.
