== N-A3: no divergent terms, D2v8 pilot -> D2v8 run, 3 terms
{"config": "nodiv_3", "features": ["inv_cv_r_c0.01", "log_d_eff", "sqrt_id_twonn"], "coef": [-0.6595, -0.0428, 0.3041, 0.2787], "heldout": 0.3061, "REF": 0.4251, "bars": {"L1": true, "L2": false, "L3": true, "L4": false, "L5": false, "transfer_pooled": {"law": 0.5179771032337611, "d2v7": 0.4423466704281872, "unity": 1.7010250404087484}}, "misses": {"u_tor_m10_d64_clean": 0.9, "u_ball_d384": 0.953, "s_lap_d64_N12000": 1.005}, "seconds": 23.9, "models": 106081}
{"worst_transfer_worlds": [["s_lap_d64_N12000", 1.005], ["u_ball_d384", 0.953], ["u_tor_m10_d64_clean", 0.9], ["u_shell_d64", 0.836], ["u_cube_d640", 0.824], ["s_t5_d64_N16000", 0.672]], "groups": {"train": {"law": 0.43, "d2v7": 0.328, "unity": 1.658}, "heldout": {"law": 0.393, "d2v7": 0.304, "unity": 1.412}, "unseen": {"law": 0.553, "d2v7": 0.468, "unity": 1.798}, "real": {"law": 0.198, "d2v7": 0.271, "unity": 0.713}, "scale": {"law": 0.582, "d2v7": 0.467, "unity": 1.96}}}
EXPLORE3_DONE
== N-B3: no divergent terms, D2v7 pilot -> D2v8 run, 3 terms
{"config": "nodiv_3", "features": ["inv_cv_knn_c0.01", "inv_hill_rk_c0.05", "sqrt_id_twonn"], "coef": [-1.579, -0.0843, 0.106, 0.5229], "heldout": 0.2887, "REF": 0.3136, "bars": {"L1": true, "L2": false, "L3": true, "L4": false, "L5": false, "transfer_pooled": {"law": 0.4691525452093708, "d2v7": 0.4423466704281872, "unity": 1.7010250404087484}}, "misses": {"u_twoscale_d64": 0.946, "u_ball_d384": 0.662, "u_cube_d640": 0.779, "s_lap_d64_N12000": 0.882}, "seconds": 24.4, "models": 106081}
{"worst_transfer_worlds": [["u_twoscale_d64", 0.946], ["s_lap_d64_N12000", 0.882], ["u_cube_d640", 0.779], ["u_ball_d384", 0.662], ["s_t5_d64_N16000", 0.603], ["u_cube_d448", 0.591]], "groups": {"train": {"law": 0.32, "d2v7": 0.328, "unity": 1.658}, "heldout": {"law": 0.33, "d2v7": 0.304, "unity": 1.412}, "unseen": {"law": 0.457, "d2v7": 0.468, "unity": 1.798}, "real": {"law": 0.451, "d2v7": 0.271, "unity": 0.713}, "scale": {"law": 0.535, "d2v7": 0.467, "unity": 1.96}}}
EXPLORE3_DONE
== N-A3h: as N-A3 with ball_d128 moved to held-out
{"config": "nodiv_3_held+ball_d128", "features": ["inv_cv_knn_c0.02", "log_d_ent", "sqrt_id_twonn"], "coef": [-0.8316, -0.0798, 0.3039, 0.3617], "heldout": 0.3209, "REF": 0.332, "bars": {"L1": true, "L2": false, "L3": true, "L4": false, "L5": false, "transfer_pooled": {"law": 0.4648385811249214, "d2v7": 0.4423466704281872, "unity": 1.7010250404087484}}, "misses": {"u_ball_d384": 0.965, "u_cube_d640": 0.691, "s_lap_d64_N12000": 0.973}, "seconds": 26.2, "models": 106081}
{"worst_transfer_worlds": [["s_lap_d64_N12000", 0.973], ["u_ball_d384", 0.965], ["u_cube_d640", 0.691], ["u_fou_m6_d256", 0.639], ["s_wiki1024_N12000", 0.636], ["s_fou_m8_d64_N16000", 0.583]], "groups": {"train": {"law": 0.357, "d2v7": 0.328, "unity": 1.658}, "heldout": {"law": 0.386, "d2v7": 0.304, "unity": 1.412}, "unseen": {"law": 0.443, "d2v7": 0.468, "unity": 1.798}, "real": {"law": 0.472, "d2v7": 0.271, "unity": 0.713}, "scale": {"law": 0.541, "d2v7": 0.467, "unity": 1.96}}}
EXPLORE3_DONE
== N-B3h: as N-B3 with ball_d128 moved to held-out
{"config": "nodiv_3_held+ball_d128", "features": ["inv_cv_knn_c0.02", "inv_hill_rk_c0.05", "sqrt_id_twonn"], "coef": [-1.6377, -0.1479, 0.1595, 0.5289], "heldout": 0.3152, "REF": 0.3114, "bars": {"L1": true, "L2": false, "L3": true, "L4": false, "L5": false, "transfer_pooled": {"law": 0.5675643772491443, "d2v7": 0.4423466704281872, "unity": 1.7010250404087484}}, "misses": {"u_twoscale_d64": 1.314, "u_cube_d448": 0.65, "u_ball_d384": 0.932, "u_cube_d640": 0.896, "s_wiki1024_N12000": 0.679, "s_sift128_N16000": 0.748, "s_lap_d64_N12000": 0.856}, "seconds": 24.1, "models": 106081}
{"worst_transfer_worlds": [["u_twoscale_d64", 1.314], ["u_ball_d384", 0.932], ["u_cube_d640", 0.896], ["s_lap_d64_N12000", 0.856], ["s_sift128_N16000", 0.748], ["r_siftq128", 0.724]], "groups": {"train": {"law": 0.323, "d2v7": 0.328, "unity": 1.658}, "heldout": {"law": 0.334, "d2v7": 0.304, "unity": 1.412}, "unseen": {"law": 0.545, "d2v7": 0.468, "unity": 1.798}, "real": {"law": 0.636, "d2v7": 0.271, "unity": 0.713}, "scale": {"law": 0.588, "d2v7": 0.467, "unity": 1.96}}}
EXPLORE3_DONE
== N-A4h: as N-A3h with 4 terms
{"config": "nodiv_4_held+ball_d128", "features": ["inv_cv_knn_c0.02", "inv_d_nom", "log_d_ent", "sqrt_id_twonn"], "coef": [-1.0395, -0.0794, 12.0041, 0.2798, 0.3858], "heldout": 0.3075, "REF": 0.3206, "bars": {"L1": true, "L2": false, "L3": true, "L4": false, "L5": false, "transfer_pooled": {"law": 0.44562059158128703, "d2v7": 0.4423466704281872, "unity": 1.7010250404087484}}, "misses": {"u_ball_d384": 0.959, "u_cube_d640": 0.689, "s_lap_d64_N12000": 0.935}, "seconds": 640.8, "models": 2229636}
{"worst_transfer_worlds": [["u_ball_d384", 0.959], ["s_lap_d64_N12000", 0.935], ["u_cube_d640", 0.689], ["u_twoscale_d64", 0.577], ["s_fou_m8_d64_N16000", 0.572], ["u_fou_m6_d256", 0.526]], "groups": {"train": {"law": 0.348, "d2v7": 0.328, "unity": 1.658}, "heldout": {"law": 0.375, "d2v7": 0.304, "unity": 1.412}, "unseen": {"law": 0.446, "d2v7": 0.468, "unity": 1.798}, "real": {"law": 0.381, "d2v7": 0.271, "unity": 0.713}, "scale": {"law": 0.499, "d2v7": 0.467, "unity": 1.96}}}
EXPLORE3_DONE
== ALL3_DONE
