== start Thu Sep 10 03:45:15 PM UTC 2026 HEAD aa48a815 role run seal 01e8f0c639365d326cc09070f3793d343320d2a4
{"world": "r_ic21_N256_nu0", "N": 256, "nu": 0.0, "t_star": 0.6395, "samples": 31, "classical_alarm": 0.48000000000000015, "obs_alarms": {"2": null, "4": null, "8": null, "16": null, "32": null, "64": null}, "seconds": 2.8}
{"world": "r_ic21_N256_nu0.005", "N": 256, "nu": 0.005, "t_star": 0.6395, "samples": 31, "classical_alarm": 0.5200000000000001, "obs_alarms": {"2": null, "4": null, "8": null, "16": null, "32": null, "64": null}, "seconds": 2.8}
{"world": "r_ic21_N256_nu0.02", "N": 256, "nu": 0.02, "t_star": 0.6395, "samples": 31, "classical_alarm": null, "obs_alarms": {"2": null, "4": null, "8": null, "16": null, "32": null, "64": null}, "seconds": 2.8}
{"world": "r_ic21_N512_nu0", "N": 512, "nu": 0.0, "t_star": 0.6395, "samples": 31, "classical_alarm": 0.48000000000000015, "obs_alarms": {"2": null, "4": null, "8": null, "16": null, "32": null, "64": null}, "seconds": 7.1}
{"world": "r_ic21_N512_nu0.005", "N": 512, "nu": 0.005, "t_star": 0.6395, "samples": 31, "classical_alarm": 0.5200000000000001, "obs_alarms": {"2": null, "4": null, "8": null, "16": null, "32": null, "64": null}, "seconds": 7.0}
{"world": "r_ic21_N512_nu0.02", "N": 512, "nu": 0.02, "t_star": 0.6395, "samples": 31, "classical_alarm": null, "obs_alarms": {"2": null, "4": null, "8": null, "16": null, "32": null, "64": null}, "seconds": 7.1}
{"world": "r_ic22_N256_nu0", "N": 256, "nu": 0.0, "t_star": 0.8312, "samples": 40, "classical_alarm": 0.6400000000000002, "obs_alarms": {"2": null, "4": null, "8": null, "16": null, "32": null, "64": null}, "seconds": 3.6}
{"world": "r_ic22_N256_nu0.005", "N": 256, "nu": 0.005, "t_star": 0.8312, "samples": 40, "classical_alarm": 0.6800000000000003, "obs_alarms": {"2": null, "4": null, "8": null, "16": null, "32": null, "64": null}, "seconds": 3.6}
{"world": "r_ic22_N256_nu0.02", "N": 256, "nu": 0.02, "t_star": 0.8312, "samples": 40, "classical_alarm": null, "obs_alarms": {"2": null, "4": null, "8": null, "16": null, "32": null, "64": null}, "seconds": 3.6}
{"world": "r_ic22_N512_nu0", "N": 512, "nu": 0.0, "t_star": 0.8312, "samples": 40, "classical_alarm": 0.6400000000000002, "obs_alarms": {"2": null, "4": null, "8": null, "16": null, "32": null, "64": null}, "seconds": 9.0}
{"world": "r_ic22_N512_nu0.005", "N": 512, "nu": 0.005, "t_star": 0.8312, "samples": 40, "classical_alarm": 0.6800000000000003, "obs_alarms": {"2": null, "4": null, "8": null, "16": null, "32": null, "64": null}, "seconds": 9.0}
{"world": "r_ic22_N512_nu0.02", "N": 512, "nu": 0.02, "t_star": 0.8312, "samples": 40, "classical_alarm": null, "obs_alarms": {"2": null, "4": null, "8": null, "16": null, "32": null, "64": null}, "seconds": 9.0}
{"world": "r_ic23_N256_nu0", "N": 256, "nu": 0.0, "t_star": 0.7835, "samples": 38, "classical_alarm": 0.5400000000000001, "obs_alarms": {"2": null, "4": null, "8": null, "16": null, "32": null, "64": null}, "seconds": 3.4}
{"world": "r_ic23_N256_nu0.005", "N": 256, "nu": 0.005, "t_star": 0.7835, "samples": 38, "classical_alarm": 0.5600000000000002, "obs_alarms": {"2": null, "4": null, "8": null, "16": null, "32": null, "64": null}, "seconds": 3.4}
{"world": "r_ic23_N256_nu0.02", "N": 256, "nu": 0.02, "t_star": 0.7835, "samples": 38, "classical_alarm": 0.6600000000000003, "obs_alarms": {"2": null, "4": null, "8": null, "16": null, "32": null, "64": null}, "seconds": 3.4}
{"world": "r_ic23_N512_nu0", "N": 512, "nu": 0.0, "t_star": 0.7835, "samples": 38, "classical_alarm": 0.5400000000000001, "obs_alarms": {"2": null, "4": null, "8": null, "16": null, "32": null, "64": null}, "seconds": 8.5}
{"world": "r_ic23_N512_nu0.005", "N": 512, "nu": 0.005, "t_star": 0.7835, "samples": 38, "classical_alarm": 0.5600000000000002, "obs_alarms": {"2": null, "4": null, "8": null, "16": null, "32": null, "64": null}, "seconds": 8.5}
{"world": "r_ic23_N512_nu0.02", "N": 512, "nu": 0.02, "t_star": 0.7835, "samples": 38, "classical_alarm": 0.6600000000000003, "obs_alarms": {"2": null, "4": null, "8": null, "16": null, "32": null, "64": null}, "seconds": 8.7}
{"world": "r_ic24_N256_nu0", "N": 256, "nu": 0.0, "t_star": 0.6996, "samples": 34, "classical_alarm": 0.48000000000000015, "obs_alarms": {"2": 0.6400000000000002, "4": null, "8": null, "16": null, "32": null, "64": null}, "seconds": 3.1}
{"world": "r_ic24_N256_nu0.005", "N": 256, "nu": 0.005, "t_star": 0.6996, "samples": 34, "classical_alarm": 0.5000000000000001, "obs_alarms": {"2": null, "4": null, "8": null, "16": null, "32": null, "64": null}, "seconds": 3.1}
{"world": "r_ic24_N256_nu0.02", "N": 256, "nu": 0.02, "t_star": 0.6996, "samples": 34, "classical_alarm": 0.5800000000000002, "obs_alarms": {"2": null, "4": null, "8": null, "16": null, "32": null, "64": null}, "seconds": 3.1}
{"world": "r_ic24_N512_nu0", "N": 512, "nu": 0.0, "t_star": 0.6996, "samples": 34, "classical_alarm": 0.48000000000000015, "obs_alarms": {"2": null, "4": null, "8": null, "16": null, "32": null, "64": null}, "seconds": 7.5}
{"world": "r_ic24_N512_nu0.005", "N": 512, "nu": 0.005, "t_star": 0.6996, "samples": 34, "classical_alarm": 0.5000000000000001, "obs_alarms": {"2": null, "4": null, "8": null, "16": null, "32": null, "64": null}, "seconds": 7.6}
{"world": "r_ic24_N512_nu0.02", "N": 512, "nu": 0.02, "t_star": 0.6996, "samples": 34, "classical_alarm": 0.5800000000000002, "obs_alarms": {"2": null, "4": null, "8": null, "16": null, "32": null, "64": null}, "seconds": 7.6}
{"world": "c_ns2d_64_ic51", "N": 64, "nu": 0.001, "samples": 81, "max_grad_ratio": 1.321, "obs_alarms": {"2": 0.49999999999999994, "4": 2.000000000000001, "8": null, "16": null}, "seconds": 161.8}
{"world": "c_ns2d_64_ic52", "N": 64, "nu": 0.001, "samples": 81, "max_grad_ratio": 1.017, "obs_alarms": {"2": 1.0500000000000003, "4": 1.7000000000000008, "8": 2.5999999999999988, "16": null}, "seconds": 162.8}
== RUN_DONE rc=0
