== start Thu Sep 10 02:39:30 AM UTC 2026 HEAD c4e15f0 role pilot seal 
{"world": "g_a0_d64", "rows": 72, "rank_eff": 3.65, "null": 23.84, "jac_same": 0.346, "jac_diff": 0.17, "seconds": 4.8}
{"world": "g_a0_d128", "rows": 72, "rank_eff": 4.86, "null": 23.86, "jac_same": 0.301, "jac_diff": 0.128, "seconds": 5.0}
{"world": "g_a05_d32", "rows": 72, "rank_eff": 2.69, "null": 23.86, "jac_same": 0.396, "jac_diff": 0.227, "seconds": 4.4}
{"world": "g_a05_d64", "rows": 82, "rank_eff": 3.61, "null": 23.86, "jac_same": 0.331, "jac_diff": 0.159, "seconds": 7.0}
{"world": "g_a1_d64", "rows": 72, "rank_eff": 3.39, "null": 23.86, "jac_same": 0.335, "jac_diff": 0.162, "seconds": 4.5}
{"world": "g_a1_d128", "rows": 72, "rank_eff": 4.06, "null": 23.86, "jac_same": 0.313, "jac_diff": 0.143, "seconds": 4.9}
{"world": "cube_d32", "rows": 72, "rank_eff": 3.43, "null": 23.86, "jac_same": 0.356, "jac_diff": 0.177, "seconds": 4.5}
{"world": "cube_d128", "rows": 72, "rank_eff": 6.36, "null": 23.86, "jac_same": 0.247, "jac_diff": 0.083, "seconds": 5.0}
{"world": "ball_d64", "rows": 72, "rank_eff": 10.56, "null": 23.87, "jac_same": 0.216, "jac_diff": 0.055, "seconds": 4.6}
{"world": "ball_d128", "rows": 72, "rank_eff": 13.7, "null": 23.87, "jac_same": 0.193, "jac_diff": 0.034, "seconds": 5.0}
{"world": "t5_d32", "rows": 72, "rank_eff": 2.16, "null": 23.87, "jac_same": 0.455, "jac_diff": 0.298, "seconds": 4.5}
{"world": "t5_d128", "rows": 72, "rank_eff": 2.78, "null": 23.85, "jac_same": 0.449, "jac_diff": 0.237, "seconds": 4.7}
{"world": "mix4_d64", "rows": 72, "rank_eff": 4.03, "null": 23.86, "jac_same": 0.315, "jac_diff": 0.14, "seconds": 4.6}
{"world": "sub_m4_d64", "rows": 72, "rank_eff": 2.97, "null": 23.88, "jac_same": 0.224, "jac_diff": 0.058, "seconds": 4.5}
{"world": "sub_m8_d64", "rows": 72, "rank_eff": 2.05, "null": 23.88, "jac_same": 0.271, "jac_diff": 0.113, "seconds": 4.6}
{"world": "sub_m16_d128", "rows": 72, "rank_eff": 2.1, "null": 23.86, "jac_same": 0.431, "jac_diff": 0.266, "seconds": 4.8}
{"world": "fou_m4_d64", "rows": 72, "rank_eff": 3.12, "null": 23.88, "jac_same": 0.243, "jac_diff": 0.064, "seconds": 4.6}
{"world": "fou_m8_d128", "rows": 72, "rank_eff": 3.24, "null": 23.88, "jac_same": 0.252, "jac_diff": 0.074, "seconds": 4.9}
{"world": "fou_m16_d64", "rows": 72, "rank_eff": 3.64, "null": 23.87, "jac_same": 0.334, "jac_diff": 0.16, "seconds": 4.5}
{"world": "tor_m4_d64", "rows": 72, "rank_eff": 4.06, "null": 23.85, "jac_same": 0.275, "jac_diff": 0.092, "seconds": 4.6}
{"world": "tor_m8_d128", "rows": 72, "rank_eff": 7.41, "null": 23.87, "jac_same": 0.223, "jac_diff": 0.047, "seconds": 5.0}
{"world": "tor_m16_d64", "rows": 72, "rank_eff": 12.29, "null": 23.87, "jac_same": 0.188, "jac_diff": 0.024, "seconds": 4.6}
{"world": "roll_d64", "rows": 72, "rank_eff": 3.43, "null": 23.85, "jac_same": 0.283, "jac_diff": 0.102, "seconds": 4.6}
{"world": "roll_d128", "rows": 72, "rank_eff": 3.83, "null": 23.87, "jac_same": 0.295, "jac_diff": 0.1, "seconds": 5.1}
{"world": "g_a05_d64_N2000", "rows": 72, "rank_eff": 3.79, "null": 23.76, "jac_same": 0.313, "jac_diff": 0.143, "seconds": 1.3}
{"world": "cube_d256", "rows": 72, "rank_eff": 8.16, "null": 23.86, "jac_same": 0.222, "jac_diff": 0.06, "seconds": 5.9}
{"world": "g_a0_d256", "rows": 72, "rank_eff": 6.36, "null": 23.88, "jac_same": 0.255, "jac_diff": 0.09, "seconds": 5.8}
{"world": "g_a1_d256", "rows": 72, "rank_eff": 4.52, "null": 23.89, "jac_same": 0.288, "jac_diff": 0.12, "seconds": 6.1}
{"world": "t3_d64", "rows": 72, "rank_eff": 2.54, "null": 23.87, "jac_same": 0.451, "jac_diff": 0.277, "seconds": 4.4}
{"world": "t3_d128", "rows": 72, "rank_eff": 2.86, "null": 23.84, "jac_same": 0.439, "jac_diff": 0.23, "seconds": 5.1}
{"world": "lap_d64", "rows": 72, "rank_eff": 2.97, "null": 23.86, "jac_same": 0.398, "jac_diff": 0.221, "seconds": 4.5}
{"world": "t4_d192", "rows": 72, "rank_eff": 2.96, "null": 23.87, "jac_same": 0.462, "jac_diff": 0.235, "seconds": 5.5}
{"world": "lap_d128", "rows": 72, "rank_eff": 4.08, "null": 23.85, "jac_same": 0.337, "jac_diff": 0.146, "seconds": 5.0}
{"world": "t3_d256", "rows": 72, "rank_eff": 3.08, "null": 23.84, "jac_same": 0.459, "jac_diff": 0.211, "seconds": 5.7}
{"world": "t5_d256", "rows": 72, "rank_eff": 3.05, "null": 23.86, "jac_same": 0.469, "jac_diff": 0.23, "seconds": 5.8}
{"world": "lap_d192", "rows": 72, "rank_eff": 4.68, "null": 23.85, "jac_same": 0.309, "jac_diff": 0.128, "seconds": 5.6}
{"world": "lap_d256", "rows": 72, "rank_eff": 5.09, "null": 23.78, "jac_same": 0.293, "jac_diff": 0.105, "seconds": 5.9}
{"world": "cube_d384", "rows": 72, "rank_eff": 8.81, "null": 23.88, "jac_same": 0.221, "jac_diff": 0.058, "seconds": 7.1}
{"world": "g_a0_d384", "rows": 72, "rank_eff": 7.29, "null": 23.87, "jac_same": 0.248, "jac_diff": 0.076, "seconds": 7.1}
{"world": "cube_d512", "rows": 72, "rank_eff": 9.52, "null": 23.85, "jac_same": 0.211, "jac_diff": 0.05, "seconds": 8.4}
{"world": "g_a05_d512", "rows": 72, "rank_eff": 6.96, "null": 23.87, "jac_same": 0.247, "jac_diff": 0.077, "seconds": 8.6}
{"world": "h_g_a025_d48", "rows": 36, "rank_eff": 2.66, "null": 11.97, "jac_same": 0.359, "jac_diff": 0.191, "seconds": 2.3}
{"world": "h_t3_d96", "rows": 36, "rank_eff": 2.42, "null": 11.96, "jac_same": 0.476, "jac_diff": 0.251, "seconds": 2.3}
{"world": "h_ball_d96", "rows": 36, "rank_eff": 8.01, "null": 11.97, "jac_same": 0.131, "jac_diff": 0.032, "seconds": 2.4}
{"world": "h_mix8_d48", "rows": 36, "rank_eff": 3.24, "null": 11.97, "jac_same": 0.31, "jac_diff": 0.14, "seconds": 2.2}
{"world": "h_sub_m6_d96", "rows": 36, "rank_eff": 1.98, "null": 11.97, "jac_same": 0.179, "jac_diff": 0.044, "seconds": 2.4}
{"world": "h_fou_m12_d96", "rows": 36, "rank_eff": 3.69, "null": 11.97, "jac_same": 0.294, "jac_diff": 0.118, "seconds": 2.4}
{"world": "h_tor_m6_d48", "rows": 36, "rank_eff": 5.28, "null": 11.96, "jac_same": 0.173, "jac_diff": 0.03, "seconds": 2.2}
{"world": "h_sub_m8_d64_noisy", "rows": 36, "rank_eff": 1.86, "null": 11.97, "jac_same": 0.248, "jac_diff": 0.107, "seconds": 2.2}
{"world": "h_g_a05_d192", "rows": 36, "rank_eff": 4.55, "null": 11.97, "jac_same": 0.27, "jac_diff": 0.081, "seconds": 2.8}
== PILOT_DONE rc=0
