== start Thu Sep 10 02:47:36 AM UTC 2026 HEAD 0043cbe role run seal bdbec118928ce26678d460b04566d1185434c7df
{"world": "g_a0_d64", "rows": 72, "rank_eff": 3.7, "null": 23.85, "jac_same": 0.332, "jac_diff": 0.155, "seconds": 4.9}
{"world": "g_a0_d128", "rows": 72, "rank_eff": 5.22, "null": 23.86, "jac_same": 0.285, "jac_diff": 0.11, "seconds": 5.0}
{"world": "g_a05_d32", "rows": 72, "rank_eff": 2.64, "null": 23.86, "jac_same": 0.405, "jac_diff": 0.234, "seconds": 4.4}
{"world": "g_a05_d64", "rows": 82, "rank_eff": 3.6, "null": 23.86, "jac_same": 0.334, "jac_diff": 0.16, "seconds": 7.0}
{"world": "g_a1_d64", "rows": 72, "rank_eff": 3.46, "null": 23.86, "jac_same": 0.324, "jac_diff": 0.152, "seconds": 4.6}
{"world": "g_a1_d128", "rows": 72, "rank_eff": 4.0, "null": 23.84, "jac_same": 0.303, "jac_diff": 0.136, "seconds": 4.7}
{"world": "cube_d32", "rows": 72, "rank_eff": 3.44, "null": 23.85, "jac_same": 0.351, "jac_diff": 0.174, "seconds": 4.4}
{"world": "cube_d128", "rows": 72, "rank_eff": 6.48, "null": 23.88, "jac_same": 0.248, "jac_diff": 0.08, "seconds": 4.9}
{"world": "ball_d64", "rows": 72, "rank_eff": 10.28, "null": 23.88, "jac_same": 0.22, "jac_diff": 0.054, "seconds": 4.5}
{"world": "ball_d128", "rows": 72, "rank_eff": 13.58, "null": 23.87, "jac_same": 0.195, "jac_diff": 0.033, "seconds": 4.9}
{"world": "t5_d32", "rows": 72, "rank_eff": 2.2, "null": 23.86, "jac_same": 0.449, "jac_diff": 0.29, "seconds": 4.5}
{"world": "t5_d128", "rows": 72, "rank_eff": 2.78, "null": 23.88, "jac_same": 0.456, "jac_diff": 0.247, "seconds": 4.9}
{"world": "mix4_d64", "rows": 72, "rank_eff": 4.07, "null": 23.87, "jac_same": 0.312, "jac_diff": 0.139, "seconds": 4.5}
{"world": "sub_m4_d64", "rows": 72, "rank_eff": 3.19, "null": 23.85, "jac_same": 0.231, "jac_diff": 0.054, "seconds": 4.5}
{"world": "sub_m8_d64", "rows": 72, "rank_eff": 2.07, "null": 23.86, "jac_same": 0.264, "jac_diff": 0.098, "seconds": 4.6}
{"world": "sub_m16_d128", "rows": 72, "rank_eff": 2.08, "null": 23.88, "jac_same": 0.426, "jac_diff": 0.259, "seconds": 5.0}
{"world": "fou_m4_d64", "rows": 72, "rank_eff": 3.18, "null": 23.86, "jac_same": 0.247, "jac_diff": 0.066, "seconds": 4.4}
{"world": "fou_m8_d128", "rows": 72, "rank_eff": 2.99, "null": 23.86, "jac_same": 0.276, "jac_diff": 0.091, "seconds": 4.7}
{"world": "fou_m16_d64", "rows": 72, "rank_eff": 3.7, "null": 23.86, "jac_same": 0.329, "jac_diff": 0.159, "seconds": 4.5}
{"world": "tor_m4_d64", "rows": 72, "rank_eff": 4.17, "null": 23.85, "jac_same": 0.27, "jac_diff": 0.089, "seconds": 4.4}
{"world": "tor_m8_d128", "rows": 72, "rank_eff": 7.26, "null": 23.86, "jac_same": 0.224, "jac_diff": 0.048, "seconds": 4.9}
{"world": "tor_m16_d64", "rows": 72, "rank_eff": 12.24, "null": 23.85, "jac_same": 0.189, "jac_diff": 0.025, "seconds": 4.5}
{"world": "roll_d64", "rows": 72, "rank_eff": 3.32, "null": 23.87, "jac_same": 0.297, "jac_diff": 0.117, "seconds": 4.5}
{"world": "roll_d128", "rows": 72, "rank_eff": 3.94, "null": 23.88, "jac_same": 0.281, "jac_diff": 0.088, "seconds": 4.9}
{"world": "g_a05_d64_N2000", "rows": 72, "rank_eff": 3.55, "null": 23.74, "jac_same": 0.337, "jac_diff": 0.167, "seconds": 1.2}
{"world": "cube_d256", "rows": 72, "rank_eff": 8.31, "null": 23.86, "jac_same": 0.223, "jac_diff": 0.062, "seconds": 5.8}
{"world": "g_a0_d256", "rows": 72, "rank_eff": 6.21, "null": 23.87, "jac_same": 0.268, "jac_diff": 0.093, "seconds": 6.0}
{"world": "g_a1_d256", "rows": 72, "rank_eff": 4.41, "null": 23.85, "jac_same": 0.292, "jac_diff": 0.125, "seconds": 5.9}
{"world": "t3_d64", "rows": 72, "rank_eff": 2.58, "null": 23.84, "jac_same": 0.446, "jac_diff": 0.274, "seconds": 4.7}
{"world": "t3_d128", "rows": 72, "rank_eff": 2.85, "null": 23.88, "jac_same": 0.456, "jac_diff": 0.236, "seconds": 4.9}
{"world": "lap_d64", "rows": 72, "rank_eff": 3.09, "null": 23.87, "jac_same": 0.392, "jac_diff": 0.205, "seconds": 4.6}
{"world": "t4_d192", "rows": 72, "rank_eff": 2.95, "null": 23.88, "jac_same": 0.457, "jac_diff": 0.246, "seconds": 5.1}
{"world": "lap_d128", "rows": 72, "rank_eff": 4.05, "null": 23.85, "jac_same": 0.337, "jac_diff": 0.152, "seconds": 5.0}
{"world": "t3_d256", "rows": 72, "rank_eff": 3.09, "null": 23.86, "jac_same": 0.458, "jac_diff": 0.216, "seconds": 6.2}
{"world": "t5_d256", "rows": 72, "rank_eff": 3.15, "null": 23.85, "jac_same": 0.432, "jac_diff": 0.198, "seconds": 5.6}
{"world": "lap_d192", "rows": 72, "rank_eff": 4.65, "null": 23.87, "jac_same": 0.31, "jac_diff": 0.126, "seconds": 5.4}
{"world": "lap_d256", "rows": 72, "rank_eff": 5.28, "null": 23.87, "jac_same": 0.29, "jac_diff": 0.111, "seconds": 5.9}
{"world": "cube_d384", "rows": 72, "rank_eff": 9.21, "null": 23.87, "jac_same": 0.212, "jac_diff": 0.053, "seconds": 7.1}
{"world": "g_a0_d384", "rows": 72, "rank_eff": 7.22, "null": 23.86, "jac_same": 0.247, "jac_diff": 0.078, "seconds": 7.1}
{"world": "cube_d512", "rows": 72, "rank_eff": 9.54, "null": 23.88, "jac_same": 0.217, "jac_diff": 0.052, "seconds": 8.3}
{"world": "g_a05_d512", "rows": 72, "rank_eff": 7.02, "null": 23.88, "jac_same": 0.249, "jac_diff": 0.077, "seconds": 8.3}
{"world": "h_g_a025_d48", "rows": 36, "rank_eff": 2.64, "null": 11.97, "jac_same": 0.364, "jac_diff": 0.202, "seconds": 2.3}
{"world": "h_t3_d96", "rows": 36, "rank_eff": 2.32, "null": 11.96, "jac_same": 0.465, "jac_diff": 0.267, "seconds": 2.5}
{"world": "h_ball_d96", "rows": 36, "rank_eff": 8.02, "null": 11.96, "jac_same": 0.137, "jac_diff": 0.029, "seconds": 2.3}
{"world": "h_mix8_d48", "rows": 36, "rank_eff": 3.29, "null": 11.97, "jac_same": 0.303, "jac_diff": 0.138, "seconds": 2.2}
{"world": "h_sub_m6_d96", "rows": 36, "rank_eff": 2.1, "null": 11.97, "jac_same": 0.18, "jac_diff": 0.039, "seconds": 2.3}
{"world": "h_fou_m12_d96", "rows": 36, "rank_eff": 3.63, "null": 11.96, "jac_same": 0.279, "jac_diff": 0.12, "seconds": 2.3}
{"world": "h_tor_m6_d48", "rows": 36, "rank_eff": 5.21, "null": 11.98, "jac_same": 0.169, "jac_diff": 0.032, "seconds": 2.3}
{"world": "h_sub_m8_d64_noisy", "rows": 36, "rank_eff": 1.89, "null": 11.96, "jac_same": 0.227, "jac_diff": 0.1, "seconds": 2.3}
{"world": "h_g_a05_d192", "rows": 36, "rank_eff": 4.53, "null": 11.98, "jac_same": 0.267, "jac_diff": 0.092, "seconds": 2.7}
{"world": "u_lognormal_d64", "rows": 72, "rank_eff": 2.97, "null": 23.86, "jac_same": 0.37, "jac_diff": 0.199, "seconds": 4.6}
{"world": "u_shell_d64", "rows": 72, "rank_eff": 14.57, "null": 23.86, "jac_same": 0.187, "jac_diff": 0.02, "seconds": 4.6}
{"world": "u_twoscale_d64", "rows": 72, "rank_eff": 4.08, "null": 23.86, "jac_same": 0.32, "jac_diff": 0.142, "seconds": 4.6}
{"world": "u_t25_d32", "rows": 72, "rank_eff": 2.37, "null": 23.85, "jac_same": 0.433, "jac_diff": 0.283, "seconds": 4.3}
{"world": "u_sub_m12_d256", "rows": 72, "rank_eff": 1.98, "null": 23.86, "jac_same": 0.404, "jac_diff": 0.239, "seconds": 6.0}
{"world": "u_fou_m6_d256", "rows": 72, "rank_eff": 2.96, "null": 23.86, "jac_same": 0.239, "jac_diff": 0.057, "seconds": 5.9}
{"world": "u_fou_m24_d128", "rows": 72, "rank_eff": 4.83, "null": 23.85, "jac_same": 0.288, "jac_diff": 0.114, "seconds": 4.9}
{"world": "u_tor_m10_d64_clean", "rows": 72, "rank_eff": 8.25, "null": 23.88, "jac_same": 0.215, "jac_diff": 0.042, "seconds": 4.6}
{"world": "u_cube_d448", "rows": 72, "rank_eff": 9.19, "null": 23.86, "jac_same": 0.216, "jac_diff": 0.052, "seconds": 7.6}
{"world": "u_g_a0_d512", "rows": 72, "rank_eff": 8.18, "null": 23.85, "jac_same": 0.233, "jac_diff": 0.067, "seconds": 8.4}
{"world": "u_ball_d384", "rows": 72, "rank_eff": 15.58, "null": 23.85, "jac_same": 0.186, "jac_diff": 0.023, "seconds": 7.1}
{"world": "u_ball_d256", "rows": 72, "rank_eff": 15.18, "null": 23.88, "jac_same": 0.187, "jac_diff": 0.024, "seconds": 5.9}
{"world": "u_cube_d640", "rows": 72, "rank_eff": 10.1, "null": 23.86, "jac_same": 0.215, "jac_diff": 0.049, "seconds": 9.8}
{"world": "u_t4_d256", "rows": 72, "rank_eff": 3.01, "null": 23.86, "jac_same": 0.445, "jac_diff": 0.222, "seconds": 5.8}
{"world": "u_laplace_d224", "rows": 72, "rank_eff": 4.96, "null": 23.87, "jac_same": 0.309, "jac_diff": 0.124, "seconds": 5.6}
{"world": "u_t25_d128", "rows": 72, "rank_eff": 2.92, "null": 23.9, "jac_same": 0.454, "jac_diff": 0.241, "seconds": 4.8}
{"world": "u_lognormal_d192", "rows": 72, "rank_eff": 4.49, "null": 23.86, "jac_same": 0.311, "jac_diff": 0.131, "seconds": 5.5}
{"world": "u_t6_d192", "rows": 72, "rank_eff": 3.01, "null": 23.84, "jac_same": 0.444, "jac_diff": 0.228, "seconds": 5.3}
{"world": "r_wiki1024", "rows": 82, "rank_eff": 5.83, "null": 23.85, "jac_same": 0.27, "jac_diff": 0.077, "seconds": 20.2}
{"world": "r_sift128", "rows": 72, "rank_eff": 4.9, "null": 23.88, "jac_same": 0.281, "jac_diff": 0.101, "seconds": 5.0}
{"world": "r_wiki1024_b", "rows": 72, "rank_eff": 5.95, "null": 23.87, "jac_same": 0.274, "jac_diff": 0.082, "seconds": 16.1}
{"world": "r_siftq128", "rows": 72, "rank_eff": 4.3, "null": 23.87, "jac_same": 0.304, "jac_diff": 0.125, "seconds": 4.9}
{"world": "s_g_a05_d64_N16000", "rows": 36, "rank_eff": 3.06, "null": 11.99, "jac_same": 0.37, "jac_diff": 0.187, "seconds": 32.5}
{"world": "s_t5_d64_N16000", "rows": 36, "rank_eff": 2.46, "null": 11.99, "jac_same": 0.443, "jac_diff": 0.271, "seconds": 33.1}
{"world": "s_fou_m8_d64_N16000", "rows": 36, "rank_eff": 2.8, "null": 11.99, "jac_same": 0.268, "jac_diff": 0.089, "seconds": 33.2}
{"world": "s_wiki1024_N12000", "rows": 36, "rank_eff": 5.09, "null": 11.99, "jac_same": 0.273, "jac_diff": 0.084, "seconds": 37.0}
{"world": "s_sift128_N16000", "rows": 36, "rank_eff": 3.39, "null": 11.99, "jac_same": 0.324, "jac_diff": 0.151, "seconds": 34.0}
{"world": "s_t3_d64_N16000", "rows": 36, "rank_eff": 2.55, "null": 11.99, "jac_same": 0.422, "jac_diff": 0.26, "seconds": 31.5}
{"world": "s_lap_d64_N12000", "rows": 36, "rank_eff": 2.75, "null": 11.99, "jac_same": 0.419, "jac_diff": 0.23, "seconds": 18.9}
{"world": "s_t4_d128_N12000", "rows": 36, "rank_eff": 2.84, "null": 11.99, "jac_same": 0.455, "jac_diff": 0.233, "seconds": 19.7}
== RUN_DONE rc=0
