== start Wed Sep  9 08:20:58 PM UTC 2026 HEAD 96e8688 role pilot seal 
{"world": "g_a0_d64", "rows": 72, "rank_eff": 3.71, "null": 23.87, "jac_same": 0.337, "jac_diff": 0.159, "seconds": 5.0}
{"world": "g_a0_d128", "rows": 72, "rank_eff": 4.93, "null": 23.87, "jac_same": 0.296, "jac_diff": 0.118, "seconds": 5.1}
{"world": "g_a05_d32", "rows": 72, "rank_eff": 2.69, "null": 23.88, "jac_same": 0.394, "jac_diff": 0.219, "seconds": 4.4}
{"world": "g_a05_d64", "rows": 82, "rank_eff": 3.51, "null": 23.86, "jac_same": 0.345, "jac_diff": 0.169, "seconds": 7.0}
{"world": "g_a1_d64", "rows": 72, "rank_eff": 3.5, "null": 23.86, "jac_same": 0.324, "jac_diff": 0.155, "seconds": 4.6}
{"world": "g_a1_d128", "rows": 72, "rank_eff": 3.91, "null": 23.86, "jac_same": 0.32, "jac_diff": 0.151, "seconds": 5.0}
{"world": "cube_d32", "rows": 72, "rank_eff": 3.36, "null": 23.85, "jac_same": 0.348, "jac_diff": 0.177, "seconds": 4.3}
{"world": "cube_d128", "rows": 72, "rank_eff": 6.43, "null": 23.87, "jac_same": 0.25, "jac_diff": 0.082, "seconds": 4.9}
{"world": "ball_d64", "rows": 72, "rank_eff": 9.97, "null": 23.86, "jac_same": 0.219, "jac_diff": 0.056, "seconds": 4.6}
{"world": "ball_d128", "rows": 72, "rank_eff": 13.54, "null": 23.85, "jac_same": 0.197, "jac_diff": 0.035, "seconds": 5.0}
{"world": "t5_d32", "rows": 72, "rank_eff": 2.17, "null": 23.87, "jac_same": 0.448, "jac_diff": 0.3, "seconds": 4.4}
{"world": "t5_d128", "rows": 72, "rank_eff": 2.85, "null": 23.86, "jac_same": 0.439, "jac_diff": 0.226, "seconds": 5.1}
{"world": "mix4_d64", "rows": 72, "rank_eff": 4.08, "null": 23.88, "jac_same": 0.314, "jac_diff": 0.14, "seconds": 4.5}
{"world": "sub_m4_d64", "rows": 72, "rank_eff": 3.0, "null": 23.87, "jac_same": 0.245, "jac_diff": 0.068, "seconds": 4.5}
{"world": "sub_m8_d64", "rows": 72, "rank_eff": 2.11, "null": 23.87, "jac_same": 0.277, "jac_diff": 0.103, "seconds": 4.7}
{"world": "sub_m16_d128", "rows": 72, "rank_eff": 2.11, "null": 23.85, "jac_same": 0.427, "jac_diff": 0.263, "seconds": 5.1}
{"world": "fou_m4_d64", "rows": 72, "rank_eff": 3.28, "null": 23.87, "jac_same": 0.239, "jac_diff": 0.06, "seconds": 4.6}
{"world": "fou_m8_d128", "rows": 72, "rank_eff": 3.02, "null": 23.88, "jac_same": 0.26, "jac_diff": 0.082, "seconds": 4.9}
{"world": "fou_m16_d64", "rows": 72, "rank_eff": 3.68, "null": 23.86, "jac_same": 0.336, "jac_diff": 0.158, "seconds": 4.5}
{"world": "tor_m4_d64", "rows": 72, "rank_eff": 3.95, "null": 23.87, "jac_same": 0.3, "jac_diff": 0.109, "seconds": 4.5}
{"world": "tor_m8_d128", "rows": 72, "rank_eff": 7.36, "null": 23.84, "jac_same": 0.224, "jac_diff": 0.052, "seconds": 4.9}
{"world": "tor_m16_d64", "rows": 72, "rank_eff": 12.11, "null": 23.86, "jac_same": 0.189, "jac_diff": 0.025, "seconds": 4.5}
{"world": "roll_d64", "rows": 72, "rank_eff": 3.5, "null": 23.86, "jac_same": 0.288, "jac_diff": 0.101, "seconds": 4.5}
{"world": "roll_d128", "rows": 72, "rank_eff": 3.83, "null": 23.84, "jac_same": 0.267, "jac_diff": 0.087, "seconds": 4.9}
{"world": "g_a05_d64_N2000", "rows": 72, "rank_eff": 3.63, "null": 23.76, "jac_same": 0.337, "jac_diff": 0.165, "seconds": 1.3}
{"world": "cube_d256", "rows": 72, "rank_eff": 8.18, "null": 23.85, "jac_same": 0.227, "jac_diff": 0.066, "seconds": 5.7}
{"world": "g_a0_d256", "rows": 72, "rank_eff": 6.49, "null": 23.88, "jac_same": 0.26, "jac_diff": 0.085, "seconds": 5.8}
{"world": "g_a1_d256", "rows": 72, "rank_eff": 4.55, "null": 23.87, "jac_same": 0.29, "jac_diff": 0.12, "seconds": 5.8}
{"world": "t3_d64", "rows": 72, "rank_eff": 2.57, "null": 23.87, "jac_same": 0.44, "jac_diff": 0.253, "seconds": 4.7}
{"world": "t3_d128", "rows": 72, "rank_eff": 2.81, "null": 23.87, "jac_same": 0.454, "jac_diff": 0.25, "seconds": 5.1}
{"world": "lap_d64", "rows": 72, "rank_eff": 3.03, "null": 23.88, "jac_same": 0.387, "jac_diff": 0.206, "seconds": 4.4}
{"world": "t4_d192", "rows": 72, "rank_eff": 2.97, "null": 23.86, "jac_same": 0.455, "jac_diff": 0.224, "seconds": 5.3}
{"world": "lap_d128", "rows": 72, "rank_eff": 3.97, "null": 23.87, "jac_same": 0.33, "jac_diff": 0.149, "seconds": 4.8}
{"world": "h_g_a025_d48", "rows": 36, "rank_eff": 2.65, "null": 11.97, "jac_same": 0.366, "jac_diff": 0.193, "seconds": 2.2}
{"world": "h_t3_d96", "rows": 36, "rank_eff": 2.36, "null": 11.97, "jac_same": 0.471, "jac_diff": 0.267, "seconds": 2.3}
{"world": "h_ball_d96", "rows": 36, "rank_eff": 8.08, "null": 11.97, "jac_same": 0.13, "jac_diff": 0.03, "seconds": 2.4}
{"world": "h_mix8_d48", "rows": 36, "rank_eff": 3.21, "null": 11.96, "jac_same": 0.316, "jac_diff": 0.145, "seconds": 2.3}
{"world": "h_sub_m6_d96", "rows": 36, "rank_eff": 2.09, "null": 11.97, "jac_same": 0.195, "jac_diff": 0.032, "seconds": 2.3}
{"world": "h_fou_m12_d96", "rows": 36, "rank_eff": 3.79, "null": 11.97, "jac_same": 0.298, "jac_diff": 0.12, "seconds": 2.3}
{"world": "h_tor_m6_d48", "rows": 36, "rank_eff": 5.54, "null": 11.97, "jac_same": 0.158, "jac_diff": 0.022, "seconds": 2.2}
{"world": "h_sub_m8_d64_noisy", "rows": 36, "rank_eff": 1.84, "null": 11.97, "jac_same": 0.245, "jac_diff": 0.101, "seconds": 2.3}
{"world": "h_g_a05_d192", "rows": 36, "rank_eff": 4.43, "null": 11.97, "jac_same": 0.267, "jac_diff": 0.088, "seconds": 2.7}
{"law": {"target": "skew", "features": ["inv_cv_d", "log_id_twonn", "sqrt_d_eff"], "coef": [-2.8022873414756475, -0.5096103778790827, 1.1904884065877568, 1.066977067416814], "transform": "identity", "train_rmse": 0.8990563526984731, "heldout_rmse": 0.7093253717224651, "n_terms": 3}, "competitor": {"target": "skew", "features": ["d_nom", "log_d_nom", "sqrt_d_nom"], "coef": [28.182120423408634, -0.1652925254522059, -17.943215428781752, 7.2939298548167715], "transform": "identity", "train_rmse": 2.711596472142065, "heldout_rmse": 2.382703341483977, "n_terms": 3}}
== PILOT_DONE rc=0
