== start Wed Sep  9 08:40:16 PM UTC 2026 HEAD d5cb9c5 role run seal 1b9592f8085e98ccac61bf4ef27d5065341bfea5
{"world": "g_a0_d64", "rows": 72, "rank_eff": 3.63, "null": 23.86, "jac_same": 0.34, "jac_diff": 0.165, "seconds": 4.8}
{"world": "g_a0_d128", "rows": 72, "rank_eff": 5.04, "null": 23.86, "jac_same": 0.285, "jac_diff": 0.11, "seconds": 5.0}
{"world": "g_a05_d32", "rows": 72, "rank_eff": 2.65, "null": 23.85, "jac_same": 0.399, "jac_diff": 0.23, "seconds": 4.4}
{"world": "g_a05_d64", "rows": 82, "rank_eff": 3.55, "null": 23.85, "jac_same": 0.328, "jac_diff": 0.158, "seconds": 7.0}
{"world": "g_a1_d64", "rows": 72, "rank_eff": 3.32, "null": 23.86, "jac_same": 0.34, "jac_diff": 0.173, "seconds": 4.6}
{"world": "g_a1_d128", "rows": 72, "rank_eff": 4.07, "null": 23.88, "jac_same": 0.305, "jac_diff": 0.133, "seconds": 5.0}
{"world": "cube_d32", "rows": 72, "rank_eff": 3.45, "null": 23.86, "jac_same": 0.337, "jac_diff": 0.165, "seconds": 4.5}
{"world": "cube_d128", "rows": 72, "rank_eff": 6.4, "null": 23.88, "jac_same": 0.249, "jac_diff": 0.085, "seconds": 5.0}
{"world": "ball_d64", "rows": 72, "rank_eff": 10.29, "null": 23.87, "jac_same": 0.22, "jac_diff": 0.055, "seconds": 4.6}
{"world": "ball_d128", "rows": 72, "rank_eff": 13.62, "null": 23.87, "jac_same": 0.193, "jac_diff": 0.032, "seconds": 4.9}
{"world": "t5_d32", "rows": 72, "rank_eff": 2.17, "null": 23.85, "jac_same": 0.451, "jac_diff": 0.29, "seconds": 4.4}
{"world": "t5_d128", "rows": 72, "rank_eff": 2.82, "null": 23.87, "jac_same": 0.445, "jac_diff": 0.235, "seconds": 4.9}
{"world": "mix4_d64", "rows": 72, "rank_eff": 4.02, "null": 23.87, "jac_same": 0.316, "jac_diff": 0.137, "seconds": 4.5}
{"world": "sub_m4_d64", "rows": 72, "rank_eff": 2.91, "null": 23.84, "jac_same": 0.248, "jac_diff": 0.069, "seconds": 4.6}
{"world": "sub_m8_d64", "rows": 72, "rank_eff": 2.08, "null": 23.87, "jac_same": 0.266, "jac_diff": 0.1, "seconds": 4.6}
{"world": "sub_m16_d128", "rows": 72, "rank_eff": 2.12, "null": 23.85, "jac_same": 0.422, "jac_diff": 0.26, "seconds": 4.9}
{"world": "fou_m4_d64", "rows": 72, "rank_eff": 3.05, "null": 23.88, "jac_same": 0.241, "jac_diff": 0.058, "seconds": 4.4}
{"world": "fou_m8_d128", "rows": 72, "rank_eff": 3.02, "null": 23.87, "jac_same": 0.255, "jac_diff": 0.076, "seconds": 4.9}
{"world": "fou_m16_d64", "rows": 72, "rank_eff": 3.61, "null": 23.87, "jac_same": 0.342, "jac_diff": 0.168, "seconds": 4.5}
{"world": "tor_m4_d64", "rows": 72, "rank_eff": 4.09, "null": 23.88, "jac_same": 0.283, "jac_diff": 0.097, "seconds": 4.5}
{"world": "tor_m8_d128", "rows": 72, "rank_eff": 7.44, "null": 23.86, "jac_same": 0.22, "jac_diff": 0.044, "seconds": 5.0}
{"world": "tor_m16_d64", "rows": 72, "rank_eff": 12.16, "null": 23.87, "jac_same": 0.19, "jac_diff": 0.025, "seconds": 4.6}
{"world": "roll_d64", "rows": 72, "rank_eff": 3.34, "null": 23.86, "jac_same": 0.279, "jac_diff": 0.095, "seconds": 4.5}
{"world": "roll_d128", "rows": 72, "rank_eff": 3.96, "null": 23.88, "jac_same": 0.27, "jac_diff": 0.086, "seconds": 5.0}
{"world": "g_a05_d64_N2000", "rows": 72, "rank_eff": 3.68, "null": 23.69, "jac_same": 0.335, "jac_diff": 0.164, "seconds": 1.3}
{"world": "cube_d256", "rows": 72, "rank_eff": 8.07, "null": 23.86, "jac_same": 0.228, "jac_diff": 0.064, "seconds": 5.9}
{"world": "g_a0_d256", "rows": 72, "rank_eff": 6.41, "null": 23.86, "jac_same": 0.255, "jac_diff": 0.085, "seconds": 6.0}
{"world": "g_a1_d256", "rows": 72, "rank_eff": 4.67, "null": 23.86, "jac_same": 0.278, "jac_diff": 0.111, "seconds": 5.9}
{"world": "t3_d64", "rows": 72, "rank_eff": 2.6, "null": 23.87, "jac_same": 0.445, "jac_diff": 0.262, "seconds": 4.5}
{"world": "t3_d128", "rows": 72, "rank_eff": 2.87, "null": 23.86, "jac_same": 0.453, "jac_diff": 0.236, "seconds": 4.9}
{"world": "lap_d64", "rows": 72, "rank_eff": 2.99, "null": 23.87, "jac_same": 0.387, "jac_diff": 0.208, "seconds": 4.6}
{"world": "t4_d192", "rows": 72, "rank_eff": 2.95, "null": 23.88, "jac_same": 0.464, "jac_diff": 0.236, "seconds": 5.6}
{"world": "lap_d128", "rows": 72, "rank_eff": 4.04, "null": 23.87, "jac_same": 0.329, "jac_diff": 0.141, "seconds": 4.9}
{"world": "h_g_a025_d48", "rows": 36, "rank_eff": 2.68, "null": 11.97, "jac_same": 0.356, "jac_diff": 0.191, "seconds": 2.2}
{"world": "h_t3_d96", "rows": 36, "rank_eff": 2.38, "null": 11.96, "jac_same": 0.481, "jac_diff": 0.247, "seconds": 2.5}
{"world": "h_ball_d96", "rows": 36, "rank_eff": 8.09, "null": 11.97, "jac_same": 0.13, "jac_diff": 0.031, "seconds": 2.4}
{"world": "h_mix8_d48", "rows": 36, "rank_eff": 3.22, "null": 11.97, "jac_same": 0.32, "jac_diff": 0.138, "seconds": 2.2}
{"world": "h_sub_m6_d96", "rows": 36, "rank_eff": 2.09, "null": 11.98, "jac_same": 0.193, "jac_diff": 0.045, "seconds": 2.4}
{"world": "h_fou_m12_d96", "rows": 36, "rank_eff": 3.79, "null": 11.97, "jac_same": 0.286, "jac_diff": 0.111, "seconds": 2.4}
{"world": "h_tor_m6_d48", "rows": 36, "rank_eff": 5.47, "null": 11.98, "jac_same": 0.163, "jac_diff": 0.028, "seconds": 2.2}
{"world": "h_sub_m8_d64_noisy", "rows": 36, "rank_eff": 1.89, "null": 11.97, "jac_same": 0.242, "jac_diff": 0.101, "seconds": 2.3}
{"world": "h_g_a05_d192", "rows": 36, "rank_eff": 4.62, "null": 11.97, "jac_same": 0.268, "jac_diff": 0.086, "seconds": 2.7}
{"world": "u_lognormal_d64", "rows": 72, "rank_eff": 3.05, "null": 23.86, "jac_same": 0.358, "jac_diff": 0.188, "seconds": 4.6}
{"world": "u_shell_d64", "rows": 72, "rank_eff": 14.46, "null": 23.87, "jac_same": 0.183, "jac_diff": 0.022, "seconds": 4.6}
{"world": "u_twoscale_d64", "rows": 72, "rank_eff": 4.07, "null": 23.86, "jac_same": 0.316, "jac_diff": 0.135, "seconds": 4.6}
{"world": "u_t25_d32", "rows": 72, "rank_eff": 2.4, "null": 23.87, "jac_same": 0.434, "jac_diff": 0.283, "seconds": 4.3}
{"world": "u_sub_m12_d256", "rows": 72, "rank_eff": 1.98, "null": 23.87, "jac_same": 0.4, "jac_diff": 0.235, "seconds": 6.1}
{"world": "u_fou_m6_d256", "rows": 72, "rank_eff": 2.82, "null": 23.87, "jac_same": 0.248, "jac_diff": 0.063, "seconds": 6.0}
{"world": "u_fou_m24_d128", "rows": 72, "rank_eff": 4.9, "null": 23.87, "jac_same": 0.286, "jac_diff": 0.108, "seconds": 5.0}
{"world": "u_tor_m10_d64_clean", "rows": 72, "rank_eff": 8.19, "null": 23.86, "jac_same": 0.211, "jac_diff": 0.041, "seconds": 4.7}
{"world": "u_cube_d512", "rows": 72, "rank_eff": 9.64, "null": 23.87, "jac_same": 0.214, "jac_diff": 0.051, "seconds": 8.6}
{"world": "u_g_a0_d512", "rows": 72, "rank_eff": 7.62, "null": 23.86, "jac_same": 0.239, "jac_diff": 0.073, "seconds": 8.4}
{"world": "u_t4_d256", "rows": 72, "rank_eff": 3.1, "null": 23.87, "jac_same": 0.441, "jac_diff": 0.205, "seconds": 6.0}
{"world": "u_laplace_d192", "rows": 72, "rank_eff": 4.62, "null": 23.87, "jac_same": 0.319, "jac_diff": 0.132, "seconds": 5.3}
{"world": "u_t25_d128", "rows": 72, "rank_eff": 2.9, "null": 23.86, "jac_same": 0.458, "jac_diff": 0.242, "seconds": 5.3}
{"world": "u_lognormal_d192", "rows": 72, "rank_eff": 4.52, "null": 23.88, "jac_same": 0.31, "jac_diff": 0.119, "seconds": 5.5}
{"world": "r_wiki1024", "rows": 82, "rank_eff": 5.79, "null": 23.88, "jac_same": 0.284, "jac_diff": 0.089, "seconds": 20.7}
{"world": "r_sift128", "rows": 72, "rank_eff": 4.19, "null": 23.85, "jac_same": 0.315, "jac_diff": 0.129, "seconds": 4.9}
{"world": "r_wiki1024_b", "rows": 72, "rank_eff": 5.85, "null": 23.88, "jac_same": 0.281, "jac_diff": 0.086, "seconds": 16.6}
{"world": "r_siftq128", "rows": 72, "rank_eff": 4.2, "null": 23.85, "jac_same": 0.314, "jac_diff": 0.137, "seconds": 5.0}
{"world": "s_g_a05_d64_N16000", "rows": 36, "rank_eff": 3.12, "null": 11.99, "jac_same": 0.358, "jac_diff": 0.186, "seconds": 32.8}
{"world": "s_t5_d64_N16000", "rows": 36, "rank_eff": 2.47, "null": 11.99, "jac_same": 0.451, "jac_diff": 0.264, "seconds": 32.3}
{"world": "s_fou_m8_d64_N16000", "rows": 36, "rank_eff": 2.76, "null": 11.99, "jac_same": 0.281, "jac_diff": 0.09, "seconds": 33.9}
{"world": "s_wiki1024_N12000", "rows": 36, "rank_eff": 5.19, "null": 11.99, "jac_same": 0.258, "jac_diff": 0.073, "seconds": 37.3}
{"world": "s_sift128_N16000", "rows": 36, "rank_eff": 3.75, "null": 11.99, "jac_same": 0.31, "jac_diff": 0.126, "seconds": 34.6}
{"world": "s_t3_d64_N16000", "rows": 36, "rank_eff": 2.61, "null": 11.99, "jac_same": 0.416, "jac_diff": 0.254, "seconds": 33.6}
{"world": "s_lap_d64_N12000", "rows": 36, "rank_eff": 2.72, "null": 11.99, "jac_same": 0.418, "jac_diff": 0.239, "seconds": 19.3}
== RUN_DONE rc=0
