== start Wed Sep  9 09:32:46 PM UTC 2026 HEAD 8abd455 role pilot seal 
{"world": "g_a0_d64", "rows": 72, "rank_eff": 3.71, "null": 23.88, "jac_same": 0.338, "jac_diff": 0.165, "seconds": 4.9}
{"world": "g_a0_d128", "rows": 72, "rank_eff": 4.97, "null": 23.82, "jac_same": 0.291, "jac_diff": 0.118, "seconds": 5.1}
{"world": "g_a05_d32", "rows": 72, "rank_eff": 2.68, "null": 23.85, "jac_same": 0.393, "jac_diff": 0.226, "seconds": 4.4}
{"world": "g_a05_d64", "rows": 82, "rank_eff": 3.56, "null": 23.86, "jac_same": 0.342, "jac_diff": 0.166, "seconds": 6.9}
{"world": "g_a1_d64", "rows": 72, "rank_eff": 3.43, "null": 23.85, "jac_same": 0.328, "jac_diff": 0.165, "seconds": 4.6}
{"world": "g_a1_d128", "rows": 72, "rank_eff": 3.96, "null": 23.86, "jac_same": 0.304, "jac_diff": 0.135, "seconds": 5.0}
{"world": "cube_d32", "rows": 72, "rank_eff": 3.47, "null": 23.85, "jac_same": 0.349, "jac_diff": 0.173, "seconds": 4.4}
{"world": "cube_d128", "rows": 72, "rank_eff": 6.52, "null": 23.87, "jac_same": 0.248, "jac_diff": 0.085, "seconds": 5.0}
{"world": "ball_d64", "rows": 72, "rank_eff": 10.2, "null": 23.86, "jac_same": 0.221, "jac_diff": 0.053, "seconds": 4.5}
{"world": "ball_d128", "rows": 72, "rank_eff": 14.01, "null": 23.88, "jac_same": 0.19, "jac_diff": 0.031, "seconds": 4.9}
{"world": "t5_d32", "rows": 72, "rank_eff": 2.2, "null": 23.85, "jac_same": 0.455, "jac_diff": 0.302, "seconds": 4.3}
{"world": "t5_d128", "rows": 72, "rank_eff": 2.82, "null": 23.87, "jac_same": 0.466, "jac_diff": 0.257, "seconds": 4.9}
{"world": "mix4_d64", "rows": 72, "rank_eff": 4.04, "null": 23.85, "jac_same": 0.308, "jac_diff": 0.139, "seconds": 4.7}
{"world": "sub_m4_d64", "rows": 72, "rank_eff": 2.99, "null": 23.84, "jac_same": 0.245, "jac_diff": 0.064, "seconds": 4.6}
{"world": "sub_m8_d64", "rows": 72, "rank_eff": 2.13, "null": 23.87, "jac_same": 0.276, "jac_diff": 0.106, "seconds": 4.6}
{"world": "sub_m16_d128", "rows": 72, "rank_eff": 2.09, "null": 23.87, "jac_same": 0.438, "jac_diff": 0.276, "seconds": 5.1}
{"world": "fou_m4_d64", "rows": 72, "rank_eff": 3.43, "null": 23.88, "jac_same": 0.232, "jac_diff": 0.058, "seconds": 4.5}
{"world": "fou_m8_d128", "rows": 72, "rank_eff": 3.22, "null": 23.87, "jac_same": 0.254, "jac_diff": 0.074, "seconds": 4.8}
{"world": "fou_m16_d64", "rows": 72, "rank_eff": 3.61, "null": 23.88, "jac_same": 0.337, "jac_diff": 0.162, "seconds": 4.7}
{"world": "tor_m4_d64", "rows": 72, "rank_eff": 4.29, "null": 23.85, "jac_same": 0.267, "jac_diff": 0.094, "seconds": 4.6}
{"world": "tor_m8_d128", "rows": 72, "rank_eff": 7.38, "null": 23.85, "jac_same": 0.23, "jac_diff": 0.049, "seconds": 4.9}
{"world": "tor_m16_d64", "rows": 72, "rank_eff": 12.28, "null": 23.85, "jac_same": 0.19, "jac_diff": 0.024, "seconds": 4.5}
{"world": "roll_d64", "rows": 72, "rank_eff": 3.43, "null": 23.86, "jac_same": 0.279, "jac_diff": 0.084, "seconds": 4.6}
{"world": "roll_d128", "rows": 72, "rank_eff": 3.79, "null": 23.88, "jac_same": 0.28, "jac_diff": 0.089, "seconds": 4.9}
{"world": "g_a05_d64_N2000", "rows": 72, "rank_eff": 3.64, "null": 23.7, "jac_same": 0.331, "jac_diff": 0.163, "seconds": 1.3}
{"world": "cube_d256", "rows": 72, "rank_eff": 8.19, "null": 23.85, "jac_same": 0.229, "jac_diff": 0.065, "seconds": 6.0}
{"world": "g_a0_d256", "rows": 72, "rank_eff": 6.47, "null": 23.87, "jac_same": 0.255, "jac_diff": 0.086, "seconds": 5.9}
{"world": "g_a1_d256", "rows": 72, "rank_eff": 4.58, "null": 23.86, "jac_same": 0.292, "jac_diff": 0.113, "seconds": 5.9}
{"world": "t3_d64", "rows": 72, "rank_eff": 2.56, "null": 23.83, "jac_same": 0.449, "jac_diff": 0.275, "seconds": 4.5}
{"world": "t3_d128", "rows": 72, "rank_eff": 2.89, "null": 23.86, "jac_same": 0.443, "jac_diff": 0.229, "seconds": 4.9}
{"world": "lap_d64", "rows": 72, "rank_eff": 2.99, "null": 23.89, "jac_same": 0.392, "jac_diff": 0.21, "seconds": 4.7}
{"world": "t4_d192", "rows": 72, "rank_eff": 2.96, "null": 23.87, "jac_same": 0.459, "jac_diff": 0.23, "seconds": 5.1}
{"world": "lap_d128", "rows": 72, "rank_eff": 4.1, "null": 23.86, "jac_same": 0.336, "jac_diff": 0.149, "seconds": 5.0}
{"world": "t3_d256", "rows": 72, "rank_eff": 3.06, "null": 23.88, "jac_same": 0.461, "jac_diff": 0.224, "seconds": 6.0}
{"world": "t5_d256", "rows": 72, "rank_eff": 3.13, "null": 23.86, "jac_same": 0.446, "jac_diff": 0.196, "seconds": 5.9}
{"world": "lap_d192", "rows": 72, "rank_eff": 4.71, "null": 23.86, "jac_same": 0.31, "jac_diff": 0.124, "seconds": 5.4}
{"world": "lap_d256", "rows": 72, "rank_eff": 5.26, "null": 23.86, "jac_same": 0.304, "jac_diff": 0.119, "seconds": 6.1}
{"world": "h_g_a025_d48", "rows": 36, "rank_eff": 2.71, "null": 11.97, "jac_same": 0.335, "jac_diff": 0.18, "seconds": 2.3}
{"world": "h_t3_d96", "rows": 36, "rank_eff": 2.3, "null": 11.97, "jac_same": 0.482, "jac_diff": 0.289, "seconds": 2.3}
{"world": "h_ball_d96", "rows": 36, "rank_eff": 8.08, "null": 11.97, "jac_same": 0.126, "jac_diff": 0.027, "seconds": 2.4}
{"world": "h_mix8_d48", "rows": 36, "rank_eff": 3.26, "null": 11.97, "jac_same": 0.309, "jac_diff": 0.131, "seconds": 2.2}
{"world": "h_sub_m6_d96", "rows": 36, "rank_eff": 2.01, "null": 11.97, "jac_same": 0.19, "jac_diff": 0.039, "seconds": 2.4}
{"world": "h_fou_m12_d96", "rows": 36, "rank_eff": 3.69, "null": 11.97, "jac_same": 0.32, "jac_diff": 0.12, "seconds": 2.3}
{"world": "h_tor_m6_d48", "rows": 36, "rank_eff": 5.08, "null": 11.97, "jac_same": 0.185, "jac_diff": 0.031, "seconds": 2.3}
{"world": "h_sub_m8_d64_noisy", "rows": 36, "rank_eff": 1.84, "null": 11.97, "jac_same": 0.217, "jac_diff": 0.103, "seconds": 2.2}
{"world": "h_g_a05_d192", "rows": 36, "rank_eff": 4.63, "null": 11.96, "jac_same": 0.266, "jac_diff": 0.085, "seconds": 2.7}
{"law": {"target": "log_excess", "features": ["inv_cv_knn", "log_d_eff", "sqrt_id_twonn"], "coef": [-1.1031826827055975, -0.025315490538022678, 0.16656642745723538, 0.4337968152191875], "transform": "identity", "train_rmse": 0.333785426447501, "heldout_rmse": 0.2719323125197795, "n_terms": 3}, "competitor": {"target": "log_excess", "features": ["N", "k", "sqrt_d_nom"], "coef": [0.6166043960408931, -0.0001454966343313953, 0.008896534372111846, 0.09148207213465112], "transform": "identity", "train_rmse": 1.1596143225466593, "heldout_rmse": 0.9120003227613541, "n_terms": 3}}
== PILOT_DONE rc=0
