== start Wed Sep  9 09:39:07 PM UTC 2026 HEAD a08d083 role run seal 47fcad553fbbe3e07bef607d108e3a06e913cc06
{"world": "g_a0_d64", "rows": 72, "rank_eff": 3.71, "null": 23.87, "jac_same": 0.345, "jac_diff": 0.163, "seconds": 5.0}
{"world": "g_a0_d128", "rows": 72, "rank_eff": 5.02, "null": 23.84, "jac_same": 0.292, "jac_diff": 0.115, "seconds": 5.0}
{"world": "g_a05_d32", "rows": 72, "rank_eff": 2.67, "null": 23.88, "jac_same": 0.404, "jac_diff": 0.23, "seconds": 4.3}
{"world": "g_a05_d64", "rows": 82, "rank_eff": 3.5, "null": 23.88, "jac_same": 0.344, "jac_diff": 0.174, "seconds": 6.9}
{"world": "g_a1_d64", "rows": 72, "rank_eff": 3.44, "null": 23.86, "jac_same": 0.329, "jac_diff": 0.159, "seconds": 4.5}
{"world": "g_a1_d128", "rows": 72, "rank_eff": 4.08, "null": 23.86, "jac_same": 0.311, "jac_diff": 0.136, "seconds": 5.0}
{"world": "cube_d32", "rows": 72, "rank_eff": 3.45, "null": 23.86, "jac_same": 0.337, "jac_diff": 0.167, "seconds": 4.4}
{"world": "cube_d128", "rows": 72, "rank_eff": 6.49, "null": 23.86, "jac_same": 0.256, "jac_diff": 0.085, "seconds": 4.9}
{"world": "ball_d64", "rows": 72, "rank_eff": 10.81, "null": 23.87, "jac_same": 0.214, "jac_diff": 0.052, "seconds": 4.5}
{"world": "ball_d128", "rows": 72, "rank_eff": 13.71, "null": 23.86, "jac_same": 0.193, "jac_diff": 0.034, "seconds": 4.9}
{"world": "t5_d32", "rows": 72, "rank_eff": 2.16, "null": 23.85, "jac_same": 0.459, "jac_diff": 0.295, "seconds": 4.5}
{"world": "t5_d128", "rows": 72, "rank_eff": 2.84, "null": 23.87, "jac_same": 0.46, "jac_diff": 0.238, "seconds": 5.1}
{"world": "mix4_d64", "rows": 72, "rank_eff": 4.11, "null": 23.86, "jac_same": 0.308, "jac_diff": 0.137, "seconds": 4.5}
{"world": "sub_m4_d64", "rows": 72, "rank_eff": 3.06, "null": 23.86, "jac_same": 0.239, "jac_diff": 0.062, "seconds": 4.6}
{"world": "sub_m8_d64", "rows": 72, "rank_eff": 2.07, "null": 23.85, "jac_same": 0.269, "jac_diff": 0.1, "seconds": 4.6}
{"world": "sub_m16_d128", "rows": 72, "rank_eff": 2.08, "null": 23.86, "jac_same": 0.432, "jac_diff": 0.278, "seconds": 4.9}
{"world": "fou_m4_d64", "rows": 72, "rank_eff": 3.15, "null": 23.86, "jac_same": 0.238, "jac_diff": 0.054, "seconds": 4.6}
{"world": "fou_m8_d128", "rows": 72, "rank_eff": 3.09, "null": 23.86, "jac_same": 0.255, "jac_diff": 0.087, "seconds": 5.0}
{"world": "fou_m16_d64", "rows": 72, "rank_eff": 3.67, "null": 23.88, "jac_same": 0.329, "jac_diff": 0.162, "seconds": 4.6}
{"world": "tor_m4_d64", "rows": 72, "rank_eff": 4.05, "null": 23.86, "jac_same": 0.29, "jac_diff": 0.101, "seconds": 4.6}
{"world": "tor_m8_d128", "rows": 72, "rank_eff": 7.59, "null": 23.86, "jac_same": 0.223, "jac_diff": 0.045, "seconds": 4.9}
{"world": "tor_m16_d64", "rows": 72, "rank_eff": 12.15, "null": 23.86, "jac_same": 0.193, "jac_diff": 0.026, "seconds": 4.5}
{"world": "roll_d64", "rows": 72, "rank_eff": 3.37, "null": 23.87, "jac_same": 0.284, "jac_diff": 0.102, "seconds": 4.5}
{"world": "roll_d128", "rows": 72, "rank_eff": 4.08, "null": 23.89, "jac_same": 0.279, "jac_diff": 0.092, "seconds": 4.9}
{"world": "g_a05_d64_N2000", "rows": 72, "rank_eff": 3.62, "null": 23.75, "jac_same": 0.346, "jac_diff": 0.169, "seconds": 1.3}
{"world": "cube_d256", "rows": 72, "rank_eff": 8.16, "null": 23.86, "jac_same": 0.227, "jac_diff": 0.065, "seconds": 5.8}
{"world": "g_a0_d256", "rows": 72, "rank_eff": 6.28, "null": 23.88, "jac_same": 0.257, "jac_diff": 0.089, "seconds": 6.0}
{"world": "g_a1_d256", "rows": 72, "rank_eff": 4.52, "null": 23.87, "jac_same": 0.296, "jac_diff": 0.127, "seconds": 5.8}
{"world": "t3_d64", "rows": 72, "rank_eff": 2.56, "null": 23.87, "jac_same": 0.45, "jac_diff": 0.277, "seconds": 4.5}
{"world": "t3_d128", "rows": 72, "rank_eff": 2.82, "null": 23.86, "jac_same": 0.461, "jac_diff": 0.262, "seconds": 5.0}
{"world": "lap_d64", "rows": 72, "rank_eff": 3.06, "null": 23.84, "jac_same": 0.399, "jac_diff": 0.213, "seconds": 4.6}
{"world": "t4_d192", "rows": 72, "rank_eff": 2.94, "null": 23.87, "jac_same": 0.464, "jac_diff": 0.232, "seconds": 5.4}
{"world": "lap_d128", "rows": 72, "rank_eff": 4.0, "null": 23.84, "jac_same": 0.335, "jac_diff": 0.159, "seconds": 5.1}
{"world": "t3_d256", "rows": 72, "rank_eff": 3.08, "null": 23.88, "jac_same": 0.424, "jac_diff": 0.186, "seconds": 5.8}
{"world": "t5_d256", "rows": 72, "rank_eff": 3.06, "null": 23.87, "jac_same": 0.456, "jac_diff": 0.222, "seconds": 5.7}
{"world": "lap_d192", "rows": 72, "rank_eff": 4.82, "null": 23.88, "jac_same": 0.318, "jac_diff": 0.137, "seconds": 5.5}
{"world": "lap_d256", "rows": 72, "rank_eff": 5.33, "null": 23.87, "jac_same": 0.292, "jac_diff": 0.108, "seconds": 5.9}
{"world": "h_g_a025_d48", "rows": 36, "rank_eff": 2.73, "null": 11.97, "jac_same": 0.358, "jac_diff": 0.192, "seconds": 2.3}
{"world": "h_t3_d96", "rows": 36, "rank_eff": 2.26, "null": 11.97, "jac_same": 0.505, "jac_diff": 0.286, "seconds": 2.3}
{"world": "h_ball_d96", "rows": 36, "rank_eff": 8.15, "null": 11.96, "jac_same": 0.111, "jac_diff": 0.034, "seconds": 2.4}
{"world": "h_mix8_d48", "rows": 36, "rank_eff": 3.24, "null": 11.97, "jac_same": 0.299, "jac_diff": 0.14, "seconds": 2.3}
{"world": "h_sub_m6_d96", "rows": 36, "rank_eff": 2.12, "null": 11.97, "jac_same": 0.201, "jac_diff": 0.034, "seconds": 2.3}
{"world": "h_fou_m12_d96", "rows": 36, "rank_eff": 3.57, "null": 11.96, "jac_same": 0.302, "jac_diff": 0.125, "seconds": 2.4}
{"world": "h_tor_m6_d48", "rows": 36, "rank_eff": 5.34, "null": 11.97, "jac_same": 0.192, "jac_diff": 0.035, "seconds": 2.3}
{"world": "h_sub_m8_d64_noisy", "rows": 36, "rank_eff": 1.84, "null": 11.97, "jac_same": 0.245, "jac_diff": 0.109, "seconds": 2.3}
{"world": "h_g_a05_d192", "rows": 36, "rank_eff": 4.52, "null": 11.97, "jac_same": 0.279, "jac_diff": 0.093, "seconds": 2.7}
{"world": "u_lognormal_d64", "rows": 72, "rank_eff": 3.02, "null": 23.85, "jac_same": 0.383, "jac_diff": 0.199, "seconds": 4.5}
{"world": "u_shell_d64", "rows": 72, "rank_eff": 14.56, "null": 23.86, "jac_same": 0.185, "jac_diff": 0.02, "seconds": 4.5}
{"world": "u_twoscale_d64", "rows": 72, "rank_eff": 4.07, "null": 23.85, "jac_same": 0.317, "jac_diff": 0.143, "seconds": 4.6}
{"world": "u_t25_d32", "rows": 72, "rank_eff": 2.38, "null": 23.83, "jac_same": 0.441, "jac_diff": 0.288, "seconds": 4.4}
{"world": "u_sub_m12_d256", "rows": 72, "rank_eff": 1.96, "null": 23.85, "jac_same": 0.404, "jac_diff": 0.259, "seconds": 5.9}
{"world": "u_fou_m6_d256", "rows": 72, "rank_eff": 2.95, "null": 23.86, "jac_same": 0.245, "jac_diff": 0.063, "seconds": 5.9}
{"world": "u_fou_m24_d128", "rows": 72, "rank_eff": 4.83, "null": 23.85, "jac_same": 0.295, "jac_diff": 0.121, "seconds": 5.0}
{"world": "u_tor_m10_d64_clean", "rows": 72, "rank_eff": 8.27, "null": 23.87, "jac_same": 0.21, "jac_diff": 0.046, "seconds": 4.5}
{"world": "u_cube_d512", "rows": 72, "rank_eff": 9.7, "null": 23.88, "jac_same": 0.212, "jac_diff": 0.05, "seconds": 8.3}
{"world": "u_g_a0_d512", "rows": 72, "rank_eff": 7.9, "null": 23.87, "jac_same": 0.239, "jac_diff": 0.069, "seconds": 8.5}
{"world": "u_t4_d256", "rows": 72, "rank_eff": 3.07, "null": 23.88, "jac_same": 0.458, "jac_diff": 0.22, "seconds": 6.1}
{"world": "u_laplace_d224", "rows": 72, "rank_eff": 5.02, "null": 23.87, "jac_same": 0.306, "jac_diff": 0.125, "seconds": 5.4}
{"world": "u_t25_d128", "rows": 72, "rank_eff": 2.87, "null": 23.84, "jac_same": 0.454, "jac_diff": 0.24, "seconds": 5.0}
{"world": "u_lognormal_d192", "rows": 72, "rank_eff": 4.41, "null": 23.89, "jac_same": 0.313, "jac_diff": 0.138, "seconds": 5.4}
{"world": "u_t6_d192", "rows": 72, "rank_eff": 3.01, "null": 23.87, "jac_same": 0.442, "jac_diff": 0.22, "seconds": 5.6}
{"world": "r_wiki1024", "rows": 82, "rank_eff": 6.18, "null": 23.88, "jac_same": 0.254, "jac_diff": 0.07, "seconds": 20.3}
{"world": "r_sift128", "rows": 72, "rank_eff": 3.77, "null": 23.86, "jac_same": 0.318, "jac_diff": 0.141, "seconds": 4.9}
{"world": "r_wiki1024_b", "rows": 72, "rank_eff": 5.88, "null": 23.85, "jac_same": 0.268, "jac_diff": 0.081, "seconds": 16.3}
{"world": "r_siftq128", "rows": 72, "rank_eff": 4.28, "null": 23.84, "jac_same": 0.307, "jac_diff": 0.126, "seconds": 5.0}
{"world": "s_g_a05_d64_N16000", "rows": 36, "rank_eff": 3.08, "null": 11.99, "jac_same": 0.367, "jac_diff": 0.187, "seconds": 32.3}
{"world": "s_t5_d64_N16000", "rows": 36, "rank_eff": 2.44, "null": 11.99, "jac_same": 0.447, "jac_diff": 0.272, "seconds": 33.4}
{"world": "s_fou_m8_d64_N16000", "rows": 36, "rank_eff": 3.13, "null": 11.99, "jac_same": 0.251, "jac_diff": 0.074, "seconds": 32.9}
{"world": "s_wiki1024_N12000", "rows": 36, "rank_eff": 5.09, "null": 11.99, "jac_same": 0.266, "jac_diff": 0.081, "seconds": 36.9}
{"world": "s_sift128_N16000", "rows": 36, "rank_eff": 3.74, "null": 11.99, "jac_same": 0.309, "jac_diff": 0.133, "seconds": 33.6}
{"world": "s_t3_d64_N16000", "rows": 36, "rank_eff": 2.58, "null": 11.99, "jac_same": 0.417, "jac_diff": 0.252, "seconds": 33.0}
{"world": "s_lap_d64_N12000", "rows": 36, "rank_eff": 2.71, "null": 11.99, "jac_same": 0.42, "jac_diff": 0.239, "seconds": 18.3}
{"world": "s_t4_d128_N12000", "rows": 36, "rank_eff": 2.79, "null": 11.99, "jac_same": 0.447, "jac_diff": 0.243, "seconds": 20.0}
== RUN_DONE rc=0
