== start Wed Sep  9 02:56:08 PM UTC 2026 HEAD b48dc2c role run seal cde83217d6901d92003d25192092eb61eebd6169
{"world": "lorenz63", "starts_done": 16, "seconds": 10.0}
{"world": "lorenz63", "starts_done": 32, "seconds": 19.8}
{"world": "lorenz63", "starts_done": 48, "seconds": 29.8}
{"world": "lorenz63", "starts_done": 64, "seconds": 39.6}
{"world": "lorenz63", "rows": 192, "seconds": 39.6}
{"world": "K_mu2", "starts_done": 16, "seconds": 12.0}
{"world": "K_mu2", "starts_done": 32, "seconds": 24.1}
{"world": "K_mu2", "starts_done": 48, "seconds": 36.1}
{"world": "K_mu2", "starts_done": 64, "seconds": 47.9}
{"world": "K_mu2", "rows": 64, "seconds": 47.9}
{"world": "K_mu05", "starts_done": 16, "seconds": 12.1}
{"world": "K_mu05", "starts_done": 32, "seconds": 24.2}
{"world": "K_mu05", "starts_done": 48, "seconds": 36.1}
{"world": "K_mu05", "starts_done": 64, "seconds": 48.1}
{"world": "K_mu05", "rows": 64, "seconds": 48.1}
{"world": "lorenz96", "starts_done": 16, "seconds": 35.6}
{"world": "lorenz96", "starts_done": 32, "seconds": 73.7}
{"world": "lorenz96", "rows": 64, "seconds": 73.7}
== RUN_DONE rc=0
