== start Thu Sep 10 06:30:48 AM UTC 2026 HEAD 9c8207a role run seal 
{"world": "r_ic21_N256_nu0", "N": 256, "nu": 0.0, "t_star": 0.561, "samples": 27, "classical_alarm": 0.38000000000000006, "obs_alarms": {"2": null, "4": null, "8": null, "16": null, "32": null, "64": null}, "seconds": 2.3}
{"world": "r_ic21_N256_nu0.005", "N": 256, "nu": 0.005, "t_star": 0.561, "samples": 27, "classical_alarm": 0.4000000000000001, "obs_alarms": {"2": null, "4": null, "8": null, "16": null, "32": null, "64": null}, "seconds": 2.3}
{"world": "r_ic21_N256_nu0.02", "N": 256, "nu": 0.02, "t_star": 0.561, "samples": 27, "classical_alarm": 0.46000000000000013, "obs_alarms": {"2": null, "4": null, "8": null, "16": null, "32": null, "64": null}, "seconds": 2.3}
{"world": "r_ic21_N512_nu0", "N": 512, "nu": 0.0, "t_star": 0.561, "samples": 27, "classical_alarm": 0.38000000000000006, "obs_alarms": {"2": null, "4": null, "8": null, "16": null, "32": null, "64": null}, "seconds": 5.7}
{"world": "r_ic21_N512_nu0.005", "N": 512, "nu": 0.005, "t_star": 0.561, "samples": 27, "classical_alarm": 0.4000000000000001, "obs_alarms": {"2": null, "4": null, "8": null, "16": null, "32": null, "64": null}, "seconds": 5.7}
{"world": "r_ic21_N512_nu0.02", "N": 512, "nu": 0.02, "t_star": 0.561, "samples": 27, "classical_alarm": 0.46000000000000013, "obs_alarms": {"2": null, "4": null, "8": null, "16": null, "32": null, "64": null}, "seconds": 5.8}
{"world": "r_ic22_N256_nu0", "N": 256, "nu": 0.0, "t_star": 0.4997, "samples": 24, "classical_alarm": 0.36000000000000004, "obs_alarms": {"2": null, "4": null, "8": null, "16": null, "32": null, "64": null}, "seconds": 2.1}
{"world": "r_ic22_N256_nu0.005", "N": 256, "nu": 0.005, "t_star": 0.4997, "samples": 24, "classical_alarm": 0.4000000000000001, "obs_alarms": {"2": null, "4": null, "8": null, "16": null, "32": null, "64": null}, "seconds": 2.1}
{"world": "r_ic22_N256_nu0.02", "N": 256, "nu": 0.02, "t_star": 0.4997, "samples": 24, "classical_alarm": null, "obs_alarms": {"2": null, "4": null, "8": null, "16": null, "32": null, "64": null}, "seconds": 2.1}
{"world": "r_ic22_N512_nu0", "N": 512, "nu": 0.0, "t_star": 0.4997, "samples": 24, "classical_alarm": 0.36000000000000004, "obs_alarms": {"2": null, "4": null, "8": null, "16": null, "32": null, "64": null}, "seconds": 5.2}
{"world": "r_ic22_N512_nu0.005", "N": 512, "nu": 0.005, "t_star": 0.4997, "samples": 24, "classical_alarm": 0.4000000000000001, "obs_alarms": {"2": null, "4": null, "8": null, "16": null, "32": null, "64": null}, "seconds": 5.1}
{"world": "r_ic22_N512_nu0.02", "N": 512, "nu": 0.02, "t_star": 0.4997, "samples": 24, "classical_alarm": null, "obs_alarms": {"2": null, "4": null, "8": null, "16": null, "32": null, "64": null}, "seconds": 5.0}
{"world": "r_ic23_N256_nu0", "N": 256, "nu": 0.0, "t_star": 0.6319, "samples": 31, "classical_alarm": 0.48000000000000015, "obs_alarms": {"2": null, "4": null, "8": null, "16": null, "32": null, "64": null}, "seconds": 2.6}
{"world": "r_ic23_N256_nu0.005", "N": 256, "nu": 0.005, "t_star": 0.6319, "samples": 31, "classical_alarm": 0.5000000000000001, "obs_alarms": {"2": null, "4": null, "8": null, "16": null, "32": null, "64": null}, "seconds": 2.6}
{"world": "r_ic23_N256_nu0.02", "N": 256, "nu": 0.02, "t_star": 0.6319, "samples": 31, "classical_alarm": null, "obs_alarms": {"2": null, "4": null, "8": null, "16": null, "32": null, "64": null}, "seconds": 2.6}
{"world": "r_ic23_N512_nu0", "N": 512, "nu": 0.0, "t_star": 0.6319, "samples": 31, "classical_alarm": 0.48000000000000015, "obs_alarms": {"2": null, "4": null, "8": null, "16": null, "32": null, "64": null}, "seconds": 6.5}
{"world": "r_ic23_N512_nu0.005", "N": 512, "nu": 0.005, "t_star": 0.6319, "samples": 31, "classical_alarm": 0.5000000000000001, "obs_alarms": {"2": null, "4": null, "8": null, "16": null, "32": null, "64": null}, "seconds": 6.5}
{"world": "r_ic23_N512_nu0.02", "N": 512, "nu": 0.02, "t_star": 0.6319, "samples": 31, "classical_alarm": null, "obs_alarms": {"2": null, "4": null, "8": null, "16": null, "32": null, "64": null}, "seconds": 6.5}
{"world": "r_ic24_N256_nu0", "N": 256, "nu": 0.0, "t_star": 0.8795, "samples": 42, "classical_alarm": 0.6600000000000003, "obs_alarms": {"2": null, "4": null, "8": null, "16": null, "32": null, "64": null}, "seconds": 3.5}
{"world": "r_ic24_N256_nu0.005", "N": 256, "nu": 0.005, "t_star": 0.8795, "samples": 42, "classical_alarm": 0.6800000000000003, "obs_alarms": {"2": null, "4": null, "8": null, "16": null, "32": null, "64": null}, "seconds": 3.6}
{"world": "r_ic24_N256_nu0.02", "N": 256, "nu": 0.02, "t_star": 0.8795, "samples": 42, "classical_alarm": 0.7600000000000003, "obs_alarms": {"2": null, "4": null, "8": null, "16": null, "32": null, "64": null}, "seconds": 3.5}
{"world": "r_ic24_N512_nu0", "N": 512, "nu": 0.0, "t_star": 0.8795, "samples": 42, "classical_alarm": 0.6600000000000003, "obs_alarms": {"2": 0.7800000000000004, "4": 0.8200000000000004, "8": null, "16": null, "32": null, "64": null}, "seconds": 8.8}
{"world": "r_ic24_N512_nu0.005", "N": 512, "nu": 0.005, "t_star": 0.8795, "samples": 42, "classical_alarm": 0.6800000000000003, "obs_alarms": {"2": null, "4": null, "8": null, "16": null, "32": null, "64": null}, "seconds": 8.8}
{"world": "r_ic24_N512_nu0.02", "N": 512, "nu": 0.02, "t_star": 0.8795, "samples": 42, "classical_alarm": 0.7600000000000003, "obs_alarms": {"2": null, "4": null, "8": null, "16": null, "32": null, "64": null}, "seconds": 8.8}
{"world": "c_ns2d_64_ic51", "N": 64, "nu": 0.001, "samples": 81, "max_grad_ratio": 1.0, "obs_alarms": {"2": 0.8000000000000002, "4": null, "8": null, "16": null}, "seconds": 148.2}
{"world": "c_ns2d_64_ic52", "N": 64, "nu": 0.001, "samples": 81, "max_grad_ratio": 1.005, "obs_alarms": {"2": 0.8000000000000002, "4": null, "8": null, "16": null}, "seconds": 148.9}
== RUN_DONE rc=0
